PASS wk 1280x800@100 light (1280x800): раскладка — тулбар партии + инспектор (не колонка телефона) {"deskPlay":true,"tbDesk":true,"insp":true,"gap":false}
PASS wk 1280x800@100 light (1280x800): нет горизонтальной прокрутки {"scrollW":1280,"vw":1280}
PASS wk 1280x800@100 light (1280x800): тулбар 52 px над полем, слева от инспектора {"tb":[248,0,772,52]}
PASS wk 1280x800@100 light (1280x800): кнопка сайдбара — в тулбаре, перед заголовком, без наложения; одна на экране {"toggle":[256,8,36,36],"titleLeft":302}
PASS wk 1280x800@100 light (1280x800): поле 81 клетка, квадратное, min(720, окно − 124, область − 96) = 676 {"board":[296,72,676,676],"want":676}
PASS wk 1280x800@100 light (1280x800): поле по центру области контента, не под сайдбаром и не под инспектором {"center":634,"want":634}
PASS wk 1280x800@100 light (1280x800): инспектор справа во всю высоту, ширина clamp(260, 20vw, 320), без прокрутки {"insp":[1020,0,260,800],"want":260,"scrolls":false}
PASS wk 1280x800@100 light (1280x800): панель 3 × 3 (9 клавиш, ≥ 44 px), в инспекторе {"keys":9,"cols":3,"rows":3,"h":64}
PASS wk 1280x800@100 light (1280x800): действия с чипами клавиш N / ⌘Z|Ctrl+Z / ⌫ и aria-keyshortcuts {"acts":[{"label":"Notes","kbd":"N","ks":"N"},{"label":"Undo","kbd":"⌘Z","ks":"Meta+Z Control+Z"},{"label":"Erase","kbd":"⌫","ks":"Backspace Delete"}]}
PASS wk 1280x800@100 light (1280x800): время и остаток в инспекторе {"meta":["0:00","51 cells"]}
PASS wk 1280x800@100 light (1280x800): шпаргалка клавиш — только от высоты 800 (800) {"legend":true}
PASS wk 1280x800@100 light (1280x800): контраст текстов тулбара и инспектора ≥ 4.5:1 {"n":46,"min":4.83,"low":[]}
PASS wk 1280x800@100 light (1280x800): без ошибок JS {"errs":[]}
PASS wk 1280x800@100 dark (1280x800): раскладка — тулбар партии + инспектор (не колонка телефона) {"deskPlay":true,"tbDesk":true,"insp":true,"gap":false}
PASS wk 1280x800@100 dark (1280x800): нет горизонтальной прокрутки {"scrollW":1280,"vw":1280}
PASS wk 1280x800@100 dark (1280x800): тулбар 52 px над полем, слева от инспектора {"tb":[248,0,772,52]}
PASS wk 1280x800@100 dark (1280x800): кнопка сайдбара — в тулбаре, перед заголовком, без наложения; одна на экране {"toggle":[256,8,36,36],"titleLeft":302}
PASS wk 1280x800@100 dark (1280x800): поле 81 клетка, квадратное, min(720, окно − 124, область − 96) = 676 {"board":[296,72,676,676],"want":676}
PASS wk 1280x800@100 dark (1280x800): поле по центру области контента, не под сайдбаром и не под инспектором {"center":634,"want":634}
PASS wk 1280x800@100 dark (1280x800): инспектор справа во всю высоту, ширина clamp(260, 20vw, 320), без прокрутки {"insp":[1020,0,260,800],"want":260,"scrolls":false}
PASS wk 1280x800@100 dark (1280x800): панель 3 × 3 (9 клавиш, ≥ 44 px), в инспекторе {"keys":9,"cols":3,"rows":3,"h":64}
PASS wk 1280x800@100 dark (1280x800): действия с чипами клавиш N / ⌘Z|Ctrl+Z / ⌫ и aria-keyshortcuts {"acts":[{"label":"Notes","kbd":"N","ks":"N"},{"label":"Undo","kbd":"⌘Z","ks":"Meta+Z Control+Z"},{"label":"Erase","kbd":"⌫","ks":"Backspace Delete"}]}
PASS wk 1280x800@100 dark (1280x800): время и остаток в инспекторе {"meta":["0:00","51 cells"]}
PASS wk 1280x800@100 dark (1280x800): шпаргалка клавиш — только от высоты 800 (800) {"legend":true}
PASS wk 1280x800@100 dark (1280x800): контраст текстов тулбара и инспектора ≥ 4.5:1 {"n":46,"min":5.93,"low":[]}
PASS wk 1280x800@100 dark (1280x800): без ошибок JS {"errs":[]}
PASS wk 1280x800@125 light (1024x640): компакт C — .shell.desk.compact, без сайдбара и таб-бара, кнопка «Show sidebar» в тулбаре {"shell":"shell desk compact side-off","side":false,"tabbar":false,"label":"Show sidebar"}
PASS wk 1280x800@125 light (1024x640): раскладка — тулбар партии + инспектор (не колонка телефона) {"deskPlay":true,"tbDesk":true,"insp":true,"gap":false}
PASS wk 1280x800@125 light (1024x640): нет горизонтальной прокрутки {"scrollW":1024,"vw":1024}
PASS wk 1280x800@125 light (1024x640): тулбар 52 px над полем, слева от инспектора {"tb":[0,0,764,52]}
PASS wk 1280x800@125 light (1024x640): кнопка сайдбара — в тулбаре, перед заголовком, без наложения; одна на экране {"toggle":[8,8,36,36],"titleLeft":54}
PASS wk 1280x800@125 light (1024x640): поле 81 клетка, квадратное, min(720, окно − 124, область − 96) = 516 {"board":[124,72,516,516],"want":516}
PASS wk 1280x800@125 light (1024x640): поле по центру области контента, не под сайдбаром и не под инспектором {"center":382,"want":382}
PASS wk 1280x800@125 light (1024x640): инспектор справа во всю высоту, ширина clamp(260, 20vw, 320), без прокрутки {"insp":[764,0,260,640],"want":260,"scrolls":false}
PASS wk 1280x800@125 light (1024x640): панель 3 × 3 (9 клавиш, ≥ 44 px), в инспекторе {"keys":9,"cols":3,"rows":3,"h":52}
PASS wk 1280x800@125 light (1024x640): действия с чипами клавиш N / ⌘Z|Ctrl+Z / ⌫ и aria-keyshortcuts {"acts":[{"label":"Notes","kbd":"N","ks":"N"},{"label":"Undo","kbd":"⌘Z","ks":"Meta+Z Control+Z"},{"label":"Erase","kbd":"⌫","ks":"Backspace Delete"}]}
PASS wk 1280x800@125 light (1024x640): время и остаток в инспекторе {"meta":["0:00","51 cells"]}
PASS wk 1280x800@125 light (1024x640): шпаргалка клавиш — только от высоты 800 (640) {"legend":false}
PASS wk 1280x800@125 light (1024x640): контраст текстов тулбара и инспектора ≥ 4.5:1 {"n":29,"min":4.83,"low":[]}
PASS wk 1280x800@125 light (1024x640): без ошибок JS {"errs":[]}
PASS wk 1280x800@150 light (853x533): компакт C — .shell.desk.compact, без сайдбара и таб-бара, кнопка «Show sidebar» в тулбаре {"shell":"shell desk compact side-off","side":false,"tabbar":false,"label":"Show sidebar"}
PASS wk 1280x800@150 light (853x533): раскладка — тулбар партии + инспектор (не колонка телефона) {"deskPlay":true,"tbDesk":true,"insp":true,"gap":false}
PASS wk 1280x800@150 light (853x533): нет горизонтальной прокрутки {"scrollW":853,"vw":853}
PASS wk 1280x800@150 light (853x533): тулбар 52 px над полем, слева от инспектора {"tb":[0,0,593,52]}
PASS wk 1280x800@150 light (853x533): кнопка сайдбара — в тулбаре, перед заголовком, без наложения; одна на экране {"toggle":[8,8,36,36],"titleLeft":54}
PASS wk 1280x800@150 light (853x533): поле 81 клетка, квадратное, min(720, окно − 124, область − 96) = 409 {"board":[92,72,409,409],"want":409}
PASS wk 1280x800@150 light (853x533): поле по центру области контента, не под сайдбаром и не под инспектором {"center":297,"want":297}
PASS wk 1280x800@150 light (853x533): инспектор справа во всю высоту, ширина clamp(260, 20vw, 320), без прокрутки {"insp":[593,0,260,533],"want":260,"scrolls":false}
PASS wk 1280x800@150 light (853x533): панель 3 × 3 (9 клавиш, ≥ 44 px), в инспекторе {"keys":9,"cols":3,"rows":3,"h":52}
PASS wk 1280x800@150 light (853x533): действия с чипами клавиш N / ⌘Z|Ctrl+Z / ⌫ и aria-keyshortcuts {"acts":[{"label":"Notes","kbd":"N","ks":"N"},{"label":"Undo","kbd":"⌘Z","ks":"Meta+Z Control+Z"},{"label":"Erase","kbd":"⌫","ks":"Backspace Delete"}]}
PASS wk 1280x800@150 light (853x533): время и остаток в инспекторе {"meta":["0:00","51 cells"]}
PASS wk 1280x800@150 light (853x533): шпаргалка клавиш — только от высоты 800 (533) {"legend":false}
PASS wk 1280x800@150 light (853x533): контраст текстов тулбара и инспектора ≥ 4.5:1 {"n":29,"min":4.83,"low":[]}
PASS wk 1280x800@150 light (853x533): без ошибок JS {"errs":[]}
PASS wk 1440x900@100 light (1440x900): раскладка — тулбар партии + инспектор (не колонка телефона) {"deskPlay":true,"tbDesk":true,"insp":true,"gap":false}
PASS wk 1440x900@100 light (1440x900): нет горизонтальной прокрутки {"scrollW":1440,"vw":1440}
PASS wk 1440x900@100 light (1440x900): тулбар 52 px над полем, слева от инспектора {"tb":[248,0,904,52]}
PASS wk 1440x900@100 light (1440x900): кнопка сайдбара — в тулбаре, перед заголовком, без наложения; одна на экране {"toggle":[256,8,36,36],"titleLeft":302}
PASS wk 1440x900@100 light (1440x900): поле 81 клетка, квадратное, min(720, окно − 124, область − 96) = 720 {"board":[340,72,720,720],"want":720}
PASS wk 1440x900@100 light (1440x900): поле по центру области контента, не под сайдбаром и не под инспектором {"center":700,"want":700}
PASS wk 1440x900@100 light (1440x900): инспектор справа во всю высоту, ширина clamp(260, 20vw, 320), без прокрутки {"insp":[1152,0,288,900],"want":288,"scrolls":false}
PASS wk 1440x900@100 light (1440x900): панель 3 × 3 (9 клавиш, ≥ 44 px), в инспекторе {"keys":9,"cols":3,"rows":3,"h":64}
PASS wk 1440x900@100 light (1440x900): действия с чипами клавиш N / ⌘Z|Ctrl+Z / ⌫ и aria-keyshortcuts {"acts":[{"label":"Notes","kbd":"N","ks":"N"},{"label":"Undo","kbd":"⌘Z","ks":"Meta+Z Control+Z"},{"label":"Erase","kbd":"⌫","ks":"Backspace Delete"}]}
PASS wk 1440x900@100 light (1440x900): время и остаток в инспекторе {"meta":["0:00","51 cells"]}
PASS wk 1440x900@100 light (1440x900): шпаргалка клавиш — только от высоты 800 (900) {"legend":true}
PASS wk 1440x900@100 light (1440x900): контраст текстов тулбара и инспектора ≥ 4.5:1 {"n":46,"min":4.83,"low":[]}
PASS wk 1440x900@100 light (1440x900): без ошибок JS {"errs":[]}
PASS wk 1440x900@100 dark (1440x900): раскладка — тулбар партии + инспектор (не колонка телефона) {"deskPlay":true,"tbDesk":true,"insp":true,"gap":false}
PASS wk 1440x900@100 dark (1440x900): нет горизонтальной прокрутки {"scrollW":1440,"vw":1440}
PASS wk 1440x900@100 dark (1440x900): тулбар 52 px над полем, слева от инспектора {"tb":[248,0,904,52]}
PASS wk 1440x900@100 dark (1440x900): кнопка сайдбара — в тулбаре, перед заголовком, без наложения; одна на экране {"toggle":[256,8,36,36],"titleLeft":302}
PASS wk 1440x900@100 dark (1440x900): поле 81 клетка, квадратное, min(720, окно − 124, область − 96) = 720 {"board":[340,72,720,720],"want":720}
PASS wk 1440x900@100 dark (1440x900): поле по центру области контента, не под сайдбаром и не под инспектором {"center":700,"want":700}
PASS wk 1440x900@100 dark (1440x900): инспектор справа во всю высоту, ширина clamp(260, 20vw, 320), без прокрутки {"insp":[1152,0,288,900],"want":288,"scrolls":false}
PASS wk 1440x900@100 dark (1440x900): панель 3 × 3 (9 клавиш, ≥ 44 px), в инспекторе {"keys":9,"cols":3,"rows":3,"h":64}
PASS wk 1440x900@100 dark (1440x900): действия с чипами клавиш N / ⌘Z|Ctrl+Z / ⌫ и aria-keyshortcuts {"acts":[{"label":"Notes","kbd":"N","ks":"N"},{"label":"Undo","kbd":"⌘Z","ks":"Meta+Z Control+Z"},{"label":"Erase","kbd":"⌫","ks":"Backspace Delete"}]}
PASS wk 1440x900@100 dark (1440x900): время и остаток в инспекторе {"meta":["0:00","51 cells"]}
PASS wk 1440x900@100 dark (1440x900): шпаргалка клавиш — только от высоты 800 (900) {"legend":true}
PASS wk 1440x900@100 dark (1440x900): контраст текстов тулбара и инспектора ≥ 4.5:1 {"n":46,"min":5.93,"low":[]}
PASS wk 1440x900@100 dark (1440x900): без ошибок JS {"errs":[]}
PASS wk 1440x900@125 light (1152x720): раскладка — тулбар партии + инспектор (не колонка телефона) {"deskPlay":true,"tbDesk":true,"insp":true,"gap":false}
PASS wk 1440x900@125 light (1152x720): нет горизонтальной прокрутки {"scrollW":1152,"vw":1152}
PASS wk 1440x900@125 light (1152x720): тулбар 52 px над полем, слева от инспектора {"tb":[248,0,644,52]}
PASS wk 1440x900@125 light (1152x720): кнопка сайдбара — в тулбаре, перед заголовком, без наложения; одна на экране {"toggle":[256,8,36,36],"titleLeft":302}
PASS wk 1440x900@125 light (1152x720): поле 81 клетка, квадратное, min(720, окно − 124, область − 96) = 548 {"board":[296,72,548,548],"want":548}
PASS wk 1440x900@125 light (1152x720): поле по центру области контента, не под сайдбаром и не под инспектором {"center":570,"want":570}
PASS wk 1440x900@125 light (1152x720): инспектор справа во всю высоту, ширина clamp(260, 20vw, 320), без прокрутки {"insp":[892,0,260,720],"want":260,"scrolls":false}
PASS wk 1440x900@125 light (1152x720): панель 3 × 3 (9 клавиш, ≥ 44 px), в инспекторе {"keys":9,"cols":3,"rows":3,"h":64}
PASS wk 1440x900@125 light (1152x720): действия с чипами клавиш N / ⌘Z|Ctrl+Z / ⌫ и aria-keyshortcuts {"acts":[{"label":"Notes","kbd":"N","ks":"N"},{"label":"Undo","kbd":"⌘Z","ks":"Meta+Z Control+Z"},{"label":"Erase","kbd":"⌫","ks":"Backspace Delete"}]}
PASS wk 1440x900@125 light (1152x720): время и остаток в инспекторе {"meta":["0:00","51 cells"]}
PASS wk 1440x900@125 light (1152x720): шпаргалка клавиш — только от высоты 800 (720) {"legend":false}
PASS wk 1440x900@125 light (1152x720): контраст текстов тулбара и инспектора ≥ 4.5:1 {"n":29,"min":4.83,"low":[]}
PASS wk 1440x900@125 light (1152x720): без ошибок JS {"errs":[]}
PASS wk 1440x900@150 light (960x600): компакт C — .shell.desk.compact, без сайдбара и таб-бара, кнопка «Show sidebar» в тулбаре {"shell":"shell desk compact side-off","side":false,"tabbar":false,"label":"Show sidebar"}
PASS wk 1440x900@150 light (960x600): раскладка — тулбар партии + инспектор (не колонка телефона) {"deskPlay":true,"tbDesk":true,"insp":true,"gap":false}
PASS wk 1440x900@150 light (960x600): нет горизонтальной прокрутки {"scrollW":960,"vw":960}
PASS wk 1440x900@150 light (960x600): тулбар 52 px над полем, слева от инспектора {"tb":[0,0,700,52]}
PASS wk 1440x900@150 light (960x600): кнопка сайдбара — в тулбаре, перед заголовком, без наложения; одна на экране {"toggle":[8,8,36,36],"titleLeft":54}
PASS wk 1440x900@150 light (960x600): поле 81 клетка, квадратное, min(720, окно − 124, область − 96) = 476 {"board":[112,72,476,476],"want":476}
PASS wk 1440x900@150 light (960x600): поле по центру области контента, не под сайдбаром и не под инспектором {"center":350,"want":350}
PASS wk 1440x900@150 light (960x600): инспектор справа во всю высоту, ширина clamp(260, 20vw, 320), без прокрутки {"insp":[700,0,260,600],"want":260,"scrolls":false}
PASS wk 1440x900@150 light (960x600): панель 3 × 3 (9 клавиш, ≥ 44 px), в инспекторе {"keys":9,"cols":3,"rows":3,"h":52}
PASS wk 1440x900@150 light (960x600): действия с чипами клавиш N / ⌘Z|Ctrl+Z / ⌫ и aria-keyshortcuts {"acts":[{"label":"Notes","kbd":"N","ks":"N"},{"label":"Undo","kbd":"⌘Z","ks":"Meta+Z Control+Z"},{"label":"Erase","kbd":"⌫","ks":"Backspace Delete"}]}
PASS wk 1440x900@150 light (960x600): время и остаток в инспекторе {"meta":["0:00","51 cells"]}
PASS wk 1440x900@150 light (960x600): шпаргалка клавиш — только от высоты 800 (600) {"legend":false}
PASS wk 1440x900@150 light (960x600): контраст текстов тулбара и инспектора ≥ 4.5:1 {"n":29,"min":4.83,"low":[]}
PASS wk 1440x900@150 light (960x600): без ошибок JS {"errs":[]}
PASS wk 1920x1080@100 light (1920x1080): раскладка — тулбар партии + инспектор (не колонка телефона) {"deskPlay":true,"tbDesk":true,"insp":true,"gap":false}
PASS wk 1920x1080@100 light (1920x1080): нет горизонтальной прокрутки {"scrollW":1920,"vw":1920}
PASS wk 1920x1080@100 light (1920x1080): тулбар 52 px над полем, слева от инспектора {"tb":[248,0,1352,52]}
PASS wk 1920x1080@100 light (1920x1080): кнопка сайдбара — в тулбаре, перед заголовком, без наложения; одна на экране {"toggle":[256,8,36,36],"titleLeft":302}
PASS wk 1920x1080@100 light (1920x1080): поле 81 клетка, квадратное, min(720, окно − 124, область − 96) = 720 {"board":[564,72,720,720],"want":720}
PASS wk 1920x1080@100 light (1920x1080): поле по центру области контента, не под сайдбаром и не под инспектором {"center":924,"want":924}
PASS wk 1920x1080@100 light (1920x1080): инспектор справа во всю высоту, ширина clamp(260, 20vw, 320), без прокрутки {"insp":[1600,0,320,1080],"want":320,"scrolls":false}
PASS wk 1920x1080@100 light (1920x1080): панель 3 × 3 (9 клавиш, ≥ 44 px), в инспекторе {"keys":9,"cols":3,"rows":3,"h":64}
PASS wk 1920x1080@100 light (1920x1080): действия с чипами клавиш N / ⌘Z|Ctrl+Z / ⌫ и aria-keyshortcuts {"acts":[{"label":"Notes","kbd":"N","ks":"N"},{"label":"Undo","kbd":"⌘Z","ks":"Meta+Z Control+Z"},{"label":"Erase","kbd":"⌫","ks":"Backspace Delete"}]}
PASS wk 1920x1080@100 light (1920x1080): время и остаток в инспекторе {"meta":["0:00","51 cells"]}
PASS wk 1920x1080@100 light (1920x1080): шпаргалка клавиш — только от высоты 800 (1080) {"legend":true}
PASS wk 1920x1080@100 light (1920x1080): контраст текстов тулбара и инспектора ≥ 4.5:1 {"n":46,"min":4.83,"low":[]}
PASS wk 1920x1080@100 light (1920x1080): без ошибок JS {"errs":[]}
PASS wk 1920x1080@100 dark (1920x1080): раскладка — тулбар партии + инспектор (не колонка телефона) {"deskPlay":true,"tbDesk":true,"insp":true,"gap":false}
PASS wk 1920x1080@100 dark (1920x1080): нет горизонтальной прокрутки {"scrollW":1920,"vw":1920}
PASS wk 1920x1080@100 dark (1920x1080): тулбар 52 px над полем, слева от инспектора {"tb":[248,0,1352,52]}
PASS wk 1920x1080@100 dark (1920x1080): кнопка сайдбара — в тулбаре, перед заголовком, без наложения; одна на экране {"toggle":[256,8,36,36],"titleLeft":302}
PASS wk 1920x1080@100 dark (1920x1080): поле 81 клетка, квадратное, min(720, окно − 124, область − 96) = 720 {"board":[564,72,720,720],"want":720}
PASS wk 1920x1080@100 dark (1920x1080): поле по центру области контента, не под сайдбаром и не под инспектором {"center":924,"want":924}
PASS wk 1920x1080@100 dark (1920x1080): инспектор справа во всю высоту, ширина clamp(260, 20vw, 320), без прокрутки {"insp":[1600,0,320,1080],"want":320,"scrolls":false}
PASS wk 1920x1080@100 dark (1920x1080): панель 3 × 3 (9 клавиш, ≥ 44 px), в инспекторе {"keys":9,"cols":3,"rows":3,"h":64}
PASS wk 1920x1080@100 dark (1920x1080): действия с чипами клавиш N / ⌘Z|Ctrl+Z / ⌫ и aria-keyshortcuts {"acts":[{"label":"Notes","kbd":"N","ks":"N"},{"label":"Undo","kbd":"⌘Z","ks":"Meta+Z Control+Z"},{"label":"Erase","kbd":"⌫","ks":"Backspace Delete"}]}
PASS wk 1920x1080@100 dark (1920x1080): время и остаток в инспекторе {"meta":["0:00","51 cells"]}
PASS wk 1920x1080@100 dark (1920x1080): шпаргалка клавиш — только от высоты 800 (1080) {"legend":true}
PASS wk 1920x1080@100 dark (1920x1080): контраст текстов тулбара и инспектора ≥ 4.5:1 {"n":46,"min":5.93,"low":[]}
PASS wk 1920x1080@100 dark (1920x1080): без ошибок JS {"errs":[]}
PASS wk 1920x1080@125 light (1536x864): раскладка — тулбар партии + инспектор (не колонка телефона) {"deskPlay":true,"tbDesk":true,"insp":true,"gap":false}
PASS wk 1920x1080@125 light (1536x864): нет горизонтальной прокрутки {"scrollW":1536,"vw":1536}
PASS wk 1920x1080@125 light (1536x864): тулбар 52 px над полем, слева от инспектора {"tb":[248,0,981,52]}
PASS wk 1920x1080@125 light (1536x864): кнопка сайдбара — в тулбаре, перед заголовком, без наложения; одна на экране {"toggle":[256,8,36,36],"titleLeft":302}
PASS wk 1920x1080@125 light (1536x864): поле 81 клетка, квадратное, min(720, окно − 124, область − 96) = 720 {"board":[378,72,720,720],"want":720}
PASS wk 1920x1080@125 light (1536x864): поле по центру области контента, не под сайдбаром и не под инспектором {"center":738,"want":738}
PASS wk 1920x1080@125 light (1536x864): инспектор справа во всю высоту, ширина clamp(260, 20vw, 320), без прокрутки {"insp":[1229,0,307,864],"want":307,"scrolls":false}
PASS wk 1920x1080@125 light (1536x864): панель 3 × 3 (9 клавиш, ≥ 44 px), в инспекторе {"keys":9,"cols":3,"rows":3,"h":64}
PASS wk 1920x1080@125 light (1536x864): действия с чипами клавиш N / ⌘Z|Ctrl+Z / ⌫ и aria-keyshortcuts {"acts":[{"label":"Notes","kbd":"N","ks":"N"},{"label":"Undo","kbd":"⌘Z","ks":"Meta+Z Control+Z"},{"label":"Erase","kbd":"⌫","ks":"Backspace Delete"}]}
PASS wk 1920x1080@125 light (1536x864): время и остаток в инспекторе {"meta":["0:00","51 cells"]}
PASS wk 1920x1080@125 light (1536x864): шпаргалка клавиш — только от высоты 800 (864) {"legend":true}
PASS wk 1920x1080@125 light (1536x864): контраст текстов тулбара и инспектора ≥ 4.5:1 {"n":46,"min":4.83,"low":[]}
PASS wk 1920x1080@125 light (1536x864): без ошибок JS {"errs":[]}
PASS wk 1920x1080@150 light (1280x720): раскладка — тулбар партии + инспектор (не колонка телефона) {"deskPlay":true,"tbDesk":true,"insp":true,"gap":false}
PASS wk 1920x1080@150 light (1280x720): нет горизонтальной прокрутки {"scrollW":1280,"vw":1280}
PASS wk 1920x1080@150 light (1280x720): тулбар 52 px над полем, слева от инспектора {"tb":[248,0,772,52]}
PASS wk 1920x1080@150 light (1280x720): кнопка сайдбара — в тулбаре, перед заголовком, без наложения; одна на экране {"toggle":[256,8,36,36],"titleLeft":302}
PASS wk 1920x1080@150 light (1280x720): поле 81 клетка, квадратное, min(720, окно − 124, область − 96) = 596 {"board":[336,72,596,596],"want":596}
PASS wk 1920x1080@150 light (1280x720): поле по центру области контента, не под сайдбаром и не под инспектором {"center":634,"want":634}
PASS wk 1920x1080@150 light (1280x720): инспектор справа во всю высоту, ширина clamp(260, 20vw, 320), без прокрутки {"insp":[1020,0,260,720],"want":260,"scrolls":false}
PASS wk 1920x1080@150 light (1280x720): панель 3 × 3 (9 клавиш, ≥ 44 px), в инспекторе {"keys":9,"cols":3,"rows":3,"h":64}
PASS wk 1920x1080@150 light (1280x720): действия с чипами клавиш N / ⌘Z|Ctrl+Z / ⌫ и aria-keyshortcuts {"acts":[{"label":"Notes","kbd":"N","ks":"N"},{"label":"Undo","kbd":"⌘Z","ks":"Meta+Z Control+Z"},{"label":"Erase","kbd":"⌫","ks":"Backspace Delete"}]}
PASS wk 1920x1080@150 light (1280x720): время и остаток в инспекторе {"meta":["0:00","51 cells"]}
PASS wk 1920x1080@150 light (1280x720): шпаргалка клавиш — только от высоты 800 (720) {"legend":false}
PASS wk 1920x1080@150 light (1280x720): контраст текстов тулбара и инспектора ≥ 4.5:1 {"n":29,"min":4.83,"low":[]}
PASS wk 1920x1080@150 light (1280x720): без ошибок JS {"errs":[]}

159/159 PASS
