PASS cr 1280x800@100 light (1280x800): раскладка — тулбар партии + инспектор (не колонка телефона) {"deskPlay":true,"tbDesk":true,"insp":true,"gap":false}
PASS cr 1280x800@100 light (1280x800): нет горизонтальной прокрутки {"scrollW":1280,"vw":1280}
PASS cr 1280x800@100 light (1280x800): тулбар 52 px над полем, слева от инспектора {"tb":[248,0,772,52]}
PASS cr 1280x800@100 light (1280x800): кнопка сайдбара — в тулбаре, перед заголовком, без наложения; одна на экране {"toggle":[256,8,36,36],"titleLeft":302}
PASS cr 1280x800@100 light (1280x800): поле 81 клетка, квадратное, min(720, окно − 124, область − 96) = 676 {"board":[296,72,676,676],"want":676}
PASS cr 1280x800@100 light (1280x800): поле по центру области контента, не под сайдбаром и не под инспектором {"center":634,"want":634}
PASS cr 1280x800@100 light (1280x800): инспектор справа во всю высоту, ширина clamp(260, 20vw, 320), без прокрутки {"insp":[1020,0,260,800],"want":260,"scrolls":false}
PASS cr 1280x800@100 light (1280x800): панель 3 × 3 (9 клавиш, ≥ 44 px), в инспекторе {"keys":9,"cols":3,"rows":3,"h":64}
PASS cr 1280x800@100 light (1280x800): действия с чипами клавиш N / ⌘Z|Ctrl+Z / ⌫ и aria-keyshortcuts {"acts":[{"label":"Notes","kbd":"N","ks":"N"},{"label":"Undo","kbd":"⌘Z","ks":"Meta+Z Control+Z"},{"label":"Erase","kbd":"⌫","ks":"Backspace Delete"}]}
PASS cr 1280x800@100 light (1280x800): время и остаток в инспекторе {"meta":["0:00","51 cells"]}
PASS cr 1280x800@100 light (1280x800): шпаргалка клавиш — только от высоты 800 (800) {"legend":true}
PASS cr 1280x800@100 light (1280x800): контраст текстов тулбара и инспектора ≥ 4.5:1 {"n":46,"min":4.83,"low":[]}
PASS cr 1280x800@100 light (1280x800): без ошибок JS {"errs":[]}
PASS cr 1280x800@100 dark (1280x800): раскладка — тулбар партии + инспектор (не колонка телефона) {"deskPlay":true,"tbDesk":true,"insp":true,"gap":false}
PASS cr 1280x800@100 dark (1280x800): нет горизонтальной прокрутки {"scrollW":1280,"vw":1280}
PASS cr 1280x800@100 dark (1280x800): тулбар 52 px над полем, слева от инспектора {"tb":[248,0,772,52]}
PASS cr 1280x800@100 dark (1280x800): кнопка сайдбара — в тулбаре, перед заголовком, без наложения; одна на экране {"toggle":[256,8,36,36],"titleLeft":302}
PASS cr 1280x800@100 dark (1280x800): поле 81 клетка, квадратное, min(720, окно − 124, область − 96) = 676 {"board":[296,72,676,676],"want":676}
PASS cr 1280x800@100 dark (1280x800): поле по центру области контента, не под сайдбаром и не под инспектором {"center":634,"want":634}
PASS cr 1280x800@100 dark (1280x800): инспектор справа во всю высоту, ширина clamp(260, 20vw, 320), без прокрутки {"insp":[1020,0,260,800],"want":260,"scrolls":false}
PASS cr 1280x800@100 dark (1280x800): панель 3 × 3 (9 клавиш, ≥ 44 px), в инспекторе {"keys":9,"cols":3,"rows":3,"h":64}
PASS cr 1280x800@100 dark (1280x800): действия с чипами клавиш N / ⌘Z|Ctrl+Z / ⌫ и aria-keyshortcuts {"acts":[{"label":"Notes","kbd":"N","ks":"N"},{"label":"Undo","kbd":"⌘Z","ks":"Meta+Z Control+Z"},{"label":"Erase","kbd":"⌫","ks":"Backspace Delete"}]}
PASS cr 1280x800@100 dark (1280x800): время и остаток в инспекторе {"meta":["0:01","51 cells"]}
PASS cr 1280x800@100 dark (1280x800): шпаргалка клавиш — только от высоты 800 (800) {"legend":true}
PASS cr 1280x800@100 dark (1280x800): контраст текстов тулбара и инспектора ≥ 4.5:1 {"n":46,"min":5.93,"low":[]}
PASS cr 1280x800@100 dark (1280x800): без ошибок JS {"errs":[]}
PASS cr 1280x800@125 light (1024x640): компакт C — .shell.desk.compact, без сайдбара и таб-бара, кнопка «Show sidebar» в тулбаре {"shell":"shell desk compact side-off","side":false,"tabbar":false,"label":"Show sidebar"}
PASS cr 1280x800@125 light (1024x640): раскладка — тулбар партии + инспектор (не колонка телефона) {"deskPlay":true,"tbDesk":true,"insp":true,"gap":false}
PASS cr 1280x800@125 light (1024x640): нет горизонтальной прокрутки {"scrollW":1024,"vw":1024}
PASS cr 1280x800@125 light (1024x640): тулбар 52 px над полем, слева от инспектора {"tb":[0,0,764,52]}
PASS cr 1280x800@125 light (1024x640): кнопка сайдбара — в тулбаре, перед заголовком, без наложения; одна на экране {"toggle":[8,8,36,36],"titleLeft":54}
PASS cr 1280x800@125 light (1024x640): поле 81 клетка, квадратное, min(720, окно − 124, область − 96) = 516 {"board":[124,72,516,516],"want":516}
PASS cr 1280x800@125 light (1024x640): поле по центру области контента, не под сайдбаром и не под инспектором {"center":382,"want":382}
PASS cr 1280x800@125 light (1024x640): инспектор справа во всю высоту, ширина clamp(260, 20vw, 320), без прокрутки {"insp":[764,0,260,640],"want":260,"scrolls":false}
PASS cr 1280x800@125 light (1024x640): панель 3 × 3 (9 клавиш, ≥ 44 px), в инспекторе {"keys":9,"cols":3,"rows":3,"h":52}
PASS cr 1280x800@125 light (1024x640): действия с чипами клавиш N / ⌘Z|Ctrl+Z / ⌫ и aria-keyshortcuts {"acts":[{"label":"Notes","kbd":"N","ks":"N"},{"label":"Undo","kbd":"⌘Z","ks":"Meta+Z Control+Z"},{"label":"Erase","kbd":"⌫","ks":"Backspace Delete"}]}
PASS cr 1280x800@125 light (1024x640): время и остаток в инспекторе {"meta":["0:00","51 cells"]}
PASS cr 1280x800@125 light (1024x640): шпаргалка клавиш — только от высоты 800 (640) {"legend":false}
PASS cr 1280x800@125 light (1024x640): контраст текстов тулбара и инспектора ≥ 4.5:1 {"n":29,"min":4.83,"low":[]}
PASS cr 1280x800@125 light (1024x640): без ошибок JS {"errs":[]}
PASS cr 1280x800@150 light (853x533): компакт C — .shell.desk.compact, без сайдбара и таб-бара, кнопка «Show sidebar» в тулбаре {"shell":"shell desk compact side-off","side":false,"tabbar":false,"label":"Show sidebar"}
PASS cr 1280x800@150 light (853x533): раскладка — тулбар партии + инспектор (не колонка телефона) {"deskPlay":true,"tbDesk":true,"insp":true,"gap":false}
PASS cr 1280x800@150 light (853x533): нет горизонтальной прокрутки {"scrollW":853,"vw":853}
PASS cr 1280x800@150 light (853x533): тулбар 52 px над полем, слева от инспектора {"tb":[0,0,593,52]}
PASS cr 1280x800@150 light (853x533): кнопка сайдбара — в тулбаре, перед заголовком, без наложения; одна на экране {"toggle":[8,8,36,36],"titleLeft":54}
PASS cr 1280x800@150 light (853x533): поле 81 клетка, квадратное, min(720, окно − 124, область − 96) = 409 {"board":[92,72,409,409],"want":409}
PASS cr 1280x800@150 light (853x533): поле по центру области контента, не под сайдбаром и не под инспектором {"center":297,"want":297}
PASS cr 1280x800@150 light (853x533): инспектор справа во всю высоту, ширина clamp(260, 20vw, 320), без прокрутки {"insp":[593,0,260,533],"want":260,"scrolls":false}
PASS cr 1280x800@150 light (853x533): панель 3 × 3 (9 клавиш, ≥ 44 px), в инспекторе {"keys":9,"cols":3,"rows":3,"h":52}
PASS cr 1280x800@150 light (853x533): действия с чипами клавиш N / ⌘Z|Ctrl+Z / ⌫ и aria-keyshortcuts {"acts":[{"label":"Notes","kbd":"N","ks":"N"},{"label":"Undo","kbd":"⌘Z","ks":"Meta+Z Control+Z"},{"label":"Erase","kbd":"⌫","ks":"Backspace Delete"}]}
PASS cr 1280x800@150 light (853x533): время и остаток в инспекторе {"meta":["0:00","51 cells"]}
PASS cr 1280x800@150 light (853x533): шпаргалка клавиш — только от высоты 800 (533) {"legend":false}
PASS cr 1280x800@150 light (853x533): контраст текстов тулбара и инспектора ≥ 4.5:1 {"n":29,"min":4.83,"low":[]}
PASS cr 1280x800@150 light (853x533): без ошибок JS {"errs":[]}
PASS cr 1440x900@100 light (1440x900): раскладка — тулбар партии + инспектор (не колонка телефона) {"deskPlay":true,"tbDesk":true,"insp":true,"gap":false}
PASS cr 1440x900@100 light (1440x900): нет горизонтальной прокрутки {"scrollW":1440,"vw":1440}
PASS cr 1440x900@100 light (1440x900): тулбар 52 px над полем, слева от инспектора {"tb":[248,0,904,52]}
PASS cr 1440x900@100 light (1440x900): кнопка сайдбара — в тулбаре, перед заголовком, без наложения; одна на экране {"toggle":[256,8,36,36],"titleLeft":302}
PASS cr 1440x900@100 light (1440x900): поле 81 клетка, квадратное, min(720, окно − 124, область − 96) = 720 {"board":[340,72,720,720],"want":720}
PASS cr 1440x900@100 light (1440x900): поле по центру области контента, не под сайдбаром и не под инспектором {"center":700,"want":700}
PASS cr 1440x900@100 light (1440x900): инспектор справа во всю высоту, ширина clamp(260, 20vw, 320), без прокрутки {"insp":[1152,0,288,900],"want":288,"scrolls":false}
PASS cr 1440x900@100 light (1440x900): панель 3 × 3 (9 клавиш, ≥ 44 px), в инспекторе {"keys":9,"cols":3,"rows":3,"h":64}
PASS cr 1440x900@100 light (1440x900): действия с чипами клавиш N / ⌘Z|Ctrl+Z / ⌫ и aria-keyshortcuts {"acts":[{"label":"Notes","kbd":"N","ks":"N"},{"label":"Undo","kbd":"⌘Z","ks":"Meta+Z Control+Z"},{"label":"Erase","kbd":"⌫","ks":"Backspace Delete"}]}
PASS cr 1440x900@100 light (1440x900): время и остаток в инспекторе {"meta":["0:00","51 cells"]}
PASS cr 1440x900@100 light (1440x900): шпаргалка клавиш — только от высоты 800 (900) {"legend":true}
PASS cr 1440x900@100 light (1440x900): контраст текстов тулбара и инспектора ≥ 4.5:1 {"n":46,"min":4.83,"low":[]}
PASS cr 1440x900@100 light (1440x900): без ошибок JS {"errs":[]}
PASS cr 1440x900@100 dark (1440x900): раскладка — тулбар партии + инспектор (не колонка телефона) {"deskPlay":true,"tbDesk":true,"insp":true,"gap":false}
PASS cr 1440x900@100 dark (1440x900): нет горизонтальной прокрутки {"scrollW":1440,"vw":1440}
PASS cr 1440x900@100 dark (1440x900): тулбар 52 px над полем, слева от инспектора {"tb":[248,0,904,52]}
PASS cr 1440x900@100 dark (1440x900): кнопка сайдбара — в тулбаре, перед заголовком, без наложения; одна на экране {"toggle":[256,8,36,36],"titleLeft":302}
PASS cr 1440x900@100 dark (1440x900): поле 81 клетка, квадратное, min(720, окно − 124, область − 96) = 720 {"board":[340,72,720,720],"want":720}
PASS cr 1440x900@100 dark (1440x900): поле по центру области контента, не под сайдбаром и не под инспектором {"center":700,"want":700}
PASS cr 1440x900@100 dark (1440x900): инспектор справа во всю высоту, ширина clamp(260, 20vw, 320), без прокрутки {"insp":[1152,0,288,900],"want":288,"scrolls":false}
PASS cr 1440x900@100 dark (1440x900): панель 3 × 3 (9 клавиш, ≥ 44 px), в инспекторе {"keys":9,"cols":3,"rows":3,"h":64}
PASS cr 1440x900@100 dark (1440x900): действия с чипами клавиш N / ⌘Z|Ctrl+Z / ⌫ и aria-keyshortcuts {"acts":[{"label":"Notes","kbd":"N","ks":"N"},{"label":"Undo","kbd":"⌘Z","ks":"Meta+Z Control+Z"},{"label":"Erase","kbd":"⌫","ks":"Backspace Delete"}]}
PASS cr 1440x900@100 dark (1440x900): время и остаток в инспекторе {"meta":["0:00","51 cells"]}
PASS cr 1440x900@100 dark (1440x900): шпаргалка клавиш — только от высоты 800 (900) {"legend":true}
PASS cr 1440x900@100 dark (1440x900): контраст текстов тулбара и инспектора ≥ 4.5:1 {"n":46,"min":5.93,"low":[]}
PASS cr 1440x900@100 dark (1440x900): без ошибок JS {"errs":[]}
PASS cr 1440x900@125 light (1152x720): раскладка — тулбар партии + инспектор (не колонка телефона) {"deskPlay":true,"tbDesk":true,"insp":true,"gap":false}
PASS cr 1440x900@125 light (1152x720): нет горизонтальной прокрутки {"scrollW":1152,"vw":1152}
PASS cr 1440x900@125 light (1152x720): тулбар 52 px над полем, слева от инспектора {"tb":[248,0,644,52]}
PASS cr 1440x900@125 light (1152x720): кнопка сайдбара — в тулбаре, перед заголовком, без наложения; одна на экране {"toggle":[256,8,36,36],"titleLeft":302}
PASS cr 1440x900@125 light (1152x720): поле 81 клетка, квадратное, min(720, окно − 124, область − 96) = 548 {"board":[296,72,548,548],"want":548}
PASS cr 1440x900@125 light (1152x720): поле по центру области контента, не под сайдбаром и не под инспектором {"center":570,"want":570}
PASS cr 1440x900@125 light (1152x720): инспектор справа во всю высоту, ширина clamp(260, 20vw, 320), без прокрутки {"insp":[892,0,260,720],"want":260,"scrolls":false}
PASS cr 1440x900@125 light (1152x720): панель 3 × 3 (9 клавиш, ≥ 44 px), в инспекторе {"keys":9,"cols":3,"rows":3,"h":64}
PASS cr 1440x900@125 light (1152x720): действия с чипами клавиш N / ⌘Z|Ctrl+Z / ⌫ и aria-keyshortcuts {"acts":[{"label":"Notes","kbd":"N","ks":"N"},{"label":"Undo","kbd":"⌘Z","ks":"Meta+Z Control+Z"},{"label":"Erase","kbd":"⌫","ks":"Backspace Delete"}]}
PASS cr 1440x900@125 light (1152x720): время и остаток в инспекторе {"meta":["0:00","51 cells"]}
PASS cr 1440x900@125 light (1152x720): шпаргалка клавиш — только от высоты 800 (720) {"legend":false}
PASS cr 1440x900@125 light (1152x720): контраст текстов тулбара и инспектора ≥ 4.5:1 {"n":29,"min":4.83,"low":[]}
PASS cr 1440x900@125 light (1152x720): без ошибок JS {"errs":[]}
PASS cr 1440x900@150 light (960x600): компакт C — .shell.desk.compact, без сайдбара и таб-бара, кнопка «Show sidebar» в тулбаре {"shell":"shell desk compact side-off","side":false,"tabbar":false,"label":"Show sidebar"}
PASS cr 1440x900@150 light (960x600): раскладка — тулбар партии + инспектор (не колонка телефона) {"deskPlay":true,"tbDesk":true,"insp":true,"gap":false}
PASS cr 1440x900@150 light (960x600): нет горизонтальной прокрутки {"scrollW":960,"vw":960}
PASS cr 1440x900@150 light (960x600): тулбар 52 px над полем, слева от инспектора {"tb":[0,0,700,52]}
PASS cr 1440x900@150 light (960x600): кнопка сайдбара — в тулбаре, перед заголовком, без наложения; одна на экране {"toggle":[8,8,36,36],"titleLeft":54}
PASS cr 1440x900@150 light (960x600): поле 81 клетка, квадратное, min(720, окно − 124, область − 96) = 476 {"board":[112,72,476,476],"want":476}
PASS cr 1440x900@150 light (960x600): поле по центру области контента, не под сайдбаром и не под инспектором {"center":350,"want":350}
PASS cr 1440x900@150 light (960x600): инспектор справа во всю высоту, ширина clamp(260, 20vw, 320), без прокрутки {"insp":[700,0,260,600],"want":260,"scrolls":false}
PASS cr 1440x900@150 light (960x600): панель 3 × 3 (9 клавиш, ≥ 44 px), в инспекторе {"keys":9,"cols":3,"rows":3,"h":52}
PASS cr 1440x900@150 light (960x600): действия с чипами клавиш N / ⌘Z|Ctrl+Z / ⌫ и aria-keyshortcuts {"acts":[{"label":"Notes","kbd":"N","ks":"N"},{"label":"Undo","kbd":"⌘Z","ks":"Meta+Z Control+Z"},{"label":"Erase","kbd":"⌫","ks":"Backspace Delete"}]}
PASS cr 1440x900@150 light (960x600): время и остаток в инспекторе {"meta":["0:00","51 cells"]}
PASS cr 1440x900@150 light (960x600): шпаргалка клавиш — только от высоты 800 (600) {"legend":false}
PASS cr 1440x900@150 light (960x600): контраст текстов тулбара и инспектора ≥ 4.5:1 {"n":29,"min":4.83,"low":[]}
PASS cr 1440x900@150 light (960x600): без ошибок JS {"errs":[]}
PASS cr 1920x1080@100 light (1920x1080): раскладка — тулбар партии + инспектор (не колонка телефона) {"deskPlay":true,"tbDesk":true,"insp":true,"gap":false}
PASS cr 1920x1080@100 light (1920x1080): нет горизонтальной прокрутки {"scrollW":1920,"vw":1920}
PASS cr 1920x1080@100 light (1920x1080): тулбар 52 px над полем, слева от инспектора {"tb":[248,0,1352,52]}
PASS cr 1920x1080@100 light (1920x1080): кнопка сайдбара — в тулбаре, перед заголовком, без наложения; одна на экране {"toggle":[256,8,36,36],"titleLeft":302}
PASS cr 1920x1080@100 light (1920x1080): поле 81 клетка, квадратное, min(720, окно − 124, область − 96) = 720 {"board":[564,72,720,720],"want":720}
PASS cr 1920x1080@100 light (1920x1080): поле по центру области контента, не под сайдбаром и не под инспектором {"center":924,"want":924}
PASS cr 1920x1080@100 light (1920x1080): инспектор справа во всю высоту, ширина clamp(260, 20vw, 320), без прокрутки {"insp":[1600,0,320,1080],"want":320,"scrolls":false}
PASS cr 1920x1080@100 light (1920x1080): панель 3 × 3 (9 клавиш, ≥ 44 px), в инспекторе {"keys":9,"cols":3,"rows":3,"h":64}
PASS cr 1920x1080@100 light (1920x1080): действия с чипами клавиш N / ⌘Z|Ctrl+Z / ⌫ и aria-keyshortcuts {"acts":[{"label":"Notes","kbd":"N","ks":"N"},{"label":"Undo","kbd":"⌘Z","ks":"Meta+Z Control+Z"},{"label":"Erase","kbd":"⌫","ks":"Backspace Delete"}]}
PASS cr 1920x1080@100 light (1920x1080): время и остаток в инспекторе {"meta":["0:00","51 cells"]}
PASS cr 1920x1080@100 light (1920x1080): шпаргалка клавиш — только от высоты 800 (1080) {"legend":true}
PASS cr 1920x1080@100 light (1920x1080): контраст текстов тулбара и инспектора ≥ 4.5:1 {"n":46,"min":4.83,"low":[]}
PASS cr 1920x1080@100 light (1920x1080): без ошибок JS {"errs":[]}
PASS cr 1920x1080@100 dark (1920x1080): раскладка — тулбар партии + инспектор (не колонка телефона) {"deskPlay":true,"tbDesk":true,"insp":true,"gap":false}
PASS cr 1920x1080@100 dark (1920x1080): нет горизонтальной прокрутки {"scrollW":1920,"vw":1920}
PASS cr 1920x1080@100 dark (1920x1080): тулбар 52 px над полем, слева от инспектора {"tb":[248,0,1352,52]}
PASS cr 1920x1080@100 dark (1920x1080): кнопка сайдбара — в тулбаре, перед заголовком, без наложения; одна на экране {"toggle":[256,8,36,36],"titleLeft":302}
PASS cr 1920x1080@100 dark (1920x1080): поле 81 клетка, квадратное, min(720, окно − 124, область − 96) = 720 {"board":[564,72,720,720],"want":720}
PASS cr 1920x1080@100 dark (1920x1080): поле по центру области контента, не под сайдбаром и не под инспектором {"center":924,"want":924}
PASS cr 1920x1080@100 dark (1920x1080): инспектор справа во всю высоту, ширина clamp(260, 20vw, 320), без прокрутки {"insp":[1600,0,320,1080],"want":320,"scrolls":false}
PASS cr 1920x1080@100 dark (1920x1080): панель 3 × 3 (9 клавиш, ≥ 44 px), в инспекторе {"keys":9,"cols":3,"rows":3,"h":64}
PASS cr 1920x1080@100 dark (1920x1080): действия с чипами клавиш N / ⌘Z|Ctrl+Z / ⌫ и aria-keyshortcuts {"acts":[{"label":"Notes","kbd":"N","ks":"N"},{"label":"Undo","kbd":"⌘Z","ks":"Meta+Z Control+Z"},{"label":"Erase","kbd":"⌫","ks":"Backspace Delete"}]}
PASS cr 1920x1080@100 dark (1920x1080): время и остаток в инспекторе {"meta":["0:00","51 cells"]}
PASS cr 1920x1080@100 dark (1920x1080): шпаргалка клавиш — только от высоты 800 (1080) {"legend":true}
PASS cr 1920x1080@100 dark (1920x1080): контраст текстов тулбара и инспектора ≥ 4.5:1 {"n":46,"min":5.93,"low":[]}
PASS cr 1920x1080@100 dark (1920x1080): без ошибок JS {"errs":[]}
PASS cr 1920x1080@125 light (1536x864): раскладка — тулбар партии + инспектор (не колонка телефона) {"deskPlay":true,"tbDesk":true,"insp":true,"gap":false}
PASS cr 1920x1080@125 light (1536x864): нет горизонтальной прокрутки {"scrollW":1536,"vw":1536}
PASS cr 1920x1080@125 light (1536x864): тулбар 52 px над полем, слева от инспектора {"tb":[248,0,981,52]}
PASS cr 1920x1080@125 light (1536x864): кнопка сайдбара — в тулбаре, перед заголовком, без наложения; одна на экране {"toggle":[256,8,36,36],"titleLeft":302}
PASS cr 1920x1080@125 light (1536x864): поле 81 клетка, квадратное, min(720, окно − 124, область − 96) = 720 {"board":[378,72,720,720],"want":720}
PASS cr 1920x1080@125 light (1536x864): поле по центру области контента, не под сайдбаром и не под инспектором {"center":738,"want":738}
PASS cr 1920x1080@125 light (1536x864): инспектор справа во всю высоту, ширина clamp(260, 20vw, 320), без прокрутки {"insp":[1229,0,307,864],"want":307,"scrolls":false}
PASS cr 1920x1080@125 light (1536x864): панель 3 × 3 (9 клавиш, ≥ 44 px), в инспекторе {"keys":9,"cols":3,"rows":3,"h":64}
PASS cr 1920x1080@125 light (1536x864): действия с чипами клавиш N / ⌘Z|Ctrl+Z / ⌫ и aria-keyshortcuts {"acts":[{"label":"Notes","kbd":"N","ks":"N"},{"label":"Undo","kbd":"⌘Z","ks":"Meta+Z Control+Z"},{"label":"Erase","kbd":"⌫","ks":"Backspace Delete"}]}
PASS cr 1920x1080@125 light (1536x864): время и остаток в инспекторе {"meta":["0:00","51 cells"]}
PASS cr 1920x1080@125 light (1536x864): шпаргалка клавиш — только от высоты 800 (864) {"legend":true}
PASS cr 1920x1080@125 light (1536x864): контраст текстов тулбара и инспектора ≥ 4.5:1 {"n":46,"min":4.83,"low":[]}
PASS cr 1920x1080@125 light (1536x864): без ошибок JS {"errs":[]}
PASS cr 1920x1080@150 light (1280x720): раскладка — тулбар партии + инспектор (не колонка телефона) {"deskPlay":true,"tbDesk":true,"insp":true,"gap":false}
PASS cr 1920x1080@150 light (1280x720): нет горизонтальной прокрутки {"scrollW":1280,"vw":1280}
PASS cr 1920x1080@150 light (1280x720): тулбар 52 px над полем, слева от инспектора {"tb":[248,0,772,52]}
PASS cr 1920x1080@150 light (1280x720): кнопка сайдбара — в тулбаре, перед заголовком, без наложения; одна на экране {"toggle":[256,8,36,36],"titleLeft":302}
PASS cr 1920x1080@150 light (1280x720): поле 81 клетка, квадратное, min(720, окно − 124, область − 96) = 596 {"board":[336,72,596,596],"want":596}
PASS cr 1920x1080@150 light (1280x720): поле по центру области контента, не под сайдбаром и не под инспектором {"center":634,"want":634}
PASS cr 1920x1080@150 light (1280x720): инспектор справа во всю высоту, ширина clamp(260, 20vw, 320), без прокрутки {"insp":[1020,0,260,720],"want":260,"scrolls":false}
PASS cr 1920x1080@150 light (1280x720): панель 3 × 3 (9 клавиш, ≥ 44 px), в инспекторе {"keys":9,"cols":3,"rows":3,"h":64}
PASS cr 1920x1080@150 light (1280x720): действия с чипами клавиш N / ⌘Z|Ctrl+Z / ⌫ и aria-keyshortcuts {"acts":[{"label":"Notes","kbd":"N","ks":"N"},{"label":"Undo","kbd":"⌘Z","ks":"Meta+Z Control+Z"},{"label":"Erase","kbd":"⌫","ks":"Backspace Delete"}]}
PASS cr 1920x1080@150 light (1280x720): время и остаток в инспекторе {"meta":["0:00","51 cells"]}
PASS cr 1920x1080@150 light (1280x720): шпаргалка клавиш — только от высоты 800 (720) {"legend":false}
PASS cr 1920x1080@150 light (1280x720): контраст текстов тулбара и инспектора ≥ 4.5:1 {"n":29,"min":4.83,"low":[]}
PASS cr 1920x1080@150 light (1280x720): без ошибок JS {"errs":[]}
PASS cr flow 1440x900@100 light: клавиатура — стрелка выбирает, цифра ставится (51 cells → 50 cells), N — заметки, Control+Z — отмена (51 cells) {"selAfterArrow":"3","left0":"51 cells","left1":"50 cells","notesOn":"true","left2":"51 cells"}
PASS cr flow 1440x900@100 light: клик по клавише 4 панели 3 × 3 ставит цифру {"left3":"50 cells"}
PASS cr flow 1440x900@100 light: шит правила подсказки — в слое окна, затемнение от края сайдбара, сайдбар не накрыт {"scrim":[248,0,1192,900],"sideRight":240,"sideHit":true}
PASS cr flow 1440x900@100 light: пока шит открыт, сайдбар недоступен (inert) — модальность окна {}
PASS cr flow 1440x900@100 light: Enter → док подсказки в инспекторе вместо панели, поле не сдвинулось {"dock":true,"keys":0,"board0":[340,72,720,720],"board1":[340,72,720,720]}
PASS cr flow 1440x900@100 light: Esc закрывает док — панель 3 × 3 снова в инспекторе {"keys":9}
PASS cr flow 1440x900@100 light: шит Fill — в области контента (затемнение от края сайдбара, шит правее сайдбара) {"scrim":[248,0,1192,900],"sheet":[564,659,560,241]}
PASS cr flow 1440x900@100 light партия Play: раскладка — тулбар партии + инспектор (не колонка телефона) {"deskPlay":true,"tbDesk":true,"insp":true,"gap":false}
PASS cr flow 1440x900@100 light партия Play: нет горизонтальной прокрутки {"scrollW":1440,"vw":1440}
PASS cr flow 1440x900@100 light партия Play: тулбар 52 px над полем, слева от инспектора {"tb":[248,0,904,52]}
PASS cr flow 1440x900@100 light партия Play: кнопка сайдбара — в тулбаре, перед заголовком, без наложения; одна на экране {"toggle":[256,8,36,36],"titleLeft":302}
PASS cr flow 1440x900@100 light партия Play: поле 81 клетка, квадратное, min(720, окно − 124, область − 96) = 720 {"board":[340,72,720,720],"want":720}
PASS cr flow 1440x900@100 light партия Play: поле по центру области контента, не под сайдбаром и не под инспектором {"center":700,"want":700}
PASS cr flow 1440x900@100 light партия Play: инспектор справа во всю высоту, ширина clamp(260, 20vw, 320), без прокрутки {"insp":[1152,0,288,900],"want":288,"scrolls":false}
PASS cr flow 1440x900@100 light партия Play: панель 3 × 3 (9 клавиш, ≥ 44 px), в инспекторе {"keys":9,"cols":3,"rows":3,"h":64}
PASS cr flow 1440x900@100 light партия Play: действия с чипами клавиш N / ⌘Z|Ctrl+Z / ⌫ и aria-keyshortcuts {"acts":[{"label":"Notes","kbd":"N","ks":"N"},{"label":"Undo","kbd":"⌘Z","ks":"Meta+Z Control+Z"},{"label":"Erase","kbd":"⌫","ks":"Backspace Delete"}]}
PASS cr flow 1440x900@100 light партия Play: время и остаток в инспекторе {"meta":["0:01","43 cells"]}
PASS cr flow 1440x900@100 light партия Play: шпаргалка клавиш — только от высоты 800 (900) {"legend":true}
PASS cr flow 1440x900@100 light партия Play: контраст текстов тулбара и инспектора ≥ 4.5:1 {"n":45,"min":4.83,"low":[]}
PASS cr flow 1440x900@100 light: меню ⋯ — под кнопкой (правый край по кнопке), не над инспектором; затемнение от сайдбара {"menu":[920,52,230,88],"more":[1106,4,44,44],"inspLeft":1152}
PASS cr flow 1440x900@100 light: «Новая сетка» → шит режима в области контента {"scrim":[248,0,1192,900],"sheet":[564,347,560,553]}
PASS cr flow 1440x900@100 light: контекстное меню режима — правее сайдбара {"ctx":[524,248,320,169]}
PASS cr flow 1440x900@100 light: тост «Отменить» — в области контента (≤ 560, по центру), низ сайдбара не перекрыт {"toast":[564,834,560,50],"sideRight":240}
PASS cr flow 1440x900@100 light сайдбар скрыт: раскладка — тулбар партии + инспектор (не колонка телефона) {"deskPlay":true,"tbDesk":true,"insp":true,"gap":false}
PASS cr flow 1440x900@100 light сайдбар скрыт: нет горизонтальной прокрутки {"scrollW":1440,"vw":1440}
PASS cr flow 1440x900@100 light сайдбар скрыт: тулбар 52 px над полем, слева от инспектора {"tb":[0,0,1152,52]}
PASS cr flow 1440x900@100 light сайдбар скрыт: кнопка сайдбара — в тулбаре, перед заголовком, без наложения; одна на экране {"toggle":[8,8,36,36],"titleLeft":54}
PASS cr flow 1440x900@100 light сайдбар скрыт: поле 81 клетка, квадратное, min(720, окно − 124, область − 96) = 720 {"board":[216,72,720,720],"want":720}
PASS cr flow 1440x900@100 light сайдбар скрыт: поле по центру области контента, не под сайдбаром и не под инспектором {"center":576,"want":576}
PASS cr flow 1440x900@100 light сайдбар скрыт: инспектор справа во всю высоту, ширина clamp(260, 20vw, 320), без прокрутки {"insp":[1152,0,288,900],"want":288,"scrolls":false}
PASS cr flow 1440x900@100 light сайдбар скрыт: панель 3 × 3 (9 клавиш, ≥ 44 px), в инспекторе {"keys":9,"cols":3,"rows":3,"h":64}
PASS cr flow 1440x900@100 light сайдбар скрыт: действия с чипами клавиш N / ⌘Z|Ctrl+Z / ⌫ и aria-keyshortcuts {"acts":[{"label":"Notes","kbd":"N","ks":"N"},{"label":"Undo","kbd":"⌘Z","ks":"Meta+Z Control+Z"},{"label":"Erase","kbd":"⌫","ks":"Backspace Delete"}]}
PASS cr flow 1440x900@100 light сайдбар скрыт: время и остаток в инспекторе {"meta":["0:07","51 cells"]}
PASS cr flow 1440x900@100 light сайдбар скрыт: шпаргалка клавиш — только от высоты 800 (900) {"legend":true}
PASS cr flow 1440x900@100 light сайдбар скрыт: контраст текстов тулбара и инспектора ≥ 4.5:1 {"n":49,"min":4.54,"low":[]}
PASS cr flow 1440x900@100 light: сайдбар скрыт — кнопка «Show sidebar» в тулбаре у левого края {"toggle":[8,8,36,36]}
PASS cr flow 1440x900@100 light: Year — кнопка в шапке, перед заголовком {"toggle":[256,8,36,36],"title":[304,13,64,31]}
PASS cr flow 1440x900@100 light: Settings — кнопка в навбаре, перед «‹» {"toggle":[256,10,36,36],"back":[300,6,69,44]}
PASS cr flow 1440x900@100 light архив: раскладка — тулбар партии + инспектор (не колонка телефона) {"deskPlay":true,"tbDesk":true,"insp":true,"gap":false}
PASS cr flow 1440x900@100 light архив: нет горизонтальной прокрутки {"scrollW":1440,"vw":1440}
PASS cr flow 1440x900@100 light архив: тулбар 52 px над полем, слева от инспектора {"tb":[248,0,904,52]}
PASS cr flow 1440x900@100 light архив: кнопка сайдбара — в тулбаре, перед заголовком, без наложения; одна на экране {"toggle":[256,8,36,36],"titleLeft":378}
PASS cr flow 1440x900@100 light архив: поле 81 клетка, квадратное, min(720, окно − 124, область − 96) = 720 {"board":[340,72,720,720],"want":720}
PASS cr flow 1440x900@100 light архив: поле по центру области контента, не под сайдбаром и не под инспектором {"center":700,"want":700}
PASS cr flow 1440x900@100 light архив: инспектор справа во всю высоту, ширина clamp(260, 20vw, 320), без прокрутки {"insp":[1152,0,288,900],"want":288,"scrolls":false}
PASS cr flow 1440x900@100 light архив: панель 3 × 3 (9 клавиш, ≥ 44 px), в инспекторе {"keys":9,"cols":3,"rows":3,"h":64}
PASS cr flow 1440x900@100 light архив: действия с чипами клавиш N / ⌘Z|Ctrl+Z / ⌫ и aria-keyshortcuts {"acts":[{"label":"Notes","kbd":"N","ks":"N"},{"label":"Undo","kbd":"⌘Z","ks":"Meta+Z Control+Z"},{"label":"Erase","kbd":"⌫","ks":"Backspace Delete"}]}
PASS cr flow 1440x900@100 light архив: время и остаток в инспекторе {"meta":["0:00","51 cells"]}
PASS cr flow 1440x900@100 light архив: шпаргалка клавиш — только от высоты 800 (900) {"legend":true}
PASS cr flow 1440x900@100 light архив: контраст текстов тулбара и инспектора ≥ 4.5:1 {"n":47,"min":4.54,"low":[]}
PASS cr flow 1440x900@100 light: архив — «‹ Year» в тулбаре партии {}
PASS cr flow 1440x900@100 light: архив — без ошибок JS {"errs":[]}
PASS cr flow 1440x900@100 light: Tab — фокус с кольцом и в окне (15 остановок) {"stops":["hint-button","open-settings","Row 1, column 3, empty","Enter 1, 6 left","Enter 2, 7 left","Enter 3, 6 left","Enter 4, 7 left","Enter 5, 6 left","Enter 6, 4 left","Enter 7, 6 left","Enter 8, 4 left","Enter 9, 5 left","Notes","Undo","Erase"],"bad":[]}
PASS cr flow 1440x900@100 light: решено — тулбар партии с кнопкой, поле на месте, карточка в инспекторе (PD-268) {"card":[1165,12,263,520],"insp":[1152,0,288,900]}
PASS cr flow 1440x900@100 light: без ошибок JS {"errs":[]}
PASS cr flow 1280x800@100 dark: клавиатура — стрелка выбирает, цифра ставится (51 cells → 50 cells), N — заметки, Control+Z — отмена (51 cells) {"selAfterArrow":"3","left0":"51 cells","left1":"50 cells","notesOn":"true","left2":"51 cells"}
PASS cr flow 1280x800@100 dark: клик по клавише 4 панели 3 × 3 ставит цифру {"left3":"50 cells"}
PASS cr flow 1280x800@100 dark: шит правила подсказки — в слое окна, затемнение от края сайдбара, сайдбар не накрыт {"scrim":[248,0,1032,800],"sideRight":240,"sideHit":true}
PASS cr flow 1280x800@100 dark: пока шит открыт, сайдбар недоступен (inert) — модальность окна {}
PASS cr flow 1280x800@100 dark: Enter → док подсказки в инспекторе вместо панели, поле не сдвинулось {"dock":true,"keys":0,"board0":[296,72,676,676],"board1":[296,72,676,676]}
PASS cr flow 1280x800@100 dark: Esc закрывает док — панель 3 × 3 снова в инспекторе {"keys":9}
PASS cr flow 1280x800@100 dark: шит Fill — в области контента (затемнение от края сайдбара, шит правее сайдбара) {"scrim":[248,0,1032,800],"sheet":[484,559,560,241]}
PASS cr flow 1280x800@100 dark партия Play: раскладка — тулбар партии + инспектор (не колонка телефона) {"deskPlay":true,"tbDesk":true,"insp":true,"gap":false}
PASS cr flow 1280x800@100 dark партия Play: нет горизонтальной прокрутки {"scrollW":1280,"vw":1280}
PASS cr flow 1280x800@100 dark партия Play: тулбар 52 px над полем, слева от инспектора {"tb":[248,0,772,52]}
PASS cr flow 1280x800@100 dark партия Play: кнопка сайдбара — в тулбаре, перед заголовком, без наложения; одна на экране {"toggle":[256,8,36,36],"titleLeft":302}
PASS cr flow 1280x800@100 dark партия Play: поле 81 клетка, квадратное, min(720, окно − 124, область − 96) = 676 {"board":[296,72,676,676],"want":676}
PASS cr flow 1280x800@100 dark партия Play: поле по центру области контента, не под сайдбаром и не под инспектором {"center":634,"want":634}
PASS cr flow 1280x800@100 dark партия Play: инспектор справа во всю высоту, ширина clamp(260, 20vw, 320), без прокрутки {"insp":[1020,0,260,800],"want":260,"scrolls":false}
PASS cr flow 1280x800@100 dark партия Play: панель 3 × 3 (9 клавиш, ≥ 44 px), в инспекторе {"keys":9,"cols":3,"rows":3,"h":64}
PASS cr flow 1280x800@100 dark партия Play: действия с чипами клавиш N / ⌘Z|Ctrl+Z / ⌫ и aria-keyshortcuts {"acts":[{"label":"Notes","kbd":"N","ks":"N"},{"label":"Undo","kbd":"⌘Z","ks":"Meta+Z Control+Z"},{"label":"Erase","kbd":"⌫","ks":"Backspace Delete"}]}
PASS cr flow 1280x800@100 dark партия Play: время и остаток в инспекторе {"meta":["0:01","43 cells"]}
PASS cr flow 1280x800@100 dark партия Play: шпаргалка клавиш — только от высоты 800 (800) {"legend":true}
PASS cr flow 1280x800@100 dark партия Play: контраст текстов тулбара и инспектора ≥ 4.5:1 {"n":45,"min":5.93,"low":[]}
PASS cr flow 1280x800@100 dark: меню ⋯ — под кнопкой (правый край по кнопке), не над инспектором; затемнение от сайдбара {"menu":[788,52,230,88],"more":[974,4,44,44],"inspLeft":1020}
PASS cr flow 1280x800@100 dark: «Новая сетка» → шит режима в области контента {"scrim":[248,0,1032,800],"sheet":[484,247,560,553]}
PASS cr flow 1280x800@100 dark: контекстное меню режима — правее сайдбара {"ctx":[444,248,320,169]}
PASS cr flow 1280x800@100 dark: тост «Отменить» — в области контента (≤ 560, по центру), низ сайдбара не перекрыт {"toast":[484,734,560,50],"sideRight":240}
PASS cr flow 1280x800@100 dark сайдбар скрыт: раскладка — тулбар партии + инспектор (не колонка телефона) {"deskPlay":true,"tbDesk":true,"insp":true,"gap":false}
PASS cr flow 1280x800@100 dark сайдбар скрыт: нет горизонтальной прокрутки {"scrollW":1280,"vw":1280}
PASS cr flow 1280x800@100 dark сайдбар скрыт: тулбар 52 px над полем, слева от инспектора {"tb":[0,0,1020,52]}
PASS cr flow 1280x800@100 dark сайдбар скрыт: кнопка сайдбара — в тулбаре, перед заголовком, без наложения; одна на экране {"toggle":[8,8,36,36],"titleLeft":54}
PASS cr flow 1280x800@100 dark сайдбар скрыт: поле 81 клетка, квадратное, min(720, окно − 124, область − 96) = 676 {"board":[172,72,676,676],"want":676}
PASS cr flow 1280x800@100 dark сайдбар скрыт: поле по центру области контента, не под сайдбаром и не под инспектором {"center":510,"want":510}
PASS cr flow 1280x800@100 dark сайдбар скрыт: инспектор справа во всю высоту, ширина clamp(260, 20vw, 320), без прокрутки {"insp":[1020,0,260,800],"want":260,"scrolls":false}
PASS cr flow 1280x800@100 dark сайдбар скрыт: панель 3 × 3 (9 клавиш, ≥ 44 px), в инспекторе {"keys":9,"cols":3,"rows":3,"h":64}
PASS cr flow 1280x800@100 dark сайдбар скрыт: действия с чипами клавиш N / ⌘Z|Ctrl+Z / ⌫ и aria-keyshortcuts {"acts":[{"label":"Notes","kbd":"N","ks":"N"},{"label":"Undo","kbd":"⌘Z","ks":"Meta+Z Control+Z"},{"label":"Erase","kbd":"⌫","ks":"Backspace Delete"}]}
PASS cr flow 1280x800@100 dark сайдбар скрыт: время и остаток в инспекторе {"meta":["0:06","51 cells"]}
PASS cr flow 1280x800@100 dark сайдбар скрыт: шпаргалка клавиш — только от высоты 800 (800) {"legend":true}
PASS cr flow 1280x800@100 dark сайдбар скрыт: контраст текстов тулбара и инспектора ≥ 4.5:1 {"n":49,"min":5.93,"low":[]}
PASS cr flow 1280x800@100 dark: сайдбар скрыт — кнопка «Show sidebar» в тулбаре у левого края {"toggle":[8,8,36,36]}
PASS cr flow 1280x800@100 dark: Year — кнопка в шапке, перед заголовком {"toggle":[256,8,36,36],"title":[304,13,64,31]}
PASS cr flow 1280x800@100 dark: Settings — кнопка в навбаре, перед «‹» {"toggle":[256,10,36,36],"back":[300,6,69,44]}
PASS cr flow 1280x800@100 dark архив: раскладка — тулбар партии + инспектор (не колонка телефона) {"deskPlay":true,"tbDesk":true,"insp":true,"gap":false}
PASS cr flow 1280x800@100 dark архив: нет горизонтальной прокрутки {"scrollW":1280,"vw":1280}
PASS cr flow 1280x800@100 dark архив: тулбар 52 px над полем, слева от инспектора {"tb":[248,0,772,52]}
PASS cr flow 1280x800@100 dark архив: кнопка сайдбара — в тулбаре, перед заголовком, без наложения; одна на экране {"toggle":[256,8,36,36],"titleLeft":378}
PASS cr flow 1280x800@100 dark архив: поле 81 клетка, квадратное, min(720, окно − 124, область − 96) = 676 {"board":[296,72,676,676],"want":676}
PASS cr flow 1280x800@100 dark архив: поле по центру области контента, не под сайдбаром и не под инспектором {"center":634,"want":634}
PASS cr flow 1280x800@100 dark архив: инспектор справа во всю высоту, ширина clamp(260, 20vw, 320), без прокрутки {"insp":[1020,0,260,800],"want":260,"scrolls":false}
PASS cr flow 1280x800@100 dark архив: панель 3 × 3 (9 клавиш, ≥ 44 px), в инспекторе {"keys":9,"cols":3,"rows":3,"h":64}
PASS cr flow 1280x800@100 dark архив: действия с чипами клавиш N / ⌘Z|Ctrl+Z / ⌫ и aria-keyshortcuts {"acts":[{"label":"Notes","kbd":"N","ks":"N"},{"label":"Undo","kbd":"⌘Z","ks":"Meta+Z Control+Z"},{"label":"Erase","kbd":"⌫","ks":"Backspace Delete"}]}
PASS cr flow 1280x800@100 dark архив: время и остаток в инспекторе {"meta":["0:00","51 cells"]}
PASS cr flow 1280x800@100 dark архив: шпаргалка клавиш — только от высоты 800 (800) {"legend":true}
PASS cr flow 1280x800@100 dark архив: контраст текстов тулбара и инспектора ≥ 4.5:1 {"n":47,"min":5.93,"low":[]}
PASS cr flow 1280x800@100 dark: архив — «‹ Year» в тулбаре партии {}
PASS cr flow 1280x800@100 dark: архив — без ошибок JS {"errs":[]}
PASS cr flow 1280x800@100 dark: Tab — фокус с кольцом и в окне (15 остановок) {"stops":["hint-button","open-settings","Row 1, column 3, empty","Enter 1, 6 left","Enter 2, 7 left","Enter 3, 6 left","Enter 4, 7 left","Enter 5, 6 left","Enter 6, 4 left","Enter 7, 6 left","Enter 8, 4 left","Enter 9, 5 left","Notes","Undo","Erase"],"bad":[]}
PASS cr flow 1280x800@100 dark: решено — тулбар партии с кнопкой, поле на месте, карточка в инспекторе (PD-268) {"card":[1033,12,235,520],"insp":[1020,0,260,800]}
PASS cr flow 1280x800@100 dark: без ошибок JS {"errs":[]}
PASS cr flow 1920x1080@150 light: клавиатура — стрелка выбирает, цифра ставится (51 cells → 50 cells), N — заметки, Control+Z — отмена (51 cells) {"selAfterArrow":"3","left0":"51 cells","left1":"50 cells","notesOn":"true","left2":"51 cells"}
PASS cr flow 1920x1080@150 light: клик по клавише 4 панели 3 × 3 ставит цифру {"left3":"50 cells"}
PASS cr flow 1920x1080@150 light: шит правила подсказки — в слое окна, затемнение от края сайдбара, сайдбар не накрыт {"scrim":[248,0,1032,720],"sideRight":240,"sideHit":true}
PASS cr flow 1920x1080@150 light: пока шит открыт, сайдбар недоступен (inert) — модальность окна {}
PASS cr flow 1920x1080@150 light: Enter → док подсказки в инспекторе вместо панели, поле не сдвинулось {"dock":true,"keys":0,"board0":[336,72,596,596],"board1":[336,72,596,596]}
PASS cr flow 1920x1080@150 light: Esc закрывает док — панель 3 × 3 снова в инспекторе {"keys":9}
PASS cr flow 1920x1080@150 light: шит Fill — в области контента (затемнение от края сайдбара, шит правее сайдбара) {"scrim":[248,0,1032,720],"sheet":[484,479,560,241]}
PASS cr flow 1920x1080@150 light партия Play: раскладка — тулбар партии + инспектор (не колонка телефона) {"deskPlay":true,"tbDesk":true,"insp":true,"gap":false}
PASS cr flow 1920x1080@150 light партия Play: нет горизонтальной прокрутки {"scrollW":1280,"vw":1280}
PASS cr flow 1920x1080@150 light партия Play: тулбар 52 px над полем, слева от инспектора {"tb":[248,0,772,52]}
PASS cr flow 1920x1080@150 light партия Play: кнопка сайдбара — в тулбаре, перед заголовком, без наложения; одна на экране {"toggle":[256,8,36,36],"titleLeft":302}
PASS cr flow 1920x1080@150 light партия Play: поле 81 клетка, квадратное, min(720, окно − 124, область − 96) = 596 {"board":[336,72,596,596],"want":596}
PASS cr flow 1920x1080@150 light партия Play: поле по центру области контента, не под сайдбаром и не под инспектором {"center":634,"want":634}
PASS cr flow 1920x1080@150 light партия Play: инспектор справа во всю высоту, ширина clamp(260, 20vw, 320), без прокрутки {"insp":[1020,0,260,720],"want":260,"scrolls":false}
PASS cr flow 1920x1080@150 light партия Play: панель 3 × 3 (9 клавиш, ≥ 44 px), в инспекторе {"keys":9,"cols":3,"rows":3,"h":64}
PASS cr flow 1920x1080@150 light партия Play: действия с чипами клавиш N / ⌘Z|Ctrl+Z / ⌫ и aria-keyshortcuts {"acts":[{"label":"Notes","kbd":"N","ks":"N"},{"label":"Undo","kbd":"⌘Z","ks":"Meta+Z Control+Z"},{"label":"Erase","kbd":"⌫","ks":"Backspace Delete"}]}
PASS cr flow 1920x1080@150 light партия Play: время и остаток в инспекторе {"meta":["0:01","43 cells"]}
PASS cr flow 1920x1080@150 light партия Play: шпаргалка клавиш — только от высоты 800 (720) {"legend":false}
PASS cr flow 1920x1080@150 light партия Play: контраст текстов тулбара и инспектора ≥ 4.5:1 {"n":28,"min":4.83,"low":[]}
PASS cr flow 1920x1080@150 light: меню ⋯ — под кнопкой (правый край по кнопке), не над инспектором; затемнение от сайдбара {"menu":[788,52,230,88],"more":[974,4,44,44],"inspLeft":1020}
PASS cr flow 1920x1080@150 light: «Новая сетка» → шит режима в области контента {"scrim":[248,0,1032,720],"sheet":[484,167,560,553]}
PASS cr flow 1920x1080@150 light: контекстное меню режима — правее сайдбара {"ctx":[444,248,320,169]}
PASS cr flow 1920x1080@150 light: тост «Отменить» — в области контента (≤ 560, по центру), низ сайдбара не перекрыт {"toast":[484,654,560,50],"sideRight":240}
PASS cr flow 1920x1080@150 light сайдбар скрыт: раскладка — тулбар партии + инспектор (не колонка телефона) {"deskPlay":true,"tbDesk":true,"insp":true,"gap":false}
PASS cr flow 1920x1080@150 light сайдбар скрыт: нет горизонтальной прокрутки {"scrollW":1280,"vw":1280}
PASS cr flow 1920x1080@150 light сайдбар скрыт: тулбар 52 px над полем, слева от инспектора {"tb":[0,0,1020,52]}
PASS cr flow 1920x1080@150 light сайдбар скрыт: кнопка сайдбара — в тулбаре, перед заголовком, без наложения; одна на экране {"toggle":[8,8,36,36],"titleLeft":54}
PASS cr flow 1920x1080@150 light сайдбар скрыт: поле 81 клетка, квадратное, min(720, окно − 124, область − 96) = 596 {"board":[212,72,596,596],"want":596}
PASS cr flow 1920x1080@150 light сайдбар скрыт: поле по центру области контента, не под сайдбаром и не под инспектором {"center":510,"want":510}
PASS cr flow 1920x1080@150 light сайдбар скрыт: инспектор справа во всю высоту, ширина clamp(260, 20vw, 320), без прокрутки {"insp":[1020,0,260,720],"want":260,"scrolls":false}
PASS cr flow 1920x1080@150 light сайдбар скрыт: панель 3 × 3 (9 клавиш, ≥ 44 px), в инспекторе {"keys":9,"cols":3,"rows":3,"h":64}
PASS cr flow 1920x1080@150 light сайдбар скрыт: действия с чипами клавиш N / ⌘Z|Ctrl+Z / ⌫ и aria-keyshortcuts {"acts":[{"label":"Notes","kbd":"N","ks":"N"},{"label":"Undo","kbd":"⌘Z","ks":"Meta+Z Control+Z"},{"label":"Erase","kbd":"⌫","ks":"Backspace Delete"}]}
PASS cr flow 1920x1080@150 light сайдбар скрыт: время и остаток в инспекторе {"meta":["0:07","51 cells"]}
PASS cr flow 1920x1080@150 light сайдбар скрыт: шпаргалка клавиш — только от высоты 800 (720) {"legend":false}
PASS cr flow 1920x1080@150 light сайдбар скрыт: контраст текстов тулбара и инспектора ≥ 4.5:1 {"n":32,"min":4.54,"low":[]}
PASS cr flow 1920x1080@150 light: сайдбар скрыт — кнопка «Show sidebar» в тулбаре у левого края {"toggle":[8,8,36,36]}
PASS cr flow 1920x1080@150 light: Year — кнопка в шапке, перед заголовком {"toggle":[256,8,36,36],"title":[304,13,64,31]}
PASS cr flow 1920x1080@150 light: Settings — кнопка в навбаре, перед «‹» {"toggle":[256,10,36,36],"back":[300,6,69,44]}
PASS cr flow 1920x1080@150 light архив: раскладка — тулбар партии + инспектор (не колонка телефона) {"deskPlay":true,"tbDesk":true,"insp":true,"gap":false}
PASS cr flow 1920x1080@150 light архив: нет горизонтальной прокрутки {"scrollW":1280,"vw":1280}
PASS cr flow 1920x1080@150 light архив: тулбар 52 px над полем, слева от инспектора {"tb":[248,0,772,52]}
PASS cr flow 1920x1080@150 light архив: кнопка сайдбара — в тулбаре, перед заголовком, без наложения; одна на экране {"toggle":[256,8,36,36],"titleLeft":378}
PASS cr flow 1920x1080@150 light архив: поле 81 клетка, квадратное, min(720, окно − 124, область − 96) = 596 {"board":[336,72,596,596],"want":596}
PASS cr flow 1920x1080@150 light архив: поле по центру области контента, не под сайдбаром и не под инспектором {"center":634,"want":634}
PASS cr flow 1920x1080@150 light архив: инспектор справа во всю высоту, ширина clamp(260, 20vw, 320), без прокрутки {"insp":[1020,0,260,720],"want":260,"scrolls":false}
PASS cr flow 1920x1080@150 light архив: панель 3 × 3 (9 клавиш, ≥ 44 px), в инспекторе {"keys":9,"cols":3,"rows":3,"h":64}
PASS cr flow 1920x1080@150 light архив: действия с чипами клавиш N / ⌘Z|Ctrl+Z / ⌫ и aria-keyshortcuts {"acts":[{"label":"Notes","kbd":"N","ks":"N"},{"label":"Undo","kbd":"⌘Z","ks":"Meta+Z Control+Z"},{"label":"Erase","kbd":"⌫","ks":"Backspace Delete"}]}
PASS cr flow 1920x1080@150 light архив: время и остаток в инспекторе {"meta":["0:00","51 cells"]}
PASS cr flow 1920x1080@150 light архив: шпаргалка клавиш — только от высоты 800 (720) {"legend":false}
PASS cr flow 1920x1080@150 light архив: контраст текстов тулбара и инспектора ≥ 4.5:1 {"n":30,"min":4.54,"low":[]}
PASS cr flow 1920x1080@150 light: архив — «‹ Year» в тулбаре партии {}
PASS cr flow 1920x1080@150 light: архив — без ошибок JS {"errs":[]}
PASS cr flow 1920x1080@150 light: Tab — фокус с кольцом и в окне (15 остановок) {"stops":["hint-button","open-settings","Row 1, column 3, empty","Enter 1, 6 left","Enter 2, 7 left","Enter 3, 6 left","Enter 4, 7 left","Enter 5, 6 left","Enter 6, 4 left","Enter 7, 6 left","Enter 8, 4 left","Enter 9, 5 left","Notes","Undo","Erase"],"bad":[]}
PASS cr flow 1920x1080@150 light: решено — тулбар партии с кнопкой, поле на месте, карточка в инспекторе (PD-268) {"card":[1033,12,235,520],"insp":[1020,0,260,720]}
PASS cr flow 1920x1080@150 light: без ошибок JS {"errs":[]}
PASS cr phone 393x852 light today: кадр = main {"diffPx":0,"attempt":1}
PASS cr phone 393x852 light today: DOM = main {}
PASS cr phone 393x852 light hub: кадр = main {"diffPx":0,"attempt":1}
PASS cr phone 393x852 light hub: DOM = main {}
PASS cr phone 393x852 light play: кадр = main {"diffPx":0,"attempt":1}
PASS cr phone 393x852 light play: DOM = main {}
PASS cr phone 393x852 light year: кадр = main {"diffPx":0,"attempt":1}
PASS cr phone 393x852 light year: DOM = main {}
PASS cr phone 393x852 light settings: кадр = main {"diffPx":0,"attempt":1}
PASS cr phone 393x852 light settings: DOM = main {}
PASS cr phone 393x852 dark today: кадр = main {"diffPx":0,"attempt":1}
PASS cr phone 393x852 dark today: DOM = main {}
PASS cr phone 393x852 dark hub: кадр = main {"diffPx":0,"attempt":1}
PASS cr phone 393x852 dark hub: DOM = main {}
PASS cr phone 393x852 dark play: кадр = main {"diffPx":0,"attempt":1}
PASS cr phone 393x852 dark play: DOM = main {}
PASS cr phone 393x852 dark year: кадр = main {"diffPx":0,"attempt":1}
PASS cr phone 393x852 dark year: DOM = main {}
PASS cr phone 393x852 dark settings: кадр = main {"diffPx":0,"attempt":1}
PASS cr phone 393x852 dark settings: DOM = main {}
PASS cr phone 320x568 light today: кадр = main {"diffPx":0,"attempt":1}
PASS cr phone 320x568 light today: DOM = main {}
PASS cr phone 320x568 light hub: кадр = main {"diffPx":0,"attempt":1}
PASS cr phone 320x568 light hub: DOM = main {}
PASS cr phone 320x568 light play: кадр = main {"diffPx":0,"attempt":1}
PASS cr phone 320x568 light play: DOM = main {}
PASS cr phone 320x568 light year: кадр = main {"diffPx":0,"attempt":1}
PASS cr phone 320x568 light year: DOM = main {}
PASS cr phone 320x568 light settings: кадр = main {"diffPx":0,"attempt":1}
PASS cr phone 320x568 light settings: DOM = main {}
PASS cr phone 852x393 light today: кадр = main {"diffPx":0,"attempt":1}
PASS cr phone 852x393 light today: DOM = main {}
PASS cr phone 852x393 light hub: кадр = main {"diffPx":0,"attempt":1}
PASS cr phone 852x393 light hub: DOM = main {}
PASS cr phone 852x393 light play: кадр = main {"diffPx":0,"attempt":1}
PASS cr phone 852x393 light play: DOM = main {}
PASS cr phone 852x393 light year: кадр = main {"diffPx":0,"attempt":1}
PASS cr phone 852x393 light year: DOM = main {}
PASS cr phone 852x393 light settings: кадр = main {"diffPx":0,"attempt":1}
PASS cr phone 852x393 light settings: DOM = main {}

364/364 PASS
