PASS wk phone 393x852 light today: кадр = main {"diffPx":0,"attempt":1}
PASS wk phone 393x852 light today: DOM = main {}
PASS wk phone 393x852 light hub: кадр = main {"diffPx":0,"attempt":1}
PASS wk phone 393x852 light hub: DOM = main {}
PASS wk phone 393x852 light play: кадр = main {"diffPx":0,"attempt":1}
PASS wk phone 393x852 light play: DOM = main {}
PASS wk phone 393x852 light year: кадр = main {"diffPx":0,"attempt":1}
PASS wk phone 393x852 light year: DOM = main {}
PASS wk phone 393x852 light settings: кадр = main {"diffPx":0,"attempt":1}
PASS wk phone 393x852 light settings: DOM = main {}
PASS wk phone 393x852 light today-solved: кадр = main {"diffPx":0,"attempt":1}
PASS wk phone 393x852 light today-solved: DOM = main {}
PASS wk phone 393x852 light today-solved-bottom: кадр = main {"diffPx":0,"attempt":1}
PASS wk phone 393x852 light today-solved-bottom: DOM = main {}
PASS wk phone 393x852 dark today: кадр = main {"diffPx":0,"attempt":1}
PASS wk phone 393x852 dark today: DOM = main {}
PASS wk phone 393x852 dark hub: кадр = main {"diffPx":0,"attempt":1}
PASS wk phone 393x852 dark hub: DOM = main {}
PASS wk phone 393x852 dark play: кадр = main {"diffPx":0,"attempt":1}
PASS wk phone 393x852 dark play: DOM = main {}
PASS wk phone 393x852 dark year: кадр = main {"diffPx":0,"attempt":1}
PASS wk phone 393x852 dark year: DOM = main {}
PASS wk phone 393x852 dark settings: кадр = main {"diffPx":0,"attempt":1}
PASS wk phone 393x852 dark settings: DOM = main {}
PASS wk phone 393x852 dark today-solved: кадр = main {"diffPx":0,"attempt":1}
PASS wk phone 393x852 dark today-solved: DOM = main {}
PASS wk phone 393x852 dark today-solved-bottom: кадр = main {"diffPx":0,"attempt":1}
PASS wk phone 393x852 dark today-solved-bottom: DOM = main {}
PASS wk phone 320x568 light today: кадр = main {"diffPx":0,"attempt":1}
PASS wk phone 320x568 light today: DOM = main {}
PASS wk phone 320x568 light hub: кадр = main {"diffPx":0,"attempt":1}
PASS wk phone 320x568 light hub: DOM = main {}
PASS wk phone 320x568 light play: кадр = main {"diffPx":0,"attempt":1}
PASS wk phone 320x568 light play: DOM = main {}
PASS wk phone 320x568 light year: кадр = main {"diffPx":0,"attempt":1}
PASS wk phone 320x568 light year: DOM = main {}
PASS wk phone 320x568 light settings: кадр = main {"diffPx":0,"attempt":1}
PASS wk phone 320x568 light settings: DOM = main {}
PASS wk phone 320x568 light today-solved: кадр = main {"diffPx":0,"attempt":1}
PASS wk phone 320x568 light today-solved: DOM = main {}
PASS wk phone 320x568 light today-solved-bottom: кадр = main {"diffPx":0,"attempt":1}
PASS wk phone 320x568 light today-solved-bottom: DOM = main {}
PASS wk phone 852x393 light today: кадр = main {"diffPx":0,"attempt":1}
PASS wk phone 852x393 light today: DOM = main {}
PASS wk phone 852x393 light hub: кадр = main {"diffPx":0,"attempt":1}
PASS wk phone 852x393 light hub: DOM = main {}
PASS wk phone 852x393 light play: кадр = main {"diffPx":0,"attempt":1}
PASS wk phone 852x393 light play: DOM = main {}
PASS wk phone 852x393 light year: кадр = main {"diffPx":0,"attempt":1}
PASS wk phone 852x393 light year: DOM = main {}
PASS wk phone 852x393 light settings: кадр = main {"diffPx":0,"attempt":1}
PASS wk phone 852x393 light settings: DOM = main {}
PASS wk phone 852x393 light today-solved: кадр = main {"diffPx":0,"attempt":1}
PASS wk phone 852x393 light today-solved: DOM = main {}
PASS wk phone 852x393 light today-solved-bottom: кадр = main {"diffPx":0,"attempt":1}
PASS wk phone 852x393 light today-solved-bottom: DOM = main {}

56/56 PASS
