PASS wk party 1280x800@100 light (1280x800): раскладка с сайдбаром, партия .play-fit.desk-play {"shell":"shell desk","play":"play today play-fit play-hintable desk-play"}
PASS wk party 1280x800@100 light (1280x800): у детей партии (тулбар, область поля, инспектор) нет полей колонки PD-269 {"kids":[]}
PASS wk party 1280x800@100 light (1280x800): поле = min(720, окно − 124, область − 96) = 676, по центру области поля {"board":[296,72,676,676],"stage":[248,52,772,748],"want":676}
PASS wk party 1280x800@100 light (1280x800): инспектор clamp(260, 20vw, 320) = 260 у правого края, во всю высоту {"insp":[1020,0,260,800]}
PASS wk party 1280x800@100 light (1280x800): нет горизонтальной прокрутки {"scrollW":1280}
PASS wk party 1280x800@100 light (1280x800): панель 1–9 и действия — в инспекторе {"pad":[1041,162,219,208],"actions":[1041,382,219,144]}
PASS wk party 1280x800@100 light (1280x800) solved: Today остаётся партией — .today:not(.play-fit) (колонка 640 PD-269) нет {"notFit":0,"play":"play today play-fit play-hintable desk-play"}
PASS wk party 1280x800@100 light (1280x800) solved: поле того же размера на месте, область без полей {"board0":[296,72,676,676],"board1":[296,72,676,676]}
PASS wk party 1280x800@100 light (1280x800) solved: карточка — в инспекторе во всю его ширину (− 24), без полей колонки {"card":[1033,12,235,448],"insp":[1020,0,260,800],"margin":["0px","0px"]}
PASS wk party 1280x800@100 light (1280x800) solved: Grid ∞ — в инспекторе {"grid":[1076,515,150,150]}
PASS wk party 1280x800@100 light (1280x800) solved: Timelapse — шит 560 (≤ 560) по центру области контента, правее сайдбара, в окне {"sheet":[484,96,560,704],"scrim":[248,0,1032,800]}
PASS wk party 1280x800@100 light (1280x800): без ошибок JS {"errs":[]}
PASS wk party 1280x800@100 dark (1280x800): раскладка с сайдбаром, партия .play-fit.desk-play {"shell":"shell desk","play":"play today play-fit play-hintable desk-play"}
PASS wk party 1280x800@100 dark (1280x800): у детей партии (тулбар, область поля, инспектор) нет полей колонки PD-269 {"kids":[]}
PASS wk party 1280x800@100 dark (1280x800): поле = min(720, окно − 124, область − 96) = 676, по центру области поля {"board":[296,72,676,676],"stage":[248,52,772,748],"want":676}
PASS wk party 1280x800@100 dark (1280x800): инспектор clamp(260, 20vw, 320) = 260 у правого края, во всю высоту {"insp":[1020,0,260,800]}
PASS wk party 1280x800@100 dark (1280x800): нет горизонтальной прокрутки {"scrollW":1280}
PASS wk party 1280x800@100 dark (1280x800): панель 1–9 и действия — в инспекторе {"pad":[1041,162,219,208],"actions":[1041,382,219,144]}
PASS wk party 1280x800@100 dark (1280x800): без ошибок JS {"errs":[]}
PASS wk party 1280x800@125 light (1024x640): раскладка компакт C, партия .play-fit.desk-play {"shell":"shell desk compact side-off","play":"play today play-fit play-hintable desk-play"}
PASS wk party 1280x800@125 light (1024x640): у детей партии (тулбар, область поля, инспектор) нет полей колонки PD-269 {"kids":[]}
PASS wk party 1280x800@125 light (1024x640): поле = min(720, окно − 124, область − 96) = 516, по центру области поля {"board":[124,72,516,516],"stage":[0,52,764,588],"want":516}
PASS wk party 1280x800@125 light (1024x640): инспектор clamp(260, 20vw, 320) = 260 у правого края, во всю высоту {"insp":[764,0,260,640]}
PASS wk party 1280x800@125 light (1024x640): нет горизонтальной прокрутки {"scrollW":1024}
PASS wk party 1280x800@125 light (1024x640): панель 1–9 и действия — в инспекторе {"pad":[781,150,227,172],"actions":[781,334,227,94]}
PASS wk party 1280x800@125 light (1024x640): без ошибок JS {"errs":[]}
PASS wk party 1280x800@125 dark (1024x640): раскладка компакт C, партия .play-fit.desk-play {"shell":"shell desk compact side-off","play":"play today play-fit play-hintable desk-play"}
PASS wk party 1280x800@125 dark (1024x640): у детей партии (тулбар, область поля, инспектор) нет полей колонки PD-269 {"kids":[]}
PASS wk party 1280x800@125 dark (1024x640): поле = min(720, окно − 124, область − 96) = 516, по центру области поля {"board":[124,72,516,516],"stage":[0,52,764,588],"want":516}
PASS wk party 1280x800@125 dark (1024x640): инспектор clamp(260, 20vw, 320) = 260 у правого края, во всю высоту {"insp":[764,0,260,640]}
PASS wk party 1280x800@125 dark (1024x640): нет горизонтальной прокрутки {"scrollW":1024}
PASS wk party 1280x800@125 dark (1024x640): панель 1–9 и действия — в инспекторе {"pad":[781,150,227,172],"actions":[781,334,227,94]}
PASS wk party 1280x800@125 dark (1024x640): без ошибок JS {"errs":[]}
PASS wk party 1280x800@150 light (853x533): раскладка компакт C, партия .play-fit.desk-play {"shell":"shell desk compact side-off","play":"play today play-fit play-hintable desk-play"}
PASS wk party 1280x800@150 light (853x533): у детей партии (тулбар, область поля, инспектор) нет полей колонки PD-269 {"kids":[]}
PASS wk party 1280x800@150 light (853x533): поле = min(720, окно − 124, область − 96) = 409, по центру области поля {"board":[92,72,409,409],"stage":[0,52,593,481],"want":409}
PASS wk party 1280x800@150 light (853x533): инспектор clamp(260, 20vw, 320) = 260 у правого края, во всю высоту {"insp":[593,0,260,533]}
PASS wk party 1280x800@150 light (853x533): нет горизонтальной прокрутки {"scrollW":853}
PASS wk party 1280x800@150 light (853x533): панель 1–9 и действия — в инспекторе {"pad":[610,149,227,172],"actions":[610,333,227,94]}
PASS wk party 1280x800@150 light (853x533): без ошибок JS {"errs":[]}
PASS wk party 1280x800@150 dark (853x533): раскладка компакт C, партия .play-fit.desk-play {"shell":"shell desk compact side-off","play":"play today play-fit play-hintable desk-play"}
PASS wk party 1280x800@150 dark (853x533): у детей партии (тулбар, область поля, инспектор) нет полей колонки PD-269 {"kids":[]}
PASS wk party 1280x800@150 dark (853x533): поле = min(720, окно − 124, область − 96) = 409, по центру области поля {"board":[92,72,409,409],"stage":[0,52,593,481],"want":409}
PASS wk party 1280x800@150 dark (853x533): инспектор clamp(260, 20vw, 320) = 260 у правого края, во всю высоту {"insp":[593,0,260,533]}
PASS wk party 1280x800@150 dark (853x533): нет горизонтальной прокрутки {"scrollW":853}
PASS wk party 1280x800@150 dark (853x533): панель 1–9 и действия — в инспекторе {"pad":[610,149,227,172],"actions":[610,333,227,94]}
PASS wk party 1280x800@150 dark (853x533): без ошибок JS {"errs":[]}
PASS wk party 1440x900@100 light (1440x900): раскладка с сайдбаром, партия .play-fit.desk-play {"shell":"shell desk","play":"play today play-fit play-hintable desk-play"}
PASS wk party 1440x900@100 light (1440x900): у детей партии (тулбар, область поля, инспектор) нет полей колонки PD-269 {"kids":[]}
PASS wk party 1440x900@100 light (1440x900): поле = min(720, окно − 124, область − 96) = 720, по центру области поля {"board":[340,72,720,720],"stage":[248,52,904,848],"want":720}
PASS wk party 1440x900@100 light (1440x900): инспектор clamp(260, 20vw, 320) = 288 у правого края, во всю высоту {"insp":[1152,0,288,900]}
PASS wk party 1440x900@100 light (1440x900): нет горизонтальной прокрутки {"scrollW":1440}
PASS wk party 1440x900@100 light (1440x900): панель 1–9 и действия — в инспекторе {"pad":[1173,162,247,208],"actions":[1173,382,247,144]}
PASS wk party 1440x900@100 light (1440x900): без ошибок JS {"errs":[]}
PASS wk party 1440x900@100 dark (1440x900): раскладка с сайдбаром, партия .play-fit.desk-play {"shell":"shell desk","play":"play today play-fit play-hintable desk-play"}
PASS wk party 1440x900@100 dark (1440x900): у детей партии (тулбар, область поля, инспектор) нет полей колонки PD-269 {"kids":[]}
PASS wk party 1440x900@100 dark (1440x900): поле = min(720, окно − 124, область − 96) = 720, по центру области поля {"board":[340,72,720,720],"stage":[248,52,904,848],"want":720}
PASS wk party 1440x900@100 dark (1440x900): инспектор clamp(260, 20vw, 320) = 288 у правого края, во всю высоту {"insp":[1152,0,288,900]}
PASS wk party 1440x900@100 dark (1440x900): нет горизонтальной прокрутки {"scrollW":1440}
PASS wk party 1440x900@100 dark (1440x900): панель 1–9 и действия — в инспекторе {"pad":[1173,162,247,208],"actions":[1173,382,247,144]}
PASS wk party 1440x900@100 dark (1440x900): без ошибок JS {"errs":[]}
PASS wk party 1440x900@125 light (1152x720): раскладка с сайдбаром, партия .play-fit.desk-play {"shell":"shell desk","play":"play today play-fit play-hintable desk-play"}
PASS wk party 1440x900@125 light (1152x720): у детей партии (тулбар, область поля, инспектор) нет полей колонки PD-269 {"kids":[]}
PASS wk party 1440x900@125 light (1152x720): поле = min(720, окно − 124, область − 96) = 548, по центру области поля {"board":[296,72,548,548],"stage":[248,52,644,668],"want":548}
PASS wk party 1440x900@125 light (1152x720): инспектор clamp(260, 20vw, 320) = 260 у правого края, во всю высоту {"insp":[892,0,260,720]}
PASS wk party 1440x900@125 light (1152x720): нет горизонтальной прокрутки {"scrollW":1152}
PASS wk party 1440x900@125 light (1152x720): панель 1–9 и действия — в инспекторе {"pad":[913,162,219,208],"actions":[913,382,219,144]}
PASS wk party 1440x900@125 light (1152x720) solved: Today остаётся партией — .today:not(.play-fit) (колонка 640 PD-269) нет {"notFit":0,"play":"play today play-fit play-hintable desk-play"}
PASS wk party 1440x900@125 light (1152x720) solved: поле того же размера на месте, область без полей {"board0":[296,72,548,548],"board1":[296,72,548,548]}
PASS wk party 1440x900@125 light (1152x720) solved: карточка — в инспекторе во всю его ширину (− 24), без полей колонки {"card":[905,12,235,448],"insp":[892,0,260,720],"margin":["0px","0px"]}
PASS wk party 1440x900@125 light (1152x720) solved: Grid ∞ — в инспекторе {"grid":[947,515,150,150]}
PASS wk party 1440x900@125 light (1152x720) solved: Timelapse — шит 560 (≤ 560) по центру области контента, правее сайдбара, в окне {"sheet":[420,86,560,634],"scrim":[248,0,904,720]}
PASS wk party 1440x900@125 light (1152x720): без ошибок JS {"errs":[]}
PASS wk party 1440x900@125 dark (1152x720): раскладка с сайдбаром, партия .play-fit.desk-play {"shell":"shell desk","play":"play today play-fit play-hintable desk-play"}
PASS wk party 1440x900@125 dark (1152x720): у детей партии (тулбар, область поля, инспектор) нет полей колонки PD-269 {"kids":[]}
PASS wk party 1440x900@125 dark (1152x720): поле = min(720, окно − 124, область − 96) = 548, по центру области поля {"board":[296,72,548,548],"stage":[248,52,644,668],"want":548}
PASS wk party 1440x900@125 dark (1152x720): инспектор clamp(260, 20vw, 320) = 260 у правого края, во всю высоту {"insp":[892,0,260,720]}
PASS wk party 1440x900@125 dark (1152x720): нет горизонтальной прокрутки {"scrollW":1152}
PASS wk party 1440x900@125 dark (1152x720): панель 1–9 и действия — в инспекторе {"pad":[913,162,219,208],"actions":[913,382,219,144]}
PASS wk party 1440x900@125 dark (1152x720): без ошибок JS {"errs":[]}
PASS wk party 1440x900@150 light (960x600): раскладка компакт C, партия .play-fit.desk-play {"shell":"shell desk compact side-off","play":"play today play-fit play-hintable desk-play"}
PASS wk party 1440x900@150 light (960x600): у детей партии (тулбар, область поля, инспектор) нет полей колонки PD-269 {"kids":[]}
PASS wk party 1440x900@150 light (960x600): поле = min(720, окно − 124, область − 96) = 476, по центру области поля {"board":[112,72,476,476],"stage":[0,52,700,548],"want":476}
PASS wk party 1440x900@150 light (960x600): инспектор clamp(260, 20vw, 320) = 260 у правого края, во всю высоту {"insp":[700,0,260,600]}
PASS wk party 1440x900@150 light (960x600): нет горизонтальной прокрутки {"scrollW":960}
PASS wk party 1440x900@150 light (960x600): панель 1–9 и действия — в инспекторе {"pad":[717,149,227,172],"actions":[717,333,227,94]}
PASS wk party 1440x900@150 light (960x600): без ошибок JS {"errs":[]}
PASS wk party 1440x900@150 dark (960x600): раскладка компакт C, партия .play-fit.desk-play {"shell":"shell desk compact side-off","play":"play today play-fit play-hintable desk-play"}
PASS wk party 1440x900@150 dark (960x600): у детей партии (тулбар, область поля, инспектор) нет полей колонки PD-269 {"kids":[]}
PASS wk party 1440x900@150 dark (960x600): поле = min(720, окно − 124, область − 96) = 476, по центру области поля {"board":[112,72,476,476],"stage":[0,52,700,548],"want":476}
PASS wk party 1440x900@150 dark (960x600): инспектор clamp(260, 20vw, 320) = 260 у правого края, во всю высоту {"insp":[700,0,260,600]}
PASS wk party 1440x900@150 dark (960x600): нет горизонтальной прокрутки {"scrollW":960}
PASS wk party 1440x900@150 dark (960x600): панель 1–9 и действия — в инспекторе {"pad":[717,149,227,172],"actions":[717,333,227,94]}
PASS wk party 1440x900@150 dark (960x600): без ошибок JS {"errs":[]}
PASS wk party 1920x1080@100 light (1920x1080): раскладка с сайдбаром, партия .play-fit.desk-play {"shell":"shell desk","play":"play today play-fit play-hintable desk-play"}
PASS wk party 1920x1080@100 light (1920x1080): у детей партии (тулбар, область поля, инспектор) нет полей колонки PD-269 {"kids":[]}
PASS wk party 1920x1080@100 light (1920x1080): поле = min(720, окно − 124, область − 96) = 720, по центру области поля {"board":[564,72,720,720],"stage":[248,52,1352,1028],"want":720}
PASS wk party 1920x1080@100 light (1920x1080): инспектор clamp(260, 20vw, 320) = 320 у правого края, во всю высоту {"insp":[1600,0,320,1080]}
PASS wk party 1920x1080@100 light (1920x1080): нет горизонтальной прокрутки {"scrollW":1920}
PASS wk party 1920x1080@100 light (1920x1080): панель 1–9 и действия — в инспекторе {"pad":[1621,162,279,208],"actions":[1621,382,279,144]}
PASS wk party 1920x1080@100 light (1920x1080): без ошибок JS {"errs":[]}
PASS wk party 1920x1080@100 dark (1920x1080): раскладка с сайдбаром, партия .play-fit.desk-play {"shell":"shell desk","play":"play today play-fit play-hintable desk-play"}
PASS wk party 1920x1080@100 dark (1920x1080): у детей партии (тулбар, область поля, инспектор) нет полей колонки PD-269 {"kids":[]}
PASS wk party 1920x1080@100 dark (1920x1080): поле = min(720, окно − 124, область − 96) = 720, по центру области поля {"board":[564,72,720,720],"stage":[248,52,1352,1028],"want":720}
PASS wk party 1920x1080@100 dark (1920x1080): инспектор clamp(260, 20vw, 320) = 320 у правого края, во всю высоту {"insp":[1600,0,320,1080]}
PASS wk party 1920x1080@100 dark (1920x1080): нет горизонтальной прокрутки {"scrollW":1920}
PASS wk party 1920x1080@100 dark (1920x1080): панель 1–9 и действия — в инспекторе {"pad":[1621,162,279,208],"actions":[1621,382,279,144]}
PASS wk party 1920x1080@100 dark (1920x1080) solved: Today остаётся партией — .today:not(.play-fit) (колонка 640 PD-269) нет {"notFit":0,"play":"play today play-fit play-hintable desk-play"}
PASS wk party 1920x1080@100 dark (1920x1080) solved: поле того же размера на месте, область без полей {"board0":[564,72,720,720],"board1":[564,72,720,720]}
PASS wk party 1920x1080@100 dark (1920x1080) solved: карточка — в инспекторе во всю его ширину (− 24), без полей колонки {"card":[1613,12,295,448],"insp":[1600,0,320,1080],"margin":["0px","0px"]}
PASS wk party 1920x1080@100 dark (1920x1080) solved: Grid ∞ — в инспекторе {"grid":[1686,500,150,150]}
PASS wk party 1920x1080@100 dark (1920x1080) solved: Timelapse — шит 560 (≤ 560) по центру области контента, правее сайдбара, в окне {"sheet":[804,319,560,761],"scrim":[248,0,1672,1080]}
PASS wk party 1920x1080@100 dark (1920x1080): без ошибок JS {"errs":[]}
PASS wk party 1920x1080@125 light (1536x864): раскладка с сайдбаром, партия .play-fit.desk-play {"shell":"shell desk","play":"play today play-fit play-hintable desk-play"}
PASS wk party 1920x1080@125 light (1536x864): у детей партии (тулбар, область поля, инспектор) нет полей колонки PD-269 {"kids":[]}
PASS wk party 1920x1080@125 light (1536x864): поле = min(720, окно − 124, область − 96) = 720, по центру области поля {"board":[378,72,720,720],"stage":[248,52,981,812],"want":720}
PASS wk party 1920x1080@125 light (1536x864): инспектор clamp(260, 20vw, 320) = 307 у правого края, во всю высоту {"insp":[1229,0,307,864]}
PASS wk party 1920x1080@125 light (1536x864): нет горизонтальной прокрутки {"scrollW":1536}
PASS wk party 1920x1080@125 light (1536x864): панель 1–9 и действия — в инспекторе {"pad":[1250,162,266,208],"actions":[1250,382,266,144]}
PASS wk party 1920x1080@125 light (1536x864): без ошибок JS {"errs":[]}
PASS wk party 1920x1080@125 dark (1536x864): раскладка с сайдбаром, партия .play-fit.desk-play {"shell":"shell desk","play":"play today play-fit play-hintable desk-play"}
PASS wk party 1920x1080@125 dark (1536x864): у детей партии (тулбар, область поля, инспектор) нет полей колонки PD-269 {"kids":[]}
PASS wk party 1920x1080@125 dark (1536x864): поле = min(720, окно − 124, область − 96) = 720, по центру области поля {"board":[378,72,720,720],"stage":[248,52,981,812],"want":720}
PASS wk party 1920x1080@125 dark (1536x864): инспектор clamp(260, 20vw, 320) = 307 у правого края, во всю высоту {"insp":[1229,0,307,864]}
PASS wk party 1920x1080@125 dark (1536x864): нет горизонтальной прокрутки {"scrollW":1536}
PASS wk party 1920x1080@125 dark (1536x864): панель 1–9 и действия — в инспекторе {"pad":[1250,162,266,208],"actions":[1250,382,266,144]}
PASS wk party 1920x1080@125 dark (1536x864): без ошибок JS {"errs":[]}
PASS wk party 1920x1080@150 light (1280x720): раскладка с сайдбаром, партия .play-fit.desk-play {"shell":"shell desk","play":"play today play-fit play-hintable desk-play"}
PASS wk party 1920x1080@150 light (1280x720): у детей партии (тулбар, область поля, инспектор) нет полей колонки PD-269 {"kids":[]}
PASS wk party 1920x1080@150 light (1280x720): поле = min(720, окно − 124, область − 96) = 596, по центру области поля {"board":[336,72,596,596],"stage":[248,52,772,668],"want":596}
PASS wk party 1920x1080@150 light (1280x720): инспектор clamp(260, 20vw, 320) = 260 у правого края, во всю высоту {"insp":[1020,0,260,720]}
PASS wk party 1920x1080@150 light (1280x720): нет горизонтальной прокрутки {"scrollW":1280}
PASS wk party 1920x1080@150 light (1280x720): панель 1–9 и действия — в инспекторе {"pad":[1041,161,219,208],"actions":[1041,381,219,144]}
PASS wk party 1920x1080@150 light (1280x720) solved: Today остаётся партией — .today:not(.play-fit) (колонка 640 PD-269) нет {"notFit":0,"play":"play today play-fit play-hintable desk-play"}
PASS wk party 1920x1080@150 light (1280x720) solved: поле того же размера на месте, область без полей {"board0":[336,72,596,596],"board1":[336,72,596,596]}
PASS wk party 1920x1080@150 light (1280x720) solved: карточка — в инспекторе во всю его ширину (− 24), без полей колонки {"card":[1033,12,235,448],"insp":[1020,0,260,720],"margin":["0px","0px"]}
PASS wk party 1920x1080@150 light (1280x720) solved: Grid ∞ — в инспекторе {"grid":[1075,515,150,150]}
PASS wk party 1920x1080@150 light (1280x720) solved: Timelapse — шит 560 (≤ 560) по центру области контента, правее сайдбара, в окне {"sheet":[484,86,560,634],"scrim":[248,0,1032,720]}
PASS wk party 1920x1080@150 light (1280x720): без ошибок JS {"errs":[]}
PASS wk party 1920x1080@150 dark (1280x720): раскладка с сайдбаром, партия .play-fit.desk-play {"shell":"shell desk","play":"play today play-fit play-hintable desk-play"}
PASS wk party 1920x1080@150 dark (1280x720): у детей партии (тулбар, область поля, инспектор) нет полей колонки PD-269 {"kids":[]}
PASS wk party 1920x1080@150 dark (1280x720): поле = min(720, окно − 124, область − 96) = 596, по центру области поля {"board":[336,72,596,596],"stage":[248,52,772,668],"want":596}
PASS wk party 1920x1080@150 dark (1280x720): инспектор clamp(260, 20vw, 320) = 260 у правого края, во всю высоту {"insp":[1020,0,260,720]}
PASS wk party 1920x1080@150 dark (1280x720): нет горизонтальной прокрутки {"scrollW":1280}
PASS wk party 1920x1080@150 dark (1280x720): панель 1–9 и действия — в инспекторе {"pad":[1041,161,219,208],"actions":[1041,381,219,144]}
PASS wk party 1920x1080@150 dark (1280x720): без ошибок JS {"errs":[]}
PASS wk party compact 1024x640 light (1024x640): раскладка компакт C, партия .play-fit.desk-play {"shell":"shell desk compact side-off","play":"play today play-fit play-hintable desk-play"}
PASS wk party compact 1024x640 light (1024x640): у детей партии (тулбар, область поля, инспектор) нет полей колонки PD-269 {"kids":[]}
PASS wk party compact 1024x640 light (1024x640): поле = min(720, окно − 124, область − 96) = 516, по центру области поля {"board":[124,72,516,516],"stage":[0,52,764,588],"want":516}
PASS wk party compact 1024x640 light (1024x640): инспектор clamp(260, 20vw, 320) = 260 у правого края, во всю высоту {"insp":[764,0,260,640]}
PASS wk party compact 1024x640 light (1024x640): нет горизонтальной прокрутки {"scrollW":1024}
PASS wk party compact 1024x640 light (1024x640): панель 1–9 и действия — в инспекторе {"pad":[781,150,227,172],"actions":[781,334,227,94]}
PASS wk party compact 1024x640 light (1024x640) solved: Today остаётся партией — .today:not(.play-fit) (колонка 640 PD-269) нет {"notFit":0,"play":"play today play-fit play-hintable desk-play"}
PASS wk party compact 1024x640 light (1024x640) solved: поле того же размера на месте, область без полей {"board0":[124,72,516,516],"board1":[124,72,516,516]}
PASS wk party compact 1024x640 light (1024x640) solved: карточка — в инспекторе во всю его ширину (− 24), без полей колонки {"card":[777,12,235,448],"insp":[764,0,260,640],"margin":["0px","0px"]}
PASS wk party compact 1024x640 light (1024x640) solved: Grid ∞ — в инспекторе {"grid":[819,515,150,150]}
PASS wk party compact 1024x640 light (1024x640) solved: Timelapse — шит 560 (≤ 560) по центру области контента, правее сайдбара, в окне {"sheet":[232,77,560,563],"scrim":[0,0,1024,640]}
PASS wk party compact 1024x640 light (1024x640): без ошибок JS {"errs":[]}
PASS wk party compact 1024x640 dark (1024x640): раскладка компакт C, партия .play-fit.desk-play {"shell":"shell desk compact side-off","play":"play today play-fit play-hintable desk-play"}
PASS wk party compact 1024x640 dark (1024x640): у детей партии (тулбар, область поля, инспектор) нет полей колонки PD-269 {"kids":[]}
PASS wk party compact 1024x640 dark (1024x640): поле = min(720, окно − 124, область − 96) = 516, по центру области поля {"board":[124,72,516,516],"stage":[0,52,764,588],"want":516}
PASS wk party compact 1024x640 dark (1024x640): инспектор clamp(260, 20vw, 320) = 260 у правого края, во всю высоту {"insp":[764,0,260,640]}
PASS wk party compact 1024x640 dark (1024x640): нет горизонтальной прокрутки {"scrollW":1024}
PASS wk party compact 1024x640 dark (1024x640): панель 1–9 и действия — в инспекторе {"pad":[781,150,227,172],"actions":[781,334,227,94]}
PASS wk party compact 1024x640 dark (1024x640): без ошибок JS {"errs":[]}
PASS wk party compact 960x600 light (960x600): раскладка компакт C, партия .play-fit.desk-play {"shell":"shell desk compact side-off","play":"play today play-fit play-hintable desk-play"}
PASS wk party compact 960x600 light (960x600): у детей партии (тулбар, область поля, инспектор) нет полей колонки PD-269 {"kids":[]}
PASS wk party compact 960x600 light (960x600): поле = min(720, окно − 124, область − 96) = 476, по центру области поля {"board":[112,72,476,476],"stage":[0,52,700,548],"want":476}
PASS wk party compact 960x600 light (960x600): инспектор clamp(260, 20vw, 320) = 260 у правого края, во всю высоту {"insp":[700,0,260,600]}
PASS wk party compact 960x600 light (960x600): нет горизонтальной прокрутки {"scrollW":960}
PASS wk party compact 960x600 light (960x600): панель 1–9 и действия — в инспекторе {"pad":[717,149,227,172],"actions":[717,333,227,94]}
PASS wk party compact 960x600 light (960x600): без ошибок JS {"errs":[]}
PASS wk party compact 960x600 dark (960x600): раскладка компакт C, партия .play-fit.desk-play {"shell":"shell desk compact side-off","play":"play today play-fit play-hintable desk-play"}
PASS wk party compact 960x600 dark (960x600): у детей партии (тулбар, область поля, инспектор) нет полей колонки PD-269 {"kids":[]}
PASS wk party compact 960x600 dark (960x600): поле = min(720, окно − 124, область − 96) = 476, по центру области поля {"board":[112,72,476,476],"stage":[0,52,700,548],"want":476}
PASS wk party compact 960x600 dark (960x600): инспектор clamp(260, 20vw, 320) = 260 у правого края, во всю высоту {"insp":[700,0,260,600]}
PASS wk party compact 960x600 dark (960x600): нет горизонтальной прокрутки {"scrollW":960}
PASS wk party compact 960x600 dark (960x600): панель 1–9 и действия — в инспекторе {"pad":[717,149,227,172],"actions":[717,333,227,94]}
PASS wk party compact 960x600 dark (960x600) solved: Today остаётся партией — .today:not(.play-fit) (колонка 640 PD-269) нет {"notFit":0,"play":"play today play-fit play-hintable desk-play"}
PASS wk party compact 960x600 dark (960x600) solved: поле того же размера на месте, область без полей {"board0":[112,72,476,476],"board1":[112,72,476,476]}
PASS wk party compact 960x600 dark (960x600) solved: карточка — в инспекторе во всю его ширину (− 24), без полей колонки {"card":[713,12,235,448],"insp":[700,0,260,600],"margin":["0px","0px"]}
PASS wk party compact 960x600 dark (960x600) solved: Grid ∞ — в инспекторе {"grid":[755,515,150,150]}
PASS wk party compact 960x600 dark (960x600) solved: Timelapse — шит 560 (≤ 560) по центру области контента, правее сайдбара, в окне {"sheet":[200,72,560,528],"scrim":[0,0,960,600]}
PASS wk party compact 960x600 dark (960x600): без ошибок JS {"errs":[]}
PASS wk overlays 1280x800@100 light (1280x800): правило подсказки — шит 560 (≤ 560) по центру области контента, правее сайдбара, в окне {"sheet":[484,476,560,324],"scrim":[248,0,1032,800]}
PASS wk overlays 1280x800@100 light (1280x800): Fill (действия) — шит 560 (≤ 560) по центру области контента, правее сайдбара, в окне {"sheet":[484,570,560,230],"scrim":[248,0,1032,800]}
PASS wk overlays 1280x800@100 light (1280x800): месяц Year — шит 560 (≤ 560) по центру области контента, правее сайдбара, в окне {"sheet":[484,296,560,504],"scrim":[248,0,1032,800]}
PASS wk overlays 1280x800@100 light (1280x800): копия строки режима над затемнением — ровно на строке {"lift":[444,73,640,52],"row":[444,73,640,52]}
PASS wk overlays 1280x800@100 light (1280x800): контекстное меню строки режима — 320 (≤ 320), левой кромкой по строке, под/над ней, в области {"menu":[444,133,320,76],"row":[444,73,640,52],"scrim":[248,0,1032,800]}
PASS wk overlays 1280x800@100 light (1280x800): меню «⋯» — ≤ 320, под кнопкой, правым краем по ней, в окне {"menu":[788,52,230,88],"more":[974,4,44,44]}
PASS wk overlays 1280x800@100 light (1280x800): шит режима — шит 560 (≤ 560) по центру области контента, правее сайдбара, в окне {"sheet":[484,303,560,497],"scrim":[248,0,1032,800]}
PASS wk overlays 1280x800@100 light (1280x800): копия клетки Лжеца над затемнением — ровно на клетке {"lift":[597,373,74,74],"cell":[597,373,74]}
PASS wk overlays 1280x800@100 light (1280x800): меню «Обвинить» Лжеца — 320 (≤ 320), у клетки (левой кромкой по ней), под/над ней, в области {"menu":[597,455,320,89],"cell":[597,373,74]}
PASS wk overlays 1280x800@100 light (1280x800): без ошибок JS {"errs":[]}
PASS wk overlays 1280x800@100 dark (1280x800): правило подсказки — шит 560 (≤ 560) по центру области контента, правее сайдбара, в окне {"sheet":[484,476,560,324],"scrim":[248,0,1032,800]}
PASS wk overlays 1280x800@100 dark (1280x800): Fill (действия) — шит 560 (≤ 560) по центру области контента, правее сайдбара, в окне {"sheet":[484,570,560,230],"scrim":[248,0,1032,800]}
PASS wk overlays 1280x800@100 dark (1280x800): месяц Year — шит 560 (≤ 560) по центру области контента, правее сайдбара, в окне {"sheet":[484,296,560,504],"scrim":[248,0,1032,800]}
PASS wk overlays 1280x800@100 dark (1280x800): копия строки режима над затемнением — ровно на строке {"lift":[444,73,640,52],"row":[444,73,640,52]}
PASS wk overlays 1280x800@100 dark (1280x800): контекстное меню строки режима — 320 (≤ 320), левой кромкой по строке, под/над ней, в области {"menu":[444,133,320,76],"row":[444,73,640,52],"scrim":[248,0,1032,800]}
PASS wk overlays 1280x800@100 dark (1280x800): меню «⋯» — ≤ 320, под кнопкой, правым краем по ней, в окне {"menu":[788,52,230,88],"more":[974,4,44,44]}
PASS wk overlays 1280x800@100 dark (1280x800): шит режима — шит 560 (≤ 560) по центру области контента, правее сайдбара, в окне {"sheet":[484,303,560,497],"scrim":[248,0,1032,800]}
PASS wk overlays 1280x800@100 dark (1280x800): копия клетки Лжеца над затемнением — ровно на клетке {"lift":[597,373,74,74],"cell":[597,373,74]}
PASS wk overlays 1280x800@100 dark (1280x800): меню «Обвинить» Лжеца — 320 (≤ 320), у клетки (левой кромкой по ней), под/над ней, в области {"menu":[597,455,320,89],"cell":[597,373,74]}
PASS wk overlays 1280x800@100 dark (1280x800): без ошибок JS {"errs":[]}
PASS wk overlays 1280x800@125 light (1024x640): правило подсказки — шит 560 (≤ 560) по центру области контента, правее сайдбара, в окне {"sheet":[232,316,560,324],"scrim":[0,0,1024,640]}
PASS wk overlays 1280x800@125 light (1024x640): Fill (действия) — шит 560 (≤ 560) по центру области контента, правее сайдбара, в окне {"sheet":[232,410,560,230],"scrim":[0,0,1024,640]}
PASS wk overlays 1280x800@125 light (1024x640): месяц Year — шит 560 (≤ 560) по центру области контента, правее сайдбара, в окне {"sheet":[232,136,560,504],"scrim":[0,0,1024,640]}
PASS wk overlays 1280x800@125 light (1024x640): копия строки режима над затемнением — ровно на строке {"lift":[192,73,640,52],"row":[192,73,640,52]}
PASS wk overlays 1280x800@125 light (1024x640): контекстное меню строки режима — 320 (≤ 320), левой кромкой по строке, под/над ней, в области {"menu":[192,133,320,76],"row":[192,73,640,52],"scrim":[0,0,1024,640]}
PASS wk overlays 1280x800@125 light (1024x640): меню «⋯» — ≤ 320, под кнопкой, правым краем по ней, в окне {"menu":[532,52,230,88],"more":[718,4,44,44]}
PASS wk overlays 1280x800@125 light (1024x640): шит режима — шит 560 (≤ 560) по центру области контента, правее сайдбара, в окне {"sheet":[232,143,560,497],"scrim":[0,0,1024,640]}
PASS wk overlays 1280x800@125 light (1024x640): копия клетки Лжеца над затемнением — ровно на клетке {"lift":[354,302,56,56],"cell":[354,302,56]}
PASS wk overlays 1280x800@125 light (1024x640): меню «Обвинить» Лжеца — 320 (≤ 320), у клетки (левой кромкой по ней), под/над ней, в области {"menu":[354,366,320,89],"cell":[354,302,56]}
PASS wk overlays 1280x800@125 light (1024x640): без ошибок JS {"errs":[]}
PASS wk overlays 1280x800@150 light (853x533): правило подсказки — шит 560 (≤ 560) по центру области контента, правее сайдбара, в окне {"sheet":[147,209,560,324],"scrim":[0,0,853,533]}
PASS wk overlays 1280x800@150 light (853x533): Fill (действия) — шит 560 (≤ 560) по центру области контента, правее сайдбара, в окне {"sheet":[147,303,560,230],"scrim":[0,0,853,533]}
PASS wk overlays 1280x800@150 light (853x533): месяц Year — шит 560 (≤ 560) по центру области контента, правее сайдбара, в окне {"sheet":[147,64,560,469],"scrim":[0,0,853,533]}
PASS wk overlays 1280x800@150 light (853x533): копия строки режима над затемнением — ровно на строке {"lift":[107,73,640,52],"row":[107,73,640,52]}
PASS wk overlays 1280x800@150 light (853x533): контекстное меню строки режима — 320 (≤ 320), левой кромкой по строке, под/над ней, в области {"menu":[107,133,320,76],"row":[107,73,640,52],"scrim":[0,0,853,533]}
PASS wk overlays 1280x800@150 light (853x533): меню «⋯» — ≤ 320, под кнопкой, правым краем по ней, в окне {"menu":[361,52,230,88],"more":[547,4,44,44]}
PASS wk overlays 1280x800@150 light (853x533): шит режима — шит 560 (≤ 560) по центру области контента, правее сайдбара, в окне {"sheet":[147,36,560,497],"scrim":[0,0,853,533]}
PASS wk overlays 1280x800@150 light (853x533): копия клетки Лжеца над затемнением — ровно на клетке {"lift":[274,254,45,45],"cell":[274,254,45]}
PASS wk overlays 1280x800@150 light (853x533): меню «Обвинить» Лжеца — 320 (≤ 320), у клетки (левой кромкой по ней), под/над ней, в области {"menu":[274,307,320,89],"cell":[274,254,45]}
PASS wk overlays 1280x800@150 light (853x533): без ошибок JS {"errs":[]}
PASS wk overlays 1440x900@100 light (1440x900): правило подсказки — шит 560 (≤ 560) по центру области контента, правее сайдбара, в окне {"sheet":[564,576,560,324],"scrim":[248,0,1192,900]}
PASS wk overlays 1440x900@100 light (1440x900): Fill (действия) — шит 560 (≤ 560) по центру области контента, правее сайдбара, в окне {"sheet":[564,670,560,230],"scrim":[248,0,1192,900]}
PASS wk overlays 1440x900@100 light (1440x900): месяц Year — шит 560 (≤ 560) по центру области контента, правее сайдбара, в окне {"sheet":[564,396,560,504],"scrim":[248,0,1192,900]}
PASS wk overlays 1440x900@100 light (1440x900): копия строки режима над затемнением — ровно на строке {"lift":[524,73,640,52],"row":[524,73,640,52]}
PASS wk overlays 1440x900@100 light (1440x900): контекстное меню строки режима — 320 (≤ 320), левой кромкой по строке, под/над ней, в области {"menu":[524,133,320,76],"row":[524,73,640,52],"scrim":[248,0,1192,900]}
PASS wk overlays 1440x900@100 light (1440x900): меню «⋯» — ≤ 320, под кнопкой, правым краем по ней, в окне {"menu":[920,52,230,88],"more":[1106,4,44,44]}
PASS wk overlays 1440x900@100 light (1440x900): шит режима — шит 560 (≤ 560) по центру области контента, правее сайдбара, в окне {"sheet":[564,403,560,497],"scrim":[248,0,1192,900]}
PASS wk overlays 1440x900@100 light (1440x900): копия клетки Лжеца над затемнением — ровно на клетке {"lift":[660,392,79,79],"cell":[660,392,79]}
PASS wk overlays 1440x900@100 light (1440x900): меню «Обвинить» Лжеца — 320 (≤ 320), у клетки (левой кромкой по ней), под/над ней, в области {"menu":[660,480,320,89],"cell":[660,392,79]}
PASS wk overlays 1440x900@100 light (1440x900): без ошибок JS {"errs":[]}
PASS wk overlays 1440x900@100 dark (1440x900): правило подсказки — шит 560 (≤ 560) по центру области контента, правее сайдбара, в окне {"sheet":[564,576,560,324],"scrim":[248,0,1192,900]}
PASS wk overlays 1440x900@100 dark (1440x900): Fill (действия) — шит 560 (≤ 560) по центру области контента, правее сайдбара, в окне {"sheet":[564,670,560,230],"scrim":[248,0,1192,900]}
PASS wk overlays 1440x900@100 dark (1440x900): месяц Year — шит 560 (≤ 560) по центру области контента, правее сайдбара, в окне {"sheet":[564,396,560,504],"scrim":[248,0,1192,900]}
PASS wk overlays 1440x900@100 dark (1440x900): копия строки режима над затемнением — ровно на строке {"lift":[524,73,640,52],"row":[524,73,640,52]}
PASS wk overlays 1440x900@100 dark (1440x900): контекстное меню строки режима — 320 (≤ 320), левой кромкой по строке, под/над ней, в области {"menu":[524,133,320,76],"row":[524,73,640,52],"scrim":[248,0,1192,900]}
PASS wk overlays 1440x900@100 dark (1440x900): меню «⋯» — ≤ 320, под кнопкой, правым краем по ней, в окне {"menu":[920,52,230,88],"more":[1106,4,44,44]}
PASS wk overlays 1440x900@100 dark (1440x900): шит режима — шит 560 (≤ 560) по центру области контента, правее сайдбара, в окне {"sheet":[564,403,560,497],"scrim":[248,0,1192,900]}
PASS wk overlays 1440x900@100 dark (1440x900): копия клетки Лжеца над затемнением — ровно на клетке {"lift":[660,392,79,79],"cell":[660,392,79]}
PASS wk overlays 1440x900@100 dark (1440x900): меню «Обвинить» Лжеца — 320 (≤ 320), у клетки (левой кромкой по ней), под/над ней, в области {"menu":[660,480,320,89],"cell":[660,392,79]}
PASS wk overlays 1440x900@100 dark (1440x900): без ошибок JS {"errs":[]}
PASS wk overlays 1440x900@125 light (1152x720): правило подсказки — шит 560 (≤ 560) по центру области контента, правее сайдбара, в окне {"sheet":[420,396,560,324],"scrim":[248,0,904,720]}
PASS wk overlays 1440x900@125 light (1152x720): Fill (действия) — шит 560 (≤ 560) по центру области контента, правее сайдбара, в окне {"sheet":[420,490,560,230],"scrim":[248,0,904,720]}
PASS wk overlays 1440x900@125 light (1152x720): месяц Year — шит 560 (≤ 560) по центру области контента, правее сайдбара, в окне {"sheet":[420,216,560,504],"scrim":[248,0,904,720]}
PASS wk overlays 1440x900@125 light (1152x720): копия строки режима над затемнением — ровно на строке {"lift":[380,73,640,52],"row":[380,73,640,52]}
PASS wk overlays 1440x900@125 light (1152x720): контекстное меню строки режима — 320 (≤ 320), левой кромкой по строке, под/над ней, в области {"menu":[380,133,320,76],"row":[380,73,640,52],"scrim":[248,0,904,720]}
PASS wk overlays 1440x900@125 light (1152x720): меню «⋯» — ≤ 320, под кнопкой, правым краем по ней, в окне {"menu":[660,52,230,88],"more":[846,4,44,44]}
PASS wk overlays 1440x900@125 light (1152x720): шит режима — шит 560 (≤ 560) по центру области контента, правее сайдбара, в окне {"sheet":[420,223,560,497],"scrim":[248,0,904,720]}
PASS wk overlays 1440x900@125 light (1152x720): копия клетки Лжеца над затемнением — ровно на клетке {"lift":[540,316,60,60],"cell":[540,316,60]}
PASS wk overlays 1440x900@125 light (1152x720): меню «Обвинить» Лжеца — 320 (≤ 320), у клетки (левой кромкой по ней), под/над ней, в области {"menu":[540,384,320,89],"cell":[540,316,60]}
PASS wk overlays 1440x900@125 light (1152x720): без ошибок JS {"errs":[]}
PASS wk overlays 1440x900@150 light (960x600): правило подсказки — шит 560 (≤ 560) по центру области контента, правее сайдбара, в окне {"sheet":[200,276,560,324],"scrim":[0,0,960,600]}
PASS wk overlays 1440x900@150 light (960x600): Fill (действия) — шит 560 (≤ 560) по центру области контента, правее сайдбара, в окне {"sheet":[200,370,560,230],"scrim":[0,0,960,600]}
PASS wk overlays 1440x900@150 light (960x600): месяц Year — шит 560 (≤ 560) по центру области контента, правее сайдбара, в окне {"sheet":[200,96,560,504],"scrim":[0,0,960,600]}
PASS wk overlays 1440x900@150 light (960x600): копия строки режима над затемнением — ровно на строке {"lift":[160,73,640,52],"row":[160,73,640,52]}
PASS wk overlays 1440x900@150 light (960x600): контекстное меню строки режима — 320 (≤ 320), левой кромкой по строке, под/над ней, в области {"menu":[160,133,320,76],"row":[160,73,640,52],"scrim":[0,0,960,600]}
PASS wk overlays 1440x900@150 light (960x600): меню «⋯» — ≤ 320, под кнопкой, правым краем по ней, в окне {"menu":[468,52,230,88],"more":[654,4,44,44]}
PASS wk overlays 1440x900@150 light (960x600): шит режима — шит 560 (≤ 560) по центру области контента, правее сайдбара, в окне {"sheet":[200,103,560,497],"scrim":[0,0,960,600]}
PASS wk overlays 1440x900@150 light (960x600): копия клетки Лжеца над затемнением — ровно на клетке {"lift":[324,284,52,52],"cell":[324,284,52]}
PASS wk overlays 1440x900@150 light (960x600): меню «Обвинить» Лжеца — 320 (≤ 320), у клетки (левой кромкой по ней), под/над ней, в области {"menu":[324,344,320,89],"cell":[324,284,52]}
PASS wk overlays 1440x900@150 light (960x600): без ошибок JS {"errs":[]}
PASS wk overlays 1920x1080@100 light (1920x1080): правило подсказки — шит 560 (≤ 560) по центру области контента, правее сайдбара, в окне {"sheet":[804,756,560,324],"scrim":[248,0,1672,1080]}
PASS wk overlays 1920x1080@100 light (1920x1080): Fill (действия) — шит 560 (≤ 560) по центру области контента, правее сайдбара, в окне {"sheet":[804,850,560,230],"scrim":[248,0,1672,1080]}
PASS wk overlays 1920x1080@100 light (1920x1080): месяц Year — шит 560 (≤ 560) по центру области контента, правее сайдбара, в окне {"sheet":[804,576,560,504],"scrim":[248,0,1672,1080]}
PASS wk overlays 1920x1080@100 light (1920x1080): копия строки режима над затемнением — ровно на строке {"lift":[764,73,640,52],"row":[764,73,640,52]}
PASS wk overlays 1920x1080@100 light (1920x1080): контекстное меню строки режима — 320 (≤ 320), левой кромкой по строке, под/над ней, в области {"menu":[764,133,320,76],"row":[764,73,640,52],"scrim":[248,0,1672,1080]}
PASS wk overlays 1920x1080@100 light (1920x1080): меню «⋯» — ≤ 320, под кнопкой, правым краем по ней, в окне {"menu":[1368,52,230,88],"more":[1554,4,44,44]}
PASS wk overlays 1920x1080@100 light (1920x1080): шит режима — шит 560 (≤ 560) по центру области контента, правее сайдбара, в окне {"sheet":[804,583,560,497],"scrim":[248,0,1672,1080]}
PASS wk overlays 1920x1080@100 light (1920x1080): копия клетки Лжеца над затемнением — ровно на клетке {"lift":[884,392,79,79],"cell":[884,392,79]}
PASS wk overlays 1920x1080@100 light (1920x1080): меню «Обвинить» Лжеца — 320 (≤ 320), у клетки (левой кромкой по ней), под/над ней, в области {"menu":[884,480,320,89],"cell":[884,392,79]}
PASS wk overlays 1920x1080@100 light (1920x1080): без ошибок JS {"errs":[]}
PASS wk overlays 1920x1080@100 dark (1920x1080): правило подсказки — шит 560 (≤ 560) по центру области контента, правее сайдбара, в окне {"sheet":[804,756,560,324],"scrim":[248,0,1672,1080]}
PASS wk overlays 1920x1080@100 dark (1920x1080): Fill (действия) — шит 560 (≤ 560) по центру области контента, правее сайдбара, в окне {"sheet":[804,850,560,230],"scrim":[248,0,1672,1080]}
PASS wk overlays 1920x1080@100 dark (1920x1080): месяц Year — шит 560 (≤ 560) по центру области контента, правее сайдбара, в окне {"sheet":[804,576,560,504],"scrim":[248,0,1672,1080]}
PASS wk overlays 1920x1080@100 dark (1920x1080): копия строки режима над затемнением — ровно на строке {"lift":[764,73,640,52],"row":[764,73,640,52]}
PASS wk overlays 1920x1080@100 dark (1920x1080): контекстное меню строки режима — 320 (≤ 320), левой кромкой по строке, под/над ней, в области {"menu":[764,133,320,76],"row":[764,73,640,52],"scrim":[248,0,1672,1080]}
PASS wk overlays 1920x1080@100 dark (1920x1080): меню «⋯» — ≤ 320, под кнопкой, правым краем по ней, в окне {"menu":[1368,52,230,88],"more":[1554,4,44,44]}
PASS wk overlays 1920x1080@100 dark (1920x1080): шит режима — шит 560 (≤ 560) по центру области контента, правее сайдбара, в окне {"sheet":[804,583,560,497],"scrim":[248,0,1672,1080]}
PASS wk overlays 1920x1080@100 dark (1920x1080): копия клетки Лжеца над затемнением — ровно на клетке {"lift":[884,392,79,79],"cell":[884,392,79]}
PASS wk overlays 1920x1080@100 dark (1920x1080): меню «Обвинить» Лжеца — 320 (≤ 320), у клетки (левой кромкой по ней), под/над ней, в области {"menu":[884,480,320,89],"cell":[884,392,79]}
PASS wk overlays 1920x1080@100 dark (1920x1080): без ошибок JS {"errs":[]}
PASS wk overlays 1920x1080@125 light (1536x864): правило подсказки — шит 560 (≤ 560) по центру области контента, правее сайдбара, в окне {"sheet":[612,540,560,324],"scrim":[248,0,1288,864]}
PASS wk overlays 1920x1080@125 light (1536x864): Fill (действия) — шит 560 (≤ 560) по центру области контента, правее сайдбара, в окне {"sheet":[612,634,560,230],"scrim":[248,0,1288,864]}
PASS wk overlays 1920x1080@125 light (1536x864): месяц Year — шит 560 (≤ 560) по центру области контента, правее сайдбара, в окне {"sheet":[612,360,560,504],"scrim":[248,0,1288,864]}
PASS wk overlays 1920x1080@125 light (1536x864): копия строки режима над затемнением — ровно на строке {"lift":[572,73,640,52],"row":[572,73,640,52]}
PASS wk overlays 1920x1080@125 light (1536x864): контекстное меню строки режима — 320 (≤ 320), левой кромкой по строке, под/над ней, в области {"menu":[572,133,320,76],"row":[572,73,640,52],"scrim":[248,0,1288,864]}
PASS wk overlays 1920x1080@125 light (1536x864): меню «⋯» — ≤ 320, под кнопкой, правым краем по ней, в окне {"menu":[997,52,230,88],"more":[1183,4,44,44]}
PASS wk overlays 1920x1080@125 light (1536x864): шит режима — шит 560 (≤ 560) по центру области контента, правее сайдбара, в окне {"sheet":[612,367,560,497],"scrim":[248,0,1288,864]}
PASS wk overlays 1920x1080@125 light (1536x864): копия клетки Лжеца над затемнением — ровно на клетке {"lift":[699,392,79,79],"cell":[699,392,79]}
PASS wk overlays 1920x1080@125 light (1536x864): меню «Обвинить» Лжеца — 320 (≤ 320), у клетки (левой кромкой по ней), под/над ней, в области {"menu":[699,480,320,89],"cell":[699,392,79]}
PASS wk overlays 1920x1080@125 light (1536x864): без ошибок JS {"errs":[]}
PASS wk overlays 1920x1080@150 light (1280x720): правило подсказки — шит 560 (≤ 560) по центру области контента, правее сайдбара, в окне {"sheet":[484,396,560,324],"scrim":[248,0,1032,720]}
PASS wk overlays 1920x1080@150 light (1280x720): Fill (действия) — шит 560 (≤ 560) по центру области контента, правее сайдбара, в окне {"sheet":[484,490,560,230],"scrim":[248,0,1032,720]}
PASS wk overlays 1920x1080@150 light (1280x720): месяц Year — шит 560 (≤ 560) по центру области контента, правее сайдбара, в окне {"sheet":[484,216,560,504],"scrim":[248,0,1032,720]}
PASS wk overlays 1920x1080@150 light (1280x720): копия строки режима над затемнением — ровно на строке {"lift":[444,73,640,52],"row":[444,73,640,52]}
PASS wk overlays 1920x1080@150 light (1280x720): контекстное меню строки режима — 320 (≤ 320), левой кромкой по строке, под/над ней, в области {"menu":[444,133,320,76],"row":[444,73,640,52],"scrim":[248,0,1032,720]}
PASS wk overlays 1920x1080@150 light (1280x720): меню «⋯» — ≤ 320, под кнопкой, правым краем по ней, в окне {"menu":[788,52,230,88],"more":[974,4,44,44]}
PASS wk overlays 1920x1080@150 light (1280x720): шит режима — шит 560 (≤ 560) по центру области контента, правее сайдбара, в окне {"sheet":[484,223,560,497],"scrim":[248,0,1032,720]}
PASS wk overlays 1920x1080@150 light (1280x720): копия клетки Лжеца над затемнением — ровно на клетке {"lift":[601,337,65,65],"cell":[601,337,65]}
PASS wk overlays 1920x1080@150 light (1280x720): меню «Обвинить» Лжеца — 320 (≤ 320), у клетки (левой кромкой по ней), под/над ней, в области {"menu":[601,411,320,89],"cell":[601,337,65]}
PASS wk overlays 1920x1080@150 light (1280x720): без ошибок JS {"errs":[]}
PASS wk overlays compact 1024x640 light (1024x640): правило подсказки — шит 560 (≤ 560) по центру области контента, правее сайдбара, в окне {"sheet":[232,316,560,324],"scrim":[0,0,1024,640]}
PASS wk overlays compact 1024x640 light (1024x640): Fill (действия) — шит 560 (≤ 560) по центру области контента, правее сайдбара, в окне {"sheet":[232,410,560,230],"scrim":[0,0,1024,640]}
PASS wk overlays compact 1024x640 light (1024x640): месяц Year — шит 560 (≤ 560) по центру области контента, правее сайдбара, в окне {"sheet":[232,136,560,504],"scrim":[0,0,1024,640]}
PASS wk overlays compact 1024x640 light (1024x640): копия строки режима над затемнением — ровно на строке {"lift":[192,73,640,52],"row":[192,73,640,52]}
PASS wk overlays compact 1024x640 light (1024x640): контекстное меню строки режима — 320 (≤ 320), левой кромкой по строке, под/над ней, в области {"menu":[192,133,320,76],"row":[192,73,640,52],"scrim":[0,0,1024,640]}
PASS wk overlays compact 1024x640 light (1024x640): меню «⋯» — ≤ 320, под кнопкой, правым краем по ней, в окне {"menu":[532,52,230,88],"more":[718,4,44,44]}
PASS wk overlays compact 1024x640 light (1024x640): шит режима — шит 560 (≤ 560) по центру области контента, правее сайдбара, в окне {"sheet":[232,143,560,497],"scrim":[0,0,1024,640]}
PASS wk overlays compact 1024x640 light (1024x640): копия клетки Лжеца над затемнением — ровно на клетке {"lift":[354,302,56,56],"cell":[354,302,56]}
PASS wk overlays compact 1024x640 light (1024x640): меню «Обвинить» Лжеца — 320 (≤ 320), у клетки (левой кромкой по ней), под/над ней, в области {"menu":[354,366,320,89],"cell":[354,302,56]}
PASS wk overlays compact 1024x640 light (1024x640): без ошибок JS {"errs":[]}
PASS wk overlays compact 1024x640 dark (1024x640): правило подсказки — шит 560 (≤ 560) по центру области контента, правее сайдбара, в окне {"sheet":[232,316,560,324],"scrim":[0,0,1024,640]}
PASS wk overlays compact 1024x640 dark (1024x640): Fill (действия) — шит 560 (≤ 560) по центру области контента, правее сайдбара, в окне {"sheet":[232,410,560,230],"scrim":[0,0,1024,640]}
PASS wk overlays compact 1024x640 dark (1024x640): месяц Year — шит 560 (≤ 560) по центру области контента, правее сайдбара, в окне {"sheet":[232,136,560,504],"scrim":[0,0,1024,640]}
PASS wk overlays compact 1024x640 dark (1024x640): копия строки режима над затемнением — ровно на строке {"lift":[192,73,640,52],"row":[192,73,640,52]}
PASS wk overlays compact 1024x640 dark (1024x640): контекстное меню строки режима — 320 (≤ 320), левой кромкой по строке, под/над ней, в области {"menu":[192,133,320,76],"row":[192,73,640,52],"scrim":[0,0,1024,640]}
PASS wk overlays compact 1024x640 dark (1024x640): меню «⋯» — ≤ 320, под кнопкой, правым краем по ней, в окне {"menu":[532,52,230,88],"more":[718,4,44,44]}
PASS wk overlays compact 1024x640 dark (1024x640): шит режима — шит 560 (≤ 560) по центру области контента, правее сайдбара, в окне {"sheet":[232,143,560,497],"scrim":[0,0,1024,640]}
PASS wk overlays compact 1024x640 dark (1024x640): копия клетки Лжеца над затемнением — ровно на клетке {"lift":[354,302,56,56],"cell":[354,302,56]}
PASS wk overlays compact 1024x640 dark (1024x640): меню «Обвинить» Лжеца — 320 (≤ 320), у клетки (левой кромкой по ней), под/над ней, в области {"menu":[354,366,320,89],"cell":[354,302,56]}
PASS wk overlays compact 1024x640 dark (1024x640): без ошибок JS {"errs":[]}
PASS wk overlays compact 960x600 light (960x600): правило подсказки — шит 560 (≤ 560) по центру области контента, правее сайдбара, в окне {"sheet":[200,276,560,324],"scrim":[0,0,960,600]}
PASS wk overlays compact 960x600 light (960x600): Fill (действия) — шит 560 (≤ 560) по центру области контента, правее сайдбара, в окне {"sheet":[200,370,560,230],"scrim":[0,0,960,600]}
PASS wk overlays compact 960x600 light (960x600): месяц Year — шит 560 (≤ 560) по центру области контента, правее сайдбара, в окне {"sheet":[200,96,560,504],"scrim":[0,0,960,600]}
PASS wk overlays compact 960x600 light (960x600): копия строки режима над затемнением — ровно на строке {"lift":[160,73,640,52],"row":[160,73,640,52]}
PASS wk overlays compact 960x600 light (960x600): контекстное меню строки режима — 320 (≤ 320), левой кромкой по строке, под/над ней, в области {"menu":[160,133,320,76],"row":[160,73,640,52],"scrim":[0,0,960,600]}
PASS wk overlays compact 960x600 light (960x600): меню «⋯» — ≤ 320, под кнопкой, правым краем по ней, в окне {"menu":[468,52,230,88],"more":[654,4,44,44]}
PASS wk overlays compact 960x600 light (960x600): шит режима — шит 560 (≤ 560) по центру области контента, правее сайдбара, в окне {"sheet":[200,103,560,497],"scrim":[0,0,960,600]}
PASS wk overlays compact 960x600 light (960x600): копия клетки Лжеца над затемнением — ровно на клетке {"lift":[324,284,52,52],"cell":[324,284,52]}
PASS wk overlays compact 960x600 light (960x600): меню «Обвинить» Лжеца — 320 (≤ 320), у клетки (левой кромкой по ней), под/над ней, в области {"menu":[324,344,320,89],"cell":[324,284,52]}
PASS wk overlays compact 960x600 light (960x600): без ошибок JS {"errs":[]}
PASS wk overlays compact 960x600 dark (960x600): правило подсказки — шит 560 (≤ 560) по центру области контента, правее сайдбара, в окне {"sheet":[200,276,560,324],"scrim":[0,0,960,600]}
PASS wk overlays compact 960x600 dark (960x600): Fill (действия) — шит 560 (≤ 560) по центру области контента, правее сайдбара, в окне {"sheet":[200,370,560,230],"scrim":[0,0,960,600]}
PASS wk overlays compact 960x600 dark (960x600): месяц Year — шит 560 (≤ 560) по центру области контента, правее сайдбара, в окне {"sheet":[200,96,560,504],"scrim":[0,0,960,600]}
PASS wk overlays compact 960x600 dark (960x600): копия строки режима над затемнением — ровно на строке {"lift":[160,73,640,52],"row":[160,73,640,52]}
PASS wk overlays compact 960x600 dark (960x600): контекстное меню строки режима — 320 (≤ 320), левой кромкой по строке, под/над ней, в области {"menu":[160,133,320,76],"row":[160,73,640,52],"scrim":[0,0,960,600]}
PASS wk overlays compact 960x600 dark (960x600): меню «⋯» — ≤ 320, под кнопкой, правым краем по ней, в окне {"menu":[468,52,230,88],"more":[654,4,44,44]}
PASS wk overlays compact 960x600 dark (960x600): шит режима — шит 560 (≤ 560) по центру области контента, правее сайдбара, в окне {"sheet":[200,103,560,497],"scrim":[0,0,960,600]}
PASS wk overlays compact 960x600 dark (960x600): копия клетки Лжеца над затемнением — ровно на клетке {"lift":[324,284,52,52],"cell":[324,284,52]}
PASS wk overlays compact 960x600 dark (960x600): меню «Обвинить» Лжеца — 320 (≤ 320), у клетки (левой кромкой по ней), под/над ней, в области {"menu":[324,344,320,89],"cell":[324,284,52]}
PASS wk overlays compact 960x600 dark (960x600): без ошибок JS {"errs":[]}
PASS wk screens compact 1024x640 light (1024x640) today party: Tab — у каждого фокуса видимое кольцо, не срезано (17 шт.) {"n":17,"bad":[]}
PASS wk screens compact 1024x640 light (1024x640) hub: раскладка компакт C; нет горизонтальной прокрутки {"shell":"shell desk compact side-off","scrollW":1024}
PASS wk screens compact 1024x640 light (1024x640) hub: ничего не вылезает за область и не обрезано {"out":[],"clipped":[]}
PASS wk screens compact 1024x640 light (1024x640) hub: шапка — кнопка сайдбара, заголовок, шестерёнка не наезжают {"toggle":[8,8,36,36],"title":[56,19,40,25],"gear":[974,8,44,44]}
PASS wk screens compact 1024x640 light (1024x640) hub: карточки = 640 по центру {"cards":[[192,73,640,312]],"area":[0,1024]}
PASS wk screens compact 1024x640 light (1024x640) hub: Tab — у каждого фокуса видимое кольцо, не срезано (8 шт.) {"n":8,"bad":[]}
PASS wk screens compact 1024x640 light (1024x640) mode page: раскладка компакт C; нет горизонтальной прокрутки {"shell":"shell desk compact side-off","scrollW":1024}
PASS wk screens compact 1024x640 light (1024x640) mode page: ничего не вылезает за область и не обрезано {"out":[],"clipped":[]}
PASS wk screens compact 1024x640 light (1024x640) mode page: шапка — кнопка сайдбара, заголовок, шестерёнка не наезжают {"toggle":[8,8,36,36],"title":[56,19,40,25],"gear":[974,8,44,44]}
PASS wk screens compact 1024x640 light (1024x640) mode page: колонка 480 (≤ 480) по центру {"page":[272,84,480,472]}
PASS wk screens compact 1024x640 light (1024x640) mode page: Tab — у каждого фокуса видимое кольцо, не срезано (5 шт.) {"n":5,"bad":[]}
PASS wk screens compact 1024x640 light (1024x640) year: раскладка компакт C; нет горизонтальной прокрутки {"shell":"shell desk compact side-off","scrollW":1024}
PASS wk screens compact 1024x640 light (1024x640) year: ничего не вылезает за область и не обрезано {"out":[],"clipped":[]}
PASS wk screens compact 1024x640 light (1024x640) year: шапка — кнопка сайдбара, заголовок, шестерёнка не наезжают {"toggle":[8,8,36,36],"title":[56,19,52,25],"gear":[974,8,44,44]}
PASS wk screens compact 1024x640 light (1024x640) year: полотно = 780 по центру {"year":[122,null,780,null]}
PASS wk screens compact 1024x640 light (1024x640) year: Tab — у каждого фокуса видимое кольцо, не срезано (15 шт.) {"n":15,"bad":[]}
PASS wk screens compact 1024x640 light (1024x640) settings: раскладка компакт C; нет горизонтальной прокрутки {"shell":"shell desk compact side-off","scrollW":1024}
PASS wk screens compact 1024x640 light (1024x640) settings: ничего не вылезает за область и не обрезано {"out":[],"clipped":[]}
PASS wk screens compact 1024x640 light (1024x640) settings: шапка — кнопка сайдбара, заголовок, шестерёнка не наезжают {"toggle":[8,10,36,36],"title":[52,6,64,44],"gear":null}
PASS wk screens compact 1024x640 light (1024x640) settings: карточки = 640 по центру {"n":9,"first":[192,116,640,132]}
PASS wk screens compact 1024x640 light (1024x640) settings: Tab — у каждого фокуса видимое кольцо, не срезано (10 шт.) {"n":10,"bad":[]}
PASS wk screens compact 1024x640 light (1024x640) help: раскладка компакт C; нет горизонтальной прокрутки {"shell":"shell desk compact side-off","scrollW":1024}
PASS wk screens compact 1024x640 light (1024x640) help: ничего не вылезает за область и не обрезано {"out":[],"clipped":[]}
PASS wk screens compact 1024x640 light (1024x640) help: шапка — кнопка сайдбара, заголовок, шестерёнка не наезжают {"toggle":[8,10,36,36],"title":[52,6,87,44],"gear":null}
PASS wk screens compact 1024x640 light (1024x640) help: карточки = 640 по центру {"n":6,"first":[192,116,640,130]}
PASS wk screens compact 1024x640 light (1024x640) help: Tab — у каждого фокуса видимое кольцо, не срезано (2 шт.) {"n":2,"ids":["sidebar-toggle","help-back"],"bad":[]}
PASS wk screens compact 1024x640 light (1024x640): без ошибок JS {"errs":[]}
PASS wk screens compact 1024x640 dark (1024x640) hub: раскладка компакт C; нет горизонтальной прокрутки {"shell":"shell desk compact side-off","scrollW":1024}
PASS wk screens compact 1024x640 dark (1024x640) hub: ничего не вылезает за область и не обрезано {"out":[],"clipped":[]}
PASS wk screens compact 1024x640 dark (1024x640) hub: шапка — кнопка сайдбара, заголовок, шестерёнка не наезжают {"toggle":[8,8,36,36],"title":[56,19,40,25],"gear":[974,8,44,44]}
PASS wk screens compact 1024x640 dark (1024x640) hub: карточки = 640 по центру {"cards":[[192,73,640,312]],"area":[0,1024]}
PASS wk screens compact 1024x640 dark (1024x640) mode page: раскладка компакт C; нет горизонтальной прокрутки {"shell":"shell desk compact side-off","scrollW":1024}
PASS wk screens compact 1024x640 dark (1024x640) mode page: ничего не вылезает за область и не обрезано {"out":[],"clipped":[]}
PASS wk screens compact 1024x640 dark (1024x640) mode page: шапка — кнопка сайдбара, заголовок, шестерёнка не наезжают {"toggle":[8,8,36,36],"title":[56,19,40,25],"gear":[974,8,44,44]}
PASS wk screens compact 1024x640 dark (1024x640) mode page: колонка 480 (≤ 480) по центру {"page":[272,84,480,472]}
PASS wk screens compact 1024x640 dark (1024x640) year: раскладка компакт C; нет горизонтальной прокрутки {"shell":"shell desk compact side-off","scrollW":1024}
PASS wk screens compact 1024x640 dark (1024x640) year: ничего не вылезает за область и не обрезано {"out":[],"clipped":[]}
PASS wk screens compact 1024x640 dark (1024x640) year: шапка — кнопка сайдбара, заголовок, шестерёнка не наезжают {"toggle":[8,8,36,36],"title":[56,19,52,25],"gear":[974,8,44,44]}
PASS wk screens compact 1024x640 dark (1024x640) year: полотно = 780 по центру {"year":[122,null,780,null]}
PASS wk screens compact 1024x640 dark (1024x640) settings: раскладка компакт C; нет горизонтальной прокрутки {"shell":"shell desk compact side-off","scrollW":1024}
PASS wk screens compact 1024x640 dark (1024x640) settings: ничего не вылезает за область и не обрезано {"out":[],"clipped":[]}
PASS wk screens compact 1024x640 dark (1024x640) settings: шапка — кнопка сайдбара, заголовок, шестерёнка не наезжают {"toggle":[8,10,36,36],"title":[52,6,64,44],"gear":null}
PASS wk screens compact 1024x640 dark (1024x640) settings: карточки = 640 по центру {"n":9,"first":[192,116,640,132]}
PASS wk screens compact 1024x640 dark (1024x640) help: раскладка компакт C; нет горизонтальной прокрутки {"shell":"shell desk compact side-off","scrollW":1024}
PASS wk screens compact 1024x640 dark (1024x640) help: ничего не вылезает за область и не обрезано {"out":[],"clipped":[]}
PASS wk screens compact 1024x640 dark (1024x640) help: шапка — кнопка сайдбара, заголовок, шестерёнка не наезжают {"toggle":[8,10,36,36],"title":[52,6,87,44],"gear":null}
PASS wk screens compact 1024x640 dark (1024x640) help: карточки = 640 по центру {"n":6,"first":[192,116,640,130]}
PASS wk screens compact 1024x640 dark (1024x640): без ошибок JS {"errs":[]}
PASS wk screens compact 960x600 light (960x600) today party: Tab — у каждого фокуса видимое кольцо, не срезано (17 шт.) {"n":17,"bad":[]}
PASS wk screens compact 960x600 light (960x600) hub: раскладка компакт C; нет горизонтальной прокрутки {"shell":"shell desk compact side-off","scrollW":960}
PASS wk screens compact 960x600 light (960x600) hub: ничего не вылезает за область и не обрезано {"out":[],"clipped":[]}
PASS wk screens compact 960x600 light (960x600) hub: шапка — кнопка сайдбара, заголовок, шестерёнка не наезжают {"toggle":[8,8,36,36],"title":[56,19,40,25],"gear":[910,8,44,44]}
PASS wk screens compact 960x600 light (960x600) hub: карточки = 640 по центру {"cards":[[160,73,640,312]],"area":[0,960]}
PASS wk screens compact 960x600 light (960x600) hub: Tab — у каждого фокуса видимое кольцо, не срезано (8 шт.) {"n":8,"bad":[]}
PASS wk screens compact 960x600 light (960x600) mode page: раскладка компакт C; нет горизонтальной прокрутки {"shell":"shell desk compact side-off","scrollW":960}
PASS wk screens compact 960x600 light (960x600) mode page: ничего не вылезает за область и не обрезано {"out":[],"clipped":[]}
PASS wk screens compact 960x600 light (960x600) mode page: шапка — кнопка сайдбара, заголовок, шестерёнка не наезжают {"toggle":[8,8,36,36],"title":[56,19,40,25],"gear":[910,8,44,44]}
PASS wk screens compact 960x600 light (960x600) mode page: колонка 480 (≤ 480) по центру {"page":[240,84,480,472]}
PASS wk screens compact 960x600 light (960x600) mode page: Tab — у каждого фокуса видимое кольцо, не срезано (5 шт.) {"n":5,"bad":[]}
PASS wk screens compact 960x600 light (960x600) year: раскладка компакт C; нет горизонтальной прокрутки {"shell":"shell desk compact side-off","scrollW":960}
PASS wk screens compact 960x600 light (960x600) year: ничего не вылезает за область и не обрезано {"out":[],"clipped":[]}
PASS wk screens compact 960x600 light (960x600) year: шапка — кнопка сайдбара, заголовок, шестерёнка не наезжают {"toggle":[8,8,36,36],"title":[56,19,52,25],"gear":[910,8,44,44]}
PASS wk screens compact 960x600 light (960x600) year: полотно = 780 по центру {"year":[90,null,780,null]}
PASS wk screens compact 960x600 light (960x600) year: Tab — у каждого фокуса видимое кольцо, не срезано (15 шт.) {"n":15,"bad":[]}
PASS wk screens compact 960x600 light (960x600) settings: раскладка компакт C; нет горизонтальной прокрутки {"shell":"shell desk compact side-off","scrollW":960}
PASS wk screens compact 960x600 light (960x600) settings: ничего не вылезает за область и не обрезано {"out":[],"clipped":[]}
PASS wk screens compact 960x600 light (960x600) settings: шапка — кнопка сайдбара, заголовок, шестерёнка не наезжают {"toggle":[8,10,36,36],"title":[52,6,64,44],"gear":null}
PASS wk screens compact 960x600 light (960x600) settings: карточки = 640 по центру {"n":9,"first":[160,116,640,132]}
PASS wk screens compact 960x600 light (960x600) settings: Tab — у каждого фокуса видимое кольцо, не срезано (10 шт.) {"n":10,"bad":[]}
PASS wk screens compact 960x600 light (960x600) help: раскладка компакт C; нет горизонтальной прокрутки {"shell":"shell desk compact side-off","scrollW":960}
PASS wk screens compact 960x600 light (960x600) help: ничего не вылезает за область и не обрезано {"out":[],"clipped":[]}
PASS wk screens compact 960x600 light (960x600) help: шапка — кнопка сайдбара, заголовок, шестерёнка не наезжают {"toggle":[8,10,36,36],"title":[52,6,87,44],"gear":null}
PASS wk screens compact 960x600 light (960x600) help: карточки = 640 по центру {"n":6,"first":[160,116,640,130]}
PASS wk screens compact 960x600 light (960x600) help: Tab — у каждого фокуса видимое кольцо, не срезано (2 шт.) {"n":2,"ids":["sidebar-toggle","help-back"],"bad":[]}
PASS wk screens compact 960x600 light (960x600): без ошибок JS {"errs":[]}
PASS wk screens compact 960x600 dark (960x600) hub: раскладка компакт C; нет горизонтальной прокрутки {"shell":"shell desk compact side-off","scrollW":960}
PASS wk screens compact 960x600 dark (960x600) hub: ничего не вылезает за область и не обрезано {"out":[],"clipped":[]}
PASS wk screens compact 960x600 dark (960x600) hub: шапка — кнопка сайдбара, заголовок, шестерёнка не наезжают {"toggle":[8,8,36,36],"title":[56,19,40,25],"gear":[910,8,44,44]}
PASS wk screens compact 960x600 dark (960x600) hub: карточки = 640 по центру {"cards":[[160,73,640,312]],"area":[0,960]}
PASS wk screens compact 960x600 dark (960x600) mode page: раскладка компакт C; нет горизонтальной прокрутки {"shell":"shell desk compact side-off","scrollW":960}
PASS wk screens compact 960x600 dark (960x600) mode page: ничего не вылезает за область и не обрезано {"out":[],"clipped":[]}
PASS wk screens compact 960x600 dark (960x600) mode page: шапка — кнопка сайдбара, заголовок, шестерёнка не наезжают {"toggle":[8,8,36,36],"title":[56,19,40,25],"gear":[910,8,44,44]}
PASS wk screens compact 960x600 dark (960x600) mode page: колонка 480 (≤ 480) по центру {"page":[240,84,480,472]}
PASS wk screens compact 960x600 dark (960x600) year: раскладка компакт C; нет горизонтальной прокрутки {"shell":"shell desk compact side-off","scrollW":960}
PASS wk screens compact 960x600 dark (960x600) year: ничего не вылезает за область и не обрезано {"out":[],"clipped":[]}
PASS wk screens compact 960x600 dark (960x600) year: шапка — кнопка сайдбара, заголовок, шестерёнка не наезжают {"toggle":[8,8,36,36],"title":[56,19,52,25],"gear":[910,8,44,44]}
PASS wk screens compact 960x600 dark (960x600) year: полотно = 780 по центру {"year":[90,null,780,null]}
PASS wk screens compact 960x600 dark (960x600) settings: раскладка компакт C; нет горизонтальной прокрутки {"shell":"shell desk compact side-off","scrollW":960}
PASS wk screens compact 960x600 dark (960x600) settings: ничего не вылезает за область и не обрезано {"out":[],"clipped":[]}
PASS wk screens compact 960x600 dark (960x600) settings: шапка — кнопка сайдбара, заголовок, шестерёнка не наезжают {"toggle":[8,10,36,36],"title":[52,6,64,44],"gear":null}
PASS wk screens compact 960x600 dark (960x600) settings: карточки = 640 по центру {"n":9,"first":[160,116,640,132]}
PASS wk screens compact 960x600 dark (960x600) help: раскладка компакт C; нет горизонтальной прокрутки {"shell":"shell desk compact side-off","scrollW":960}
PASS wk screens compact 960x600 dark (960x600) help: ничего не вылезает за область и не обрезано {"out":[],"clipped":[]}
PASS wk screens compact 960x600 dark (960x600) help: шапка — кнопка сайдбара, заголовок, шестерёнка не наезжают {"toggle":[8,10,36,36],"title":[52,6,87,44],"gear":null}
PASS wk screens compact 960x600 dark (960x600) help: карточки = 640 по центру {"n":6,"first":[160,116,640,130]}
PASS wk screens compact 960x600 dark (960x600): без ошибок JS {"errs":[]}
PASS wk screens compact 853x533 light (853x533) today party: Tab — у каждого фокуса видимое кольцо, не срезано (17 шт.) {"n":17,"bad":[]}
PASS wk screens compact 853x533 light (853x533) hub: раскладка компакт C; нет горизонтальной прокрутки {"shell":"shell desk compact side-off","scrollW":853}
PASS wk screens compact 853x533 light (853x533) hub: ничего не вылезает за область и не обрезано {"out":[],"clipped":[]}
PASS wk screens compact 853x533 light (853x533) hub: шапка — кнопка сайдбара, заголовок, шестерёнка не наезжают {"toggle":[8,8,36,36],"title":[56,19,40,25],"gear":[803,8,44,44]}
PASS wk screens compact 853x533 light (853x533) hub: карточки = 640 по центру {"cards":[[107,73,640,312]],"area":[0,853]}
PASS wk screens compact 853x533 light (853x533) hub: Tab — у каждого фокуса видимое кольцо, не срезано (8 шт.) {"n":8,"bad":[]}
PASS wk screens compact 853x533 light (853x533) mode page: раскладка компакт C; нет горизонтальной прокрутки {"shell":"shell desk compact side-off","scrollW":853}
PASS wk screens compact 853x533 light (853x533) mode page: ничего не вылезает за область и не обрезано {"out":[],"clipped":[]}
PASS wk screens compact 853x533 light (853x533) mode page: шапка — кнопка сайдбара, заголовок, шестерёнка не наезжают {"toggle":[8,8,36,36],"title":[56,19,40,25],"gear":[803,8,44,44]}
PASS wk screens compact 853x533 light (853x533) mode page: колонка 480 (≤ 480) по центру {"page":[187,84,480,472]}
PASS wk screens compact 853x533 light (853x533) mode page: Tab — у каждого фокуса видимое кольцо, не срезано (5 шт.) {"n":5,"bad":[]}
PASS wk screens compact 853x533 light (853x533) year: раскладка компакт C; нет горизонтальной прокрутки {"shell":"shell desk compact side-off","scrollW":853}
PASS wk screens compact 853x533 light (853x533) year: ничего не вылезает за область и не обрезано {"out":[],"clipped":[]}
PASS wk screens compact 853x533 light (853x533) year: шапка — кнопка сайдбара, заголовок, шестерёнка не наезжают {"toggle":[8,8,36,36],"title":[56,19,52,25],"gear":[803,8,44,44]}
PASS wk screens compact 853x533 light (853x533) year: полотно = 780 по центру {"year":[37,null,780,null]}
PASS wk screens compact 853x533 light (853x533) year: Tab — у каждого фокуса видимое кольцо, не срезано (15 шт.) {"n":15,"bad":[]}
PASS wk screens compact 853x533 light (853x533) settings: раскладка компакт C; нет горизонтальной прокрутки {"shell":"shell desk compact side-off","scrollW":853}
PASS wk screens compact 853x533 light (853x533) settings: ничего не вылезает за область и не обрезано {"out":[],"clipped":[]}
PASS wk screens compact 853x533 light (853x533) settings: шапка — кнопка сайдбара, заголовок, шестерёнка не наезжают {"toggle":[8,10,36,36],"title":[52,6,64,44],"gear":null}
PASS wk screens compact 853x533 light (853x533) settings: карточки = 640 по центру {"n":9,"first":[107,116,640,132]}
PASS wk screens compact 853x533 light (853x533) settings: Tab — у каждого фокуса видимое кольцо, не срезано (10 шт.) {"n":10,"bad":[]}
PASS wk screens compact 853x533 light (853x533) help: раскладка компакт C; нет горизонтальной прокрутки {"shell":"shell desk compact side-off","scrollW":853}
PASS wk screens compact 853x533 light (853x533) help: ничего не вылезает за область и не обрезано {"out":[],"clipped":[]}
PASS wk screens compact 853x533 light (853x533) help: шапка — кнопка сайдбара, заголовок, шестерёнка не наезжают {"toggle":[8,10,36,36],"title":[52,6,87,44],"gear":null}
PASS wk screens compact 853x533 light (853x533) help: карточки = 640 по центру {"n":6,"first":[107,116,640,130]}
PASS wk screens compact 853x533 light (853x533) help: Tab — у каждого фокуса видимое кольцо, не срезано (2 шт.) {"n":2,"ids":["sidebar-toggle","help-back"],"bad":[]}
PASS wk screens compact 853x533 light (853x533): без ошибок JS {"errs":[]}
PASS wk screens compact 853x533 dark (853x533) hub: раскладка компакт C; нет горизонтальной прокрутки {"shell":"shell desk compact side-off","scrollW":853}
PASS wk screens compact 853x533 dark (853x533) hub: ничего не вылезает за область и не обрезано {"out":[],"clipped":[]}
PASS wk screens compact 853x533 dark (853x533) hub: шапка — кнопка сайдбара, заголовок, шестерёнка не наезжают {"toggle":[8,8,36,36],"title":[56,19,40,25],"gear":[803,8,44,44]}
PASS wk screens compact 853x533 dark (853x533) hub: карточки = 640 по центру {"cards":[[107,73,640,312]],"area":[0,853]}
PASS wk screens compact 853x533 dark (853x533) mode page: раскладка компакт C; нет горизонтальной прокрутки {"shell":"shell desk compact side-off","scrollW":853}
PASS wk screens compact 853x533 dark (853x533) mode page: ничего не вылезает за область и не обрезано {"out":[],"clipped":[]}
PASS wk screens compact 853x533 dark (853x533) mode page: шапка — кнопка сайдбара, заголовок, шестерёнка не наезжают {"toggle":[8,8,36,36],"title":[56,19,40,25],"gear":[803,8,44,44]}
PASS wk screens compact 853x533 dark (853x533) mode page: колонка 480 (≤ 480) по центру {"page":[187,84,480,472]}
PASS wk screens compact 853x533 dark (853x533) year: раскладка компакт C; нет горизонтальной прокрутки {"shell":"shell desk compact side-off","scrollW":853}
PASS wk screens compact 853x533 dark (853x533) year: ничего не вылезает за область и не обрезано {"out":[],"clipped":[]}
PASS wk screens compact 853x533 dark (853x533) year: шапка — кнопка сайдбара, заголовок, шестерёнка не наезжают {"toggle":[8,8,36,36],"title":[56,19,52,25],"gear":[803,8,44,44]}
PASS wk screens compact 853x533 dark (853x533) year: полотно = 780 по центру {"year":[37,null,780,null]}
PASS wk screens compact 853x533 dark (853x533) settings: раскладка компакт C; нет горизонтальной прокрутки {"shell":"shell desk compact side-off","scrollW":853}
PASS wk screens compact 853x533 dark (853x533) settings: ничего не вылезает за область и не обрезано {"out":[],"clipped":[]}
PASS wk screens compact 853x533 dark (853x533) settings: шапка — кнопка сайдбара, заголовок, шестерёнка не наезжают {"toggle":[8,10,36,36],"title":[52,6,64,44],"gear":null}
PASS wk screens compact 853x533 dark (853x533) settings: карточки = 640 по центру {"n":9,"first":[107,116,640,132]}
PASS wk screens compact 853x533 dark (853x533) help: раскладка компакт C; нет горизонтальной прокрутки {"shell":"shell desk compact side-off","scrollW":853}
PASS wk screens compact 853x533 dark (853x533) help: ничего не вылезает за область и не обрезано {"out":[],"clipped":[]}
PASS wk screens compact 853x533 dark (853x533) help: шапка — кнопка сайдбара, заголовок, шестерёнка не наезжают {"toggle":[8,10,36,36],"title":[52,6,87,44],"gear":null}
PASS wk screens compact 853x533 dark (853x533) help: карточки = 640 по центру {"n":6,"first":[107,116,640,130]}
PASS wk screens compact 853x533 dark (853x533): без ошибок JS {"errs":[]}
PASS wk screens 1280x800@100 light (1280x800) hub: раскладка с сайдбаром; нет горизонтальной прокрутки {"shell":"shell desk","scrollW":1280}
PASS wk screens 1280x800@100 light (1280x800) hub: ничего не вылезает за область и не обрезано {"out":[],"clipped":[]}
PASS wk screens 1280x800@100 light (1280x800) hub: шапка — кнопка сайдбара, заголовок, шестерёнка не наезжают {"toggle":[256,8,36,36],"title":[304,19,40,25],"gear":[1230,8,44,44]}
PASS wk screens 1280x800@100 light (1280x800) hub: карточки = 640 по центру {"cards":[[444,73,640,312]],"area":[248,1032]}
PASS wk screens 1280x800@100 light (1280x800) hub: Tab — у каждого фокуса видимое кольцо, не срезано (17 шт.) {"n":17,"bad":[]}
PASS wk screens 1280x800@100 light (1280x800) mode page: раскладка с сайдбаром; нет горизонтальной прокрутки {"shell":"shell desk","scrollW":1280}
PASS wk screens 1280x800@100 light (1280x800) mode page: ничего не вылезает за область и не обрезано {"out":[],"clipped":[]}
PASS wk screens 1280x800@100 light (1280x800) mode page: шапка — кнопка сайдбара, заголовок, шестерёнка не наезжают {"toggle":[256,8,36,36],"title":[304,19,40,25],"gear":[1230,8,44,44]}
PASS wk screens 1280x800@100 light (1280x800) mode page: колонка 480 (≤ 480) по центру {"page":[524,84,480,472]}
PASS wk screens 1280x800@100 light (1280x800) mode page: Tab — у каждого фокуса видимое кольцо, не срезано (14 шт.) {"n":14,"bad":[]}
PASS wk screens 1280x800@100 light (1280x800) year: раскладка с сайдбаром; нет горизонтальной прокрутки {"shell":"shell desk","scrollW":1280}
PASS wk screens 1280x800@100 light (1280x800) year: ничего не вылезает за область и не обрезано {"out":[],"clipped":[]}
PASS wk screens 1280x800@100 light (1280x800) year: шапка — кнопка сайдбара, заголовок, шестерёнка не наезжают {"toggle":[256,8,36,36],"title":[304,19,52,25],"gear":[1230,8,44,44]}
PASS wk screens 1280x800@100 light (1280x800) year: полотно = 780 по центру {"year":[374,null,780,null]}
PASS wk screens 1280x800@100 light (1280x800) year: Tab — у каждого фокуса видимое кольцо, не срезано (24 шт.) {"n":24,"bad":[]}
PASS wk screens 1280x800@100 light (1280x800) settings: раскладка с сайдбаром; нет горизонтальной прокрутки {"shell":"shell desk","scrollW":1280}
PASS wk screens 1280x800@100 light (1280x800) settings: ничего не вылезает за область и не обрезано {"out":[],"clipped":[]}
PASS wk screens 1280x800@100 light (1280x800) settings: шапка — кнопка сайдбара, заголовок, шестерёнка не наезжают {"toggle":[256,10,36,36],"title":[300,6,64,44],"gear":null}
PASS wk screens 1280x800@100 light (1280x800) settings: карточки = 640 по центру {"n":9,"first":[444,116,640,132]}
PASS wk screens 1280x800@100 light (1280x800) settings: Tab — у каждого фокуса видимое кольцо, не срезано (19 шт.) {"n":19,"bad":[]}
PASS wk screens 1280x800@100 light (1280x800) help: раскладка с сайдбаром; нет горизонтальной прокрутки {"shell":"shell desk","scrollW":1280}
PASS wk screens 1280x800@100 light (1280x800) help: ничего не вылезает за область и не обрезано {"out":[],"clipped":[]}
PASS wk screens 1280x800@100 light (1280x800) help: шапка — кнопка сайдбара, заголовок, шестерёнка не наезжают {"toggle":[256,10,36,36],"title":[300,6,87,44],"gear":null}
PASS wk screens 1280x800@100 light (1280x800) help: карточки = 640 по центру {"n":6,"first":[444,116,640,130]}
PASS wk screens 1280x800@100 light (1280x800) help: Tab — у каждого фокуса видимое кольцо, не срезано (11 шт.) {"n":11,"ids":["side-today","side-play","side-mode-classic","side-mode-ink","side-mode-liar","side-mode-melody","side-mode-lantern","side-mode-glyphs","side-year","sidebar-toggle","help-back"],"bad":[]}
PASS wk screens 1280x800@100 light (1280x800): без ошибок JS {"errs":[]}
PASS wk screens 1280x800@100 dark (1280x800) hub: раскладка с сайдбаром; нет горизонтальной прокрутки {"shell":"shell desk","scrollW":1280}
PASS wk screens 1280x800@100 dark (1280x800) hub: ничего не вылезает за область и не обрезано {"out":[],"clipped":[]}
PASS wk screens 1280x800@100 dark (1280x800) hub: шапка — кнопка сайдбара, заголовок, шестерёнка не наезжают {"toggle":[256,8,36,36],"title":[304,19,40,25],"gear":[1230,8,44,44]}
PASS wk screens 1280x800@100 dark (1280x800) hub: карточки = 640 по центру {"cards":[[444,73,640,312]],"area":[248,1032]}
PASS wk screens 1280x800@100 dark (1280x800) mode page: раскладка с сайдбаром; нет горизонтальной прокрутки {"shell":"shell desk","scrollW":1280}
PASS wk screens 1280x800@100 dark (1280x800) mode page: ничего не вылезает за область и не обрезано {"out":[],"clipped":[]}
PASS wk screens 1280x800@100 dark (1280x800) mode page: шапка — кнопка сайдбара, заголовок, шестерёнка не наезжают {"toggle":[256,8,36,36],"title":[304,19,40,25],"gear":[1230,8,44,44]}
PASS wk screens 1280x800@100 dark (1280x800) mode page: колонка 480 (≤ 480) по центру {"page":[524,84,480,472]}
PASS wk screens 1280x800@100 dark (1280x800) year: раскладка с сайдбаром; нет горизонтальной прокрутки {"shell":"shell desk","scrollW":1280}
PASS wk screens 1280x800@100 dark (1280x800) year: ничего не вылезает за область и не обрезано {"out":[],"clipped":[]}
PASS wk screens 1280x800@100 dark (1280x800) year: шапка — кнопка сайдбара, заголовок, шестерёнка не наезжают {"toggle":[256,8,36,36],"title":[304,19,52,25],"gear":[1230,8,44,44]}
PASS wk screens 1280x800@100 dark (1280x800) year: полотно = 780 по центру {"year":[374,null,780,null]}
PASS wk screens 1280x800@100 dark (1280x800) settings: раскладка с сайдбаром; нет горизонтальной прокрутки {"shell":"shell desk","scrollW":1280}
PASS wk screens 1280x800@100 dark (1280x800) settings: ничего не вылезает за область и не обрезано {"out":[],"clipped":[]}
PASS wk screens 1280x800@100 dark (1280x800) settings: шапка — кнопка сайдбара, заголовок, шестерёнка не наезжают {"toggle":[256,10,36,36],"title":[300,6,64,44],"gear":null}
PASS wk screens 1280x800@100 dark (1280x800) settings: карточки = 640 по центру {"n":9,"first":[444,116,640,132]}
PASS wk screens 1280x800@100 dark (1280x800) help: раскладка с сайдбаром; нет горизонтальной прокрутки {"shell":"shell desk","scrollW":1280}
PASS wk screens 1280x800@100 dark (1280x800) help: ничего не вылезает за область и не обрезано {"out":[],"clipped":[]}
PASS wk screens 1280x800@100 dark (1280x800) help: шапка — кнопка сайдбара, заголовок, шестерёнка не наезжают {"toggle":[256,10,36,36],"title":[300,6,87,44],"gear":null}
PASS wk screens 1280x800@100 dark (1280x800) help: карточки = 640 по центру {"n":6,"first":[444,116,640,130]}
PASS wk screens 1280x800@100 dark (1280x800): без ошибок JS {"errs":[]}
PASS wk screens 1920x1080@100 light (1920x1080) hub: раскладка с сайдбаром; нет горизонтальной прокрутки {"shell":"shell desk","scrollW":1920}
PASS wk screens 1920x1080@100 light (1920x1080) hub: ничего не вылезает за область и не обрезано {"out":[],"clipped":[]}
PASS wk screens 1920x1080@100 light (1920x1080) hub: шапка — кнопка сайдбара, заголовок, шестерёнка не наезжают {"toggle":[256,8,36,36],"title":[304,19,40,25],"gear":[1870,8,44,44]}
PASS wk screens 1920x1080@100 light (1920x1080) hub: карточки = 640 по центру {"cards":[[764,73,640,312]],"area":[248,1672]}
PASS wk screens 1920x1080@100 light (1920x1080) hub: Tab — у каждого фокуса видимое кольцо, не срезано (17 шт.) {"n":17,"bad":[]}
PASS wk screens 1920x1080@100 light (1920x1080) mode page: раскладка с сайдбаром; нет горизонтальной прокрутки {"shell":"shell desk","scrollW":1920}
PASS wk screens 1920x1080@100 light (1920x1080) mode page: ничего не вылезает за область и не обрезано {"out":[],"clipped":[]}
PASS wk screens 1920x1080@100 light (1920x1080) mode page: шапка — кнопка сайдбара, заголовок, шестерёнка не наезжают {"toggle":[256,8,36,36],"title":[304,19,40,25],"gear":[1870,8,44,44]}
PASS wk screens 1920x1080@100 light (1920x1080) mode page: колонка 480 (≤ 480) по центру {"page":[844,84,480,472]}
PASS wk screens 1920x1080@100 light (1920x1080) mode page: Tab — у каждого фокуса видимое кольцо, не срезано (14 шт.) {"n":14,"bad":[]}
PASS wk screens 1920x1080@100 light (1920x1080) year: раскладка с сайдбаром; нет горизонтальной прокрутки {"shell":"shell desk","scrollW":1920}
PASS wk screens 1920x1080@100 light (1920x1080) year: ничего не вылезает за область и не обрезано {"out":[],"clipped":[]}
PASS wk screens 1920x1080@100 light (1920x1080) year: шапка — кнопка сайдбара, заголовок, шестерёнка не наезжают {"toggle":[256,8,36,36],"title":[304,19,52,25],"gear":[1870,8,44,44]}
PASS wk screens 1920x1080@100 light (1920x1080) year: полотно = 780 по центру {"year":[694,null,780,null]}
PASS wk screens 1920x1080@100 light (1920x1080) year: Tab — у каждого фокуса видимое кольцо, не срезано (24 шт.) {"n":24,"bad":[]}
PASS wk screens 1920x1080@100 light (1920x1080) settings: раскладка с сайдбаром; нет горизонтальной прокрутки {"shell":"shell desk","scrollW":1920}
PASS wk screens 1920x1080@100 light (1920x1080) settings: ничего не вылезает за область и не обрезано {"out":[],"clipped":[]}
PASS wk screens 1920x1080@100 light (1920x1080) settings: шапка — кнопка сайдбара, заголовок, шестерёнка не наезжают {"toggle":[256,10,36,36],"title":[300,6,64,44],"gear":null}
PASS wk screens 1920x1080@100 light (1920x1080) settings: карточки = 640 по центру {"n":9,"first":[764,116,640,132]}
PASS wk screens 1920x1080@100 light (1920x1080) settings: Tab — у каждого фокуса видимое кольцо, не срезано (19 шт.) {"n":19,"bad":[]}
PASS wk screens 1920x1080@100 light (1920x1080) help: раскладка с сайдбаром; нет горизонтальной прокрутки {"shell":"shell desk","scrollW":1920}
PASS wk screens 1920x1080@100 light (1920x1080) help: ничего не вылезает за область и не обрезано {"out":[],"clipped":[]}
PASS wk screens 1920x1080@100 light (1920x1080) help: шапка — кнопка сайдбара, заголовок, шестерёнка не наезжают {"toggle":[256,10,36,36],"title":[300,6,87,44],"gear":null}
PASS wk screens 1920x1080@100 light (1920x1080) help: карточки = 640 по центру {"n":6,"first":[764,116,640,130]}
PASS wk screens 1920x1080@100 light (1920x1080) help: Tab — у каждого фокуса видимое кольцо, не срезано (11 шт.) {"n":11,"ids":["side-today","side-play","side-mode-classic","side-mode-ink","side-mode-liar","side-mode-melody","side-mode-lantern","side-mode-glyphs","side-year","sidebar-toggle","help-back"],"bad":[]}
PASS wk screens 1920x1080@100 light (1920x1080): без ошибок JS {"errs":[]}
PASS wk screens 1920x1080@100 dark (1920x1080) hub: раскладка с сайдбаром; нет горизонтальной прокрутки {"shell":"shell desk","scrollW":1920}
PASS wk screens 1920x1080@100 dark (1920x1080) hub: ничего не вылезает за область и не обрезано {"out":[],"clipped":[]}
PASS wk screens 1920x1080@100 dark (1920x1080) hub: шапка — кнопка сайдбара, заголовок, шестерёнка не наезжают {"toggle":[256,8,36,36],"title":[304,19,40,25],"gear":[1870,8,44,44]}
PASS wk screens 1920x1080@100 dark (1920x1080) hub: карточки = 640 по центру {"cards":[[764,73,640,312]],"area":[248,1672]}
PASS wk screens 1920x1080@100 dark (1920x1080) mode page: раскладка с сайдбаром; нет горизонтальной прокрутки {"shell":"shell desk","scrollW":1920}
PASS wk screens 1920x1080@100 dark (1920x1080) mode page: ничего не вылезает за область и не обрезано {"out":[],"clipped":[]}
PASS wk screens 1920x1080@100 dark (1920x1080) mode page: шапка — кнопка сайдбара, заголовок, шестерёнка не наезжают {"toggle":[256,8,36,36],"title":[304,19,40,25],"gear":[1870,8,44,44]}
PASS wk screens 1920x1080@100 dark (1920x1080) mode page: колонка 480 (≤ 480) по центру {"page":[844,84,480,472]}
PASS wk screens 1920x1080@100 dark (1920x1080) year: раскладка с сайдбаром; нет горизонтальной прокрутки {"shell":"shell desk","scrollW":1920}
PASS wk screens 1920x1080@100 dark (1920x1080) year: ничего не вылезает за область и не обрезано {"out":[],"clipped":[]}
PASS wk screens 1920x1080@100 dark (1920x1080) year: шапка — кнопка сайдбара, заголовок, шестерёнка не наезжают {"toggle":[256,8,36,36],"title":[304,19,52,25],"gear":[1870,8,44,44]}
PASS wk screens 1920x1080@100 dark (1920x1080) year: полотно = 780 по центру {"year":[694,null,780,null]}
PASS wk screens 1920x1080@100 dark (1920x1080) settings: раскладка с сайдбаром; нет горизонтальной прокрутки {"shell":"shell desk","scrollW":1920}
PASS wk screens 1920x1080@100 dark (1920x1080) settings: ничего не вылезает за область и не обрезано {"out":[],"clipped":[]}
PASS wk screens 1920x1080@100 dark (1920x1080) settings: шапка — кнопка сайдбара, заголовок, шестерёнка не наезжают {"toggle":[256,10,36,36],"title":[300,6,64,44],"gear":null}
PASS wk screens 1920x1080@100 dark (1920x1080) settings: карточки = 640 по центру {"n":9,"first":[764,116,640,132]}
PASS wk screens 1920x1080@100 dark (1920x1080) help: раскладка с сайдбаром; нет горизонтальной прокрутки {"shell":"shell desk","scrollW":1920}
PASS wk screens 1920x1080@100 dark (1920x1080) help: ничего не вылезает за область и не обрезано {"out":[],"clipped":[]}
PASS wk screens 1920x1080@100 dark (1920x1080) help: шапка — кнопка сайдбара, заголовок, шестерёнка не наезжают {"toggle":[256,10,36,36],"title":[300,6,87,44],"gear":null}
PASS wk screens 1920x1080@100 dark (1920x1080) help: карточки = 640 по центру {"n":6,"first":[764,116,640,130]}
PASS wk screens 1920x1080@100 dark (1920x1080): без ошибок JS {"errs":[]}
PASS wk focus 1440x900@100 (1440x900): страница режима — фокус на «Start», чип ↩ внутри кнопки {"active":"mode-page-start","onStart":true,"fv":false,"chip":"↩","chipIn":true,"page":true,"sideShown":true}
FAIL wk focus 1440x900@100 (1440x900): клавиши на странице режима не доходят до партии Today {"placed0":1,"sel0":"2"}
node:internal/modules/run_main:107
    triggerUncaughtException(
    ^

locator.focus: Timeout 30000ms exceeded.
Call log:
[2m  - waiting for locator('[data-testid="side-year"]')[22m

    at runFocus (/Users/taroklim/Documents/KlymWork/DevTeam_v1/products/pundoku-worktrees/pd-desk-c-all/design/pd290-check.mjs:601:52)
    at async file:///Users/taroklim/Documents/KlymWork/DevTeam_v1/products/pundoku-worktrees/pd-desk-c-all/design/pd290-check.mjs:764:34 {
  name: 'TimeoutError'
}

Node.js v24.19.0
