[A +1.8s taps=0] console.error Failed to load resource: the server responded with a status of 404 (Not Found)
[A +2.6s taps=0] Today | Fri 2 Oct · Medium · 0:00 | 8 | 2 | 4 | 9 | 3 | 7 | 1 | 3 | 8 | 8 | 4 | 2 | 7 | 9 | 1 | 4 | 4 | 3 | 8 | 6 | 2 | 4 | 3 | 2 | 4 | 6 | 8 | 1 | 5 | 4 | Ink mode | Off | Choose before your first move. Not available once you have placed a digit. | 1 | 6 | 2 | 5 | 3 | 5 | 4 | 2 | 5 | 8 | 6 | 7 | 7 | 7 | 8 | 4 | 9 | 7 | Notes | Undo | Erase | Today | Play | Year
[A +2.9s taps=0] shot explore-first
[A1 +1.5s taps=0] board visible after ms 1451
[A1 +2.3s taps=0] empties 51 first empties 0,1,6,7,8,9
[A1 +2.3s taps=0] auto-selected cell 0
[A1 +3.0s taps=1] after 1st digit: 50 cells left | Puzzle from Pundoku’s generator | 
[A1 +3.2s taps=1] shot S01-first-digit-placed
[A1 +3.2s taps=1] selection after placing: 0 (was 0 )
[A1 +3.2s taps=1] ink row present: 0 50 cells left | Puzzle from Pundoku’s generator | 
[A1 +3.7s taps=2] same digit again on same cell -> 0
[A1 +4.1s taps=3] overwrite correct with 7 -> 7 err class: 1
[A1 +4.2s taps=3] shot S02-wrong-over-own-digit
[A1 +4.4s taps=4] notes aria-pressed true
[A1 +4.6s taps=4] shot S03-notes-mode-on
[A1 +5.4s taps=8] shot S04-notes-three
[A1 +5.4s taps=8] marks cell 1 257
[A1 +5.5s taps=9] after toggling 5: 27
[A1 +5.7s taps=11] notes into filled cell c0 -> 7 0
[A1 +5.8s taps=11] taps total 11
[A2 +4.0s taps=0] restored grid first 20: 70893700002000003840 clock: 0:05 sub: Fri 2 Oct · Medium · 0:05
[A2 +4.0s taps=0] marks c1: 27  selected: 0
[A2 +4.7s taps=2] erase cell 0 -> 0
[A2 +5.1s taps=3] undo -> 7 wrong class: 1
[A2 +5.6s taps=4] undo again -> 7 1
[A2 +5.6s taps=4] solution[0]= 6 solution[1]= 5 notes at 1 contain?
[A2 +7.0s taps=11] before place: cell1 has note 6 true cell9 true
[A2 +7.9s taps=13] after placing 6 in cell0 -> 6 peer notes remain: cell1 true cell9 true
[A2 +8.1s taps=13] shot S05-notes-after-placing-peer
[A2 +10.0s taps=13] after reload grid same: 60893700002000003840 clock before 0:09 after 0:09
[A2 +47.2s taps=111] filled all but last: taps used 98 ms 37132  left: 1 cell left
[A2 +49.2s taps=113] grid full with 1 wrong; status: 1 cell left | err cells: 1
[A2 +49.3s taps=113] shot S06-full-grid-one-wrong
[A2 +49.4s taps=113] UI text: 1 cell left | Today | Fri 2 Oct · Medium · 0:49 | 6 | 5 | 8 | 1 | 2 | 7 | 4 | 9 | 3 | 9 | 3 | 7 | 5 | 6 | 4 | 8 | 2 | 1 | 1 | 4 | 2 | 9 | 3 | 8 | 7 | 6 | 5 | 8 | 4 | 2 | 5 | 7 | 6 | 9 | 3 | 1 | 6 | 7 | 3 | 1 | 9 | 8 | 4 | 5 | 2 | 5 | 9 | 1 | 4 | 2 | 3 | 8 | 7 | 6 | 7 | 8 | 5 | 2 | 1 | 4 | 3 | 6 | 9 | 2 | 4 | 6 | 3 | 8 | 9 | 7 | 1 | 5 | 3 | 1 | 9 | 6 | 5 | 7 | 2 | 9 | 4 | 1 cell left | Puzzle from Pundoku’s generator | 1 | · | 2 | · | 3 | · | 4 | · | 5 | · | 6 | · | 7 | · | 8 | 1 | 9 | · | Notes | Undo | Erase | Today | Play | Year
[A3 +2.2s taps=0] wrong cell 79
[A3 +3.2s taps=2] card appeared after ms 268
[A3 +4.8s taps=2] shot S07-solved-card-top
[A3 +4.8s taps=2] TEXT: Today | Fri 2 Oct · Medium | Your path | Every cell shaded by when you filled it. | Early | Late | Time | 0:49 | Corrections | 3 | Technique reached | Hidden Single | Watch your solve | Share | Puzzle from Pundoku’s generator | Grid ∞ | 1 cell · not yet solvable | 7 | Today’s last cell lands here. | Today | Play | Year
[A3 +4.8s taps=2] scroll {"sh":1285,"ch":852}
[A3 +5.5s taps=2] shot S08-solved-card-bottom
[A3 +5.5s taps=2] classes: panel ; play today ; sr-only ; toolbar ; title ; gear-btn ; subline ; card ; sub ; heat tl-tap ; g ; legend ; bar ; rows ; row ; mono ; tl-watch ; share ; source ; section-head ; meta ; board-wrap ; board ; box ; cell ; cell target landed pulse ; d given ; hint ; chip
[A4 +2.5s taps=0] scrollTop on load: 0
[A4 +2.6s taps=0] shot S09-card-after-reload
[A4 +3.2s taps=0] shot S10-card-top
[A4 +3.2s taps=0] heat box {"x":32,"y":125,"width":329,"height":329.03125}
[A4 +3.6s taps=1] tap heat map
[A4 +4.6s taps=1] shot S11-after-tap-heat
[A4 +4.6s taps=1] TEXT: Today | Fri 2 Oct · Medium | Your path | Every cell shaded by when you filled it. | Early | Late | Time | 0:49 | Corrections | 3 | Technique reached | Hidden Single | Watch your solve | Share | Puzzle from Pundoku’s generator | Grid ∞ | 1 cell · not yet solvable | 7 | Today’s last cell lands here. | Today | Play | Year | Cancel | Your solve | Done | Fri 2 Oct · Medium · 0:49 | 0:09 | 0:13 | 0:18 | 0:22 | 0:26 | 0:31 | 0:35 | 0:41 | 0:49 | Nine stages of your solve. Nothing moves. | Play the replay
[A5-fresh +3.3s taps=1] tap Year tab
[A5-fresh +4.5s taps=1] shot S12-year-empty-fresh
[A5-fresh +4.5s taps=1] TEXT: Year 2026 | Jan | Feb | Mar | Apr | May | Jun | Jul | Aug | Sep | Oct | Nov | Dec | Your year starts today. Each day you play leaves one mark here. | Open today’s puzzle | Today | Play | Year
[A5-fresh +4.7s taps=2] tap Play tab
[A5-fresh +5.6s taps=2] shot S13-play-fresh-setup
[A5-fresh +5.6s taps=2] PLAY TEXT: Play | A puzzle of your own, any time. | NEW PUZZLE | Difficulty | Medium | Ink mode | Off | In ink mode there is no undo and no eraser for digits. | Start | Today | Play | Year
[A5-fresh +3.1s taps=1] tap Year tab
[A5-fresh +4.3s taps=1] shot S12-year-empty-fresh
[A5-fresh +4.3s taps=1] TEXT: Year 2026 | Jan | Feb | Mar | Apr | May | Jun | Jul | Aug | Sep | Oct | Nov | Dec | Your year starts today. Each day you play leaves one mark here. | Open today’s puzzle | Today | Play | Year
[A5-fresh +4.5s taps=2] tap Play tab
[A5-fresh +5.3s taps=2] shot S13-play-fresh-setup
[A5-fresh +5.3s taps=2] PLAY TEXT: Play | A puzzle of your own, any time. | NEW PUZZLE | Difficulty | Medium | Ink mode | Off | In ink mode there is no undo and no eraser for digits. | Start | Today | Play | Year
[A5 +3.9s taps=1] tap Grid inf board
[A5 +4.7s taps=1] shot S14-tap-gridinf
[A5 +4.7s taps=1] after tapping Grid inf: Today | Fri 2 Oct · Medium | Your path | Every cell shaded by when you filled it. | Early | Late | Time | 0:49 | Corrections | 3 | Technique reached | Hidden Single | Watch your solve | Share | Puzzle from Pundoku’s generator | Grid ∞ | 1 cell · not 
[A5 +5.2s taps=2] tap Year tab
[A5 +6.6s taps=2] shot S15-year-with-one-day
[A5 +6.6s taps=2] YEAR TEXT: Year 2026 | 1 day · 0 clean · 1 with corrections | Jan | Feb | Mar | Apr | May | Jun | Jul | Aug | Sep | Oct | Nov | Dec | Solved | With help | Corrections | Unfinished | Missed | Today | Play | Year
[A5 +6.6s taps=2] year classes: panel enter ; year ; toolbar ; title ; sr-only ; subline year-totals ; year-months ; year-month ; mlab ; mgrid ; ymark is-void ; ymark is-solved has-corr is-today ; year-legend ; ymark is-solved ; ymark is-solved has-help ; ymark is-solved has-corr ; ymark is-unfinished ; ymark is-missed
[A6 +1.7s taps=0] marks sample [{"cls":"ymark is-void","w":12.4,"h":12.4,"tag":"I","label":"January, nothing yet"},{"cls":"ymark is-void","w":12.4,"h":12.4,"tag":"I","label":"January, nothing yet"},{"cls":"ymark is-void","w":12.4,"h":12.4,"tag":"I","label":"January, nothing yet"}]
[A6 +1.8s taps=0] buttons in months: 12  ymark elements: 420
[A6 +2.2s taps=1] tap Oct month card
[A6 +3.3s taps=1] shot S16-year-month-sheet
[A6 +3.3s taps=1] SHEET TEXT: Year 2026 | 1 day · 0 clean · 1 with corrections | Jan | Feb | Mar | Apr | May | Jun | Jul | Aug | Sep | Oct | Nov | Dec | Solved | With help | Corrections | Unfinished | Missed | Today | Play | Year | October 2026 | Done | S | M | T | W | T | F | S | 1 | 2 | 3 | 4 | 5 | 6 | 7 | 8 | 9 | 10 | 11 | 12 | 13 | 14 | 15 | 16 | 17 | 18 | 19 | 20 | 21 | 22 | 23 | 24 | 25 | 26 | 27 | 28 | 29 | 30 | 31 | 1 of 31 days solved, 1 with corrections
[A7 +1.5s taps=1] tap Oct card
[A7 +2.2s taps=1] buttons labelled 1: 1
[A7 +2.4s taps=2] tap day 1
[A7 +3.2s taps=2] shot S17-day-card-notplayed
[A7 +3.2s taps=2] TEXT: Year 2026 | 1 day · 0 clean · 1 with corrections | Jan | Feb | Mar | Apr | May | Jun | Jul | Aug | Sep | Oct | Nov | Dec | Solved | With help | Corrections | Unfinished | Missed | Today | Play | Year | October | Done | Thu 1 October | Before your first entry.
[A7 +3.9s taps=2] after back:  | T | F | S | 1 | 2 | 3 | 4 | 5 | 6 | 7 | 8 | 9 | 10 | 11 | 12 | 13 | 14 | 15 | 16 | 17 | 18 | 19 | 20 | 21 | 22 | 23 | 24 | 25 | 26 | 27 | 28 | 29 | 30 | 31 | 1 of 31 days solved, 1 with corrections
[A8 +2.2s taps=0] play entry TEXT: Play | A puzzle of your own, any time. | NEW PUZZLE | Difficulty | Medium | Ink mode | Off | In ink mode there is no undo and no eraser for digits. | Start | Today | Play | Year
[A8 +2.3s taps=0] shot S18-play-setup
[A8 +2.7s taps=1] tap Difficulty row
[A8 +3.5s taps=1] shot S19-play-difficulty-picker
[A8 +3.5s taps=1] picker TEXT: Play | A puzzle of your own, any time. | NEW PUZZLE | Difficulty | Medium | Ink mode | Off | In ink mode there is no undo and no eraser for digits. | Start | Today | Play | Year
[A8 +3.5s taps=1] picker html: <select class="row-select" data-testid="setup-difficulty"><option value="easy">Easy</option><option value="medium">Medium</option><option value="hard">Hard</option><option value="expert">Expert</option><option value="master">Master</option></select>
[A9 +2.0s taps=1] tap Start easy
[A9 +2.8s taps=1] easy board ready ms 1364 clues 38 sub: Fri 2 Oct · Easy · 0:00
[A9 +3.2s taps=1] shot S20-play-easy
[A9 +3.2s taps=1] toolbar has select: 1
[A9 +3.2s taps=1] TEXT: Play | Fri 2 Oct · Easy · 0:00 | 3 | 2 | 4 | 5 | 8 | 7 | 9 | 4 | 8 | 5 | 6 | 3 | 1 | 5 | 8 | 3 | 6 | 2 | 4 | 2 | 7 | 1 | 4 | 3 | 2 | 8 | 5 | 1 | 6 | 3 | 6 | 7 | 1 | 9 | 5 | 7 | 8 | 4 | 43 cells left |
[A9 +3.6s taps=1] toolbar change selects -> medium -> returns to setup; setup difficulty value: medium taps (no tap counted for select)
[A9 +4.1s taps=2] tap Start medium
[A9 +4.5s taps=2] medium board ready ms 817 clues 30 sub: Fri 2 Oct · Medium · 0:00
[A9 +4.7s taps=2] toolbar change selects -> hard -> returns to setup; setup difficulty value: hard taps (no tap counted for select)
[A9 +5.1s taps=3] tap Start hard
[A9 +5.4s taps=3] hard board ready ms 631 clues 26 sub: Fri 2 Oct · Hard · 0:00
[A9 +5.6s taps=3] toolbar change selects -> expert -> returns to setup; setup difficulty value: expert taps (no tap counted for select)
[A9 +5.9s taps=4] tap Start expert
[A9 +6.2s taps=4] expert board ready ms 607 clues 24 sub: Fri 2 Oct · Expert · 0:00
[A9 +6.3s taps=4] toolbar change selects -> master -> returns to setup; setup difficulty value: master taps (no tap counted for select)
[A9 +6.7s taps=5] tap Start master
[A9 +7.0s taps=5] master board ready ms 588 clues 24 sub: Fri 2 Oct · Master · 0:00
[A9 +7.2s taps=5] shot S20-play-master
[A10 +2.1s taps=1] tap Start easy
[A10 +10.3s taps=25] 12 digits placed, left: 31 cells left
[A10 +10.6s taps=25] shot S21-play-midgame
[A10 +11.0s taps=26] tap Year
[A10 +11.8s taps=27] tap Play
[A10 +12.3s taps=27] after tab switch, grid same: true clock 0:09
[A10 +14.0s taps=27] after reload: Play | A puzzle of your own, any time. | NEW PUZZLE | Difficulty | Medium | Ink mode | Off | In ink mode there is no und grid same: false
[A10 +44.0s taps=27] select err locator.selectOption: Timeout 30000ms exceeded.
Call log:
[2m  - waiting for lo
[A10 +44.6s taps=27] after toolbar select: Play | A puzzle of your own, any time. | NEW PUZZLE | Difficulty | Medium | Ink mode | Off | In ink mode there is no undo and no eraser for digits. | Start | To
[A10 +44.7s taps=27] shot S22-play-after-toolbar-select
[A10 +44.9s taps=28] tap Today
[A10 +45.7s taps=29] tap Play
[A10 +46.5s taps=29] back on Play: Play | A puzzle of your own, any time. | NEW PUZZLE | Difficulty | Medium | Ink mode | Off | In ink mode there is no undo and no eraser for 
[A11 +1.1s taps=1] tap Start medium
[A11 +8.8s taps=41] 20 digits placed: 31 cells left
[A11 +8.8s taps=41] toolbar select box {"x":298,"y":14,"width":79,"height":19} font-size 13px
[A11 +9.0s taps=41] shot S23-play-toolbar-select-visible
[A11 +9.6s taps=41] shot S24-play-game-discarded
[A11 +9.6s taps=41] now: Play | A puzzle of your own, any time. | NEW PUZZLE | Difficulty | Hard | Ink mode | Off | In ink mode there is no undo and no eraser for digits. | St
[A11 +10.5s taps=43] after round trip: Play | A puzzle of your own, any time. | NEW PUZZLE | Difficulty | Hard | Ink mode | Off | In ink mo
[VSEED +2.9s taps=0] 2026-09-29 subline: Tue 29 Sep · Medium · 0:00
[VSEED +41.0s taps=104] 2026-09-29 full done; text: Today | Tue 29 Sep · Medium | Your path | Every cell shaded by when you filled it. | Early | Late | Time | 0:31 | Corrections | 1 | Techniqu
[VSEED +43.3s taps=104] 2026-09-30 subline: Wed 30 Sep · Medium · 0:00
[VSEED +61.9s taps=164] 2026-09-30 part done; text: 40 cells left | Today | Wed 30 Sep · Medium · 0:17 | 7 | 1 | 5 | 4 | 8 | 3 | 9 | 2 | 6 | 9 | 8 | 6 | 1 | 2 | 7 | 3 | 4 | 5 | 4 | 2 | 3 | 6 |
[V1 +2.4s taps=0] shot S25-year-vet
[V1 +2.4s taps=0] YEAR TEXT: Year 2026 | 1 day · 0 clean · 1 with corrections | Jan | Feb | Mar | Apr | May | Jun | Jul | Aug | Sep | Oct | Nov | Dec | Solved | With help | Corrections | Unfinished | Missed | Today | Play | Year
[V1 +2.8s taps=1] tap Sep
[V1 +3.7s taps=1] shot S26-sep-sheet
[V1 +4.0s taps=2] tap Sep 30
[V1 +4.9s taps=2] shot S27-sep30-unfinished-card
[V1 +4.9s taps=2] SEP30:  | Wed 30 September | Medium · daily puzzle | You started this one and left it with 30 of 51 cells filled in correctly. | Finish this puzzle
[V2 +2.3s taps=1] tap Sep
[V2 +3.1s taps=2] tap Sep 30
[V2 +3.9s taps=3] tap Finish this puzzle
[V2 +4.8s taps=3] URL http://127.0.0.1:3981/#/day/2026-09-30
[V2 +4.9s taps=3] shot S28-archive-resumed
[V2 +4.9s taps=3] ARCHIVE TEXT:  | Year | Archive | Wed 30 Sep · Medium · 0:16 | 7 | 1 | 5 | 4 | 8 | 3 | 9 | 2 | 6 | 9 | 8 | 6 | 1 | 2 | 7 | 3 | 4 | 5 | 4 | 2 | 3 | 6 | 9 | 5 | 8 | 7 | 1 | 3 | 6 | 4 | 2 | 9 | 7 | 8 | 1 | 7 | 1 | 9 | 6 | 5 | 8 | 3 | 4 |
[V2 +4.9s taps=3] ink row present: 0
[V2 +5.0s taps=3] player digits restored: 30
[V2 +5.8s taps=3] after goBack URL: about:blank | text: 
[V2 +6.9s taps=3] after goForward URL: http://127.0.0.1:3981/#/day/2026-09-30
[V2 +22.4s taps=45] shot S29-archive-solved-card
[V2 +22.5s taps=45] SOLVED TEXT:  | Year | Archive | Wed 30 Sep · Medium | Your path | Every cell shaded by when you filled it. | Early | Late | Time | 0:28 | Corrections | clean | Technique reached | Naked Single | Watch your solve | Share | Puzzle from Pundoku’s generator | Played after the day, so the year keeps it as missed. | Today | Play | Year
[V2 +22.7s taps=46] tap back to Year
[V2 +23.7s taps=46] shot S30-year-after-archive-solve
[V2 +23.7s taps=46] after back: http://127.0.0.1:3981/#/year Year 2026 | 1 day · 0 clean · 1 with corrections | Jan | Feb | Mar | Apr | May | Jun | Jul | Aug | Sep | Oct | Nov | Dec | Solved | With help | Corrections | Unfinished | Missed | Today | Play | Year | September | Done | Wed 30 September | Medium · daily puzzle | Early | Late | Time | 0:28 | Correct
[V3 +1.9s taps=0] today fresh text head: Today | Fri 2 Oct · Medium · 0:00 | 8 | 2 | 4 | 9 | 3 | 7 | 
[V3 +2.0s taps=1] tap Ink row
[V3 +3.0s taps=1] shot S31-ink-rule-sheet
[V3 +3.0s taps=1] RULE TEXT:  | In ink mode every digit you place is final. Read this before you start — you can’t switch later. | No undo, and no eraser for digits. | A wrong digit leaves a blot: the cell seals, and the right digit is filled in for you. | Pencil marks still work, and can still be erased. | Once you place a digit you can’t switch back for this puzzle. | Play in ink | Not now
[V3 +3.2s taps=2] tap Not now
[V3 +3.7s taps=2] after Not now: ink row value:  | Ink mode | Off | Choose before your first move. Not available once you have placed a digit. | 
[V3 +3.8s taps=3] tap Ink row again
[V3 +4.5s taps=4] tap Play in ink
[V3 +5.2s taps=4] after Play in ink: Today | Fri 2 Oct · Medium · ink · 0:03 | 8 | 2 | 4 | 9 | 3 | 7 | 1 | 3 | 8 | 8 | 4 | 2 | 7 | 9 | 1 | 4 | 4 | 3 | 8 | 6 
[V3 +5.3s taps=4] shot S32-ink-on-before-move
[V3 +5.7s taps=6] pad/actions after first move:  | Notes |  | Erase notes |  | ink row present: 0
[V3 +5.8s taps=7] tap other digit on locked cell -> 6
[V3 +6.5s taps=9] shot S33-ink-blot-moment
[V3 +7.5s taps=9] shot S34-ink-blot-sealed
[V3 +7.6s taps=9] blot cell digit: 5 sr status: Wrong digit. The cell is sealed with a blot. 5 | left: 49 cells left
[V3 +7.7s taps=10] tap on blot cell -> 5
[V3 +7.8s taps=10] Erase label: Erase notes

[V3 +8.6s taps=14] notes in ink -> 46
[V3 +8.8s taps=15] after Erase notes tap on notes cell: 0
[V4 +2.6s taps=0] ink row before: 1
[V4 +2.9s taps=1] ink row after toggling Notes mode (no move yet): 1
[V4 +3.2s taps=2] ink row after FIRST pencil mark: 0
[V4 +3.5s taps=3] ink row after removing that note: 0
[V4 +3.8s taps=3] shot S35-ink-row-gone-after-note
[V4 +3.9s taps=4] after Undo: 0
[V5 +1.9s taps=1] tap Sep
[V5 +2.8s taps=2] tap Sep 29
[V5 +3.6s taps=2] shot S36-solved-day-card-in-year
[V5 +3.9s taps=3] tap Watch your solve
[V5 +5.2s taps=3] shot S37-timelapse-contact-sheet
[V5 +5.2s taps=3] T1:  | Done | Tue 29 Sep · Medium · 0:31 | 0:03 | 0:06 | 0:09 | 0:13 | 0:16 | 0:19 | 0:21 | 0:26 | 0:31 | Nine stages of your solve. Nothing moves. | Play the replay
[V5 +5.4s taps=4] tap Play the replay
[V5 +6.9s taps=4] shot S38-timelapse-player-1s
[V5 +6.9s taps=4] T2 buttons: Back to September ; Done ; Watch your solve ; Done ; Repeat ; Previous move ; Play ; Next move ; Slow ; Normal ; Fast ; Nine stages
[V5 +6.9s taps=4] T2 text:  | Done | Tue 29 Sep · Medium · 0:31 | 5 | 1 | 8 | 7 | 6 | 1 | 4 | 6 | 6 | 7 | 5 | 1 | 4 | 4 | 7 | 5 | 3 | 3 | 6 | 1 | 4 | 5 | 2 | 3 | 4 | 5 | 5 | 7 | 6 | 3 | Move 0 of 52 | 0:00 / 0:31 | Slow | Normal | Fast | Real rhythm, long pauses shortened. | Nine stages
[V5 +13.1s taps=4] shot S39-timelapse-player-7s
[V5 +13.1s taps=4] T3 text:  | Done | Tue 29 Sep · Medium · 0:31 | 5 | 1 | 8 | 7 | 6 | 1 | 4 | 6 | 6 | 7 | 5 | 1 | 4 | 4 | 7 | 5 | 3 | 3 | 6 | 1 | 4 | 5 | 2 | 3 | 4 | 5 | 5 | 7 | 6 | 3 | Move 0 of 52 | 0:00 / 0:31 | Slow | Normal | Fast | Real rhythm, long pauses shortened. | Nine stages
[V6 +2.6s taps=1] tap Sep
[V6 +3.4s taps=2] tap Sep 29
[V6 +4.3s taps=3] tap Watch
[V6 +5.2s taps=4] tap Play the replay
[V6 +5.9s taps=5] tap Play
[V6 +7.5s taps=5] move: Move 1 of 52
[V6 +10.5s taps=5] move: Move 8 of 52
[V6 +13.5s taps=5] move: Move 14 of 52
[V6 +13.9s taps=5] shot S40-timelapse-mid
[V6 +14.3s taps=6] tap Fast
[V6 +17.4s taps=6] fast 3s -> Move 26 of 52
[V6 +17.6s taps=7] tap Pause
[V6 +17.7s taps=7] paused at Move 27 of 52
[V6 +18.0s taps=8] tap next
[V6 +18.1s taps=8] next -> Move 28 of 52
[V6 +18.4s taps=9] tap prev
[V6 +18.7s taps=10] tap prev
[V6 +18.8s taps=10] prev x2 -> Move 26 of 52
[V6 +18.8s taps=10] slider count 1 min/max 52
[V6 +18.9s taps=10] slider box {"x":16,"y":675,"width":361,"height":44}
[V6 +19.2s taps=10] tap middle of slider -> Move 26 of 52
[V6 +19.4s taps=11] tap Play
[V6 +19.5s taps=12] tap Fast
[V6 +31.5s taps=12] end state: Move 52 of 52 | buttons: January, nothing yet ; February, nothing yet ; March, nothing yet ; April, nothing yet ; May, nothing yet ; June, nothing yet ; July, nothing yet ; August, nothing yet ; September, 1 of 30 days solved, 1 with corrections ; October, nothing yet ; November, nothing yet ; December, nothing yet ; Today ; Play ; Year ; Back to September ; Done ; Watch your solve ; Done ; Repeat ; Previous move ; Play ; Next move ; Slow ; Normal ; Fast ; Nine stages
[V6 +31.8s taps=12] shot S41-timelapse-end
[V7 +1.8s taps=1] tap Sep
[V7 +2.6s taps=2] tap Sep 29
[V7 +3.5s taps=3] tap Watch
[V7 +4.3s taps=4] tap Play the replay
[V7 +5.2s taps=4] tap at 25% of slider -> Move 12 of 52
[V7 +5.4s taps=5] tap Nine stages
[V7 +5.9s taps=5] back to stages: true
[V7 +6.1s taps=6] tap Done
[V7 +6.8s taps=6] after Done (top sheet): eptember | Done | Tue 29 September | Medium · daily puzzle | Early | Late | Time | 0:31 | Corrections | 1 | Technique reached | Hidden Single | Watch your solve
[V7b +4.0s taps=1] tap Share
[V7b +6.2s taps=1] shot S42-share-export-sheet
[V7b +6.2s taps=1] EXPORT TEXT:  | Done | No digits from the solution — safe to post. | Tone is the order you filled cells; size is how long you thought. | Share | PNG 1080 × 1350
[V7b +6.2s taps=1] buttons: Settings ; Watch your solve ; Share ; Today ; Play ; Year ; Done ; Share
[V7b +6.3s taps=1] navigator.share: function canShare: function
[V7c-webkit +3.3s taps=1] tap Share
[V7c-webkit +4.9s taps=2] tap fp-share
[V7c-webkit +7.4s taps=2] note under button:  | Share | PNG 1080 × 1350
[V7c-chromium +2.2s taps=1] tap Share
[V7c-chromium +3.8s taps=2] tap fp-share
[V7c-chromium +3.9s taps=2] DOWNLOAD pundoku-2026-10-02.png
[V7c-chromium +6.4s taps=2] note under button: Share |  | Saved as an image.
[V8 +3.2s taps=1] tap gear
[V8 +4.2s taps=1] shot S43-settings
[V8 +4.2s taps=1] SETTINGS TEXT:  | Today | Settings | Language | English | Українська | Русский | Recovery key | I already have a key | Create key | No account, no email, no password. The key is the only way to bring progress back on another phone — or on this one after its data is cleared. | About | Pundoku, Version 0.1.0v0.1.0 | Today | Play | Year
[V8 +4.2s taps=1] settings html controls: BUTTON:Back to Today ; BUTTON:English ; BUTTON:Українська ; BUTTON:Русский ; BUTTON:I already have a key ; BUTTON:Create key
[V9 +3.5s taps=1] tap gear
[V9 +4.3s taps=2] tap create key
[V9 +5.9s taps=2] shot S44-key-shown
[V9 +6.0s taps=2] KEY TEXT: "DXTN\nF9KF\n89PE\n87YM\n7EYN\nNENT\nJZE3\n1TZR\n"
[V9 +6.0s taps=2] TEXT:  | Today | Settings | Language | English | Українська | Русский | Recovery key | Your key | DXTN | F9KF | 89PE | 87YM | 7EYN | NENT | JZE3 | 1TZR | The key is shown this one time only. | Copy | Keep it somewhere safe. Without the key there is no way to bring progress back, and no way to recover the key itself. | Key saved | About | Pundoku, Version 0.1.0v0.1.0 | Today | Play | Year
[V9 +6.1s taps=3] tap copy
[V9 +6.7s taps=3] after copy: Copied
[V9 +6.8s taps=3] clipboard: ERR The request is not allowed by the user agent or the platform in the current context, possibly because the user denied permission.
[V9 +6.8s taps=3] shot S45-key-copied
[V9 +7.0s taps=4] tap back (key unsaved)
[V9 +7.8s taps=4] shot S46-leave-guard
[V9 +7.8s taps=4] GUARD TEXT:  | Today | Settings | Language | English | Українська | Русский | Recovery key | Your key | DXTN | F9KF | 89PE | 87YM | 7EYN | NENT | JZE3 | 1TZR | The key is shown this one time only. | Copied | Keep it somewhere safe. Without the key there is no way to bring progress back, and no way to recover the key itself. | Key saved | About | Pundoku, Version 0.1.0v0.1.0 | The key isn’t saved yet | It is shown only once. If you leave now, it disappears; a new one can be made with Replace key. | Leave | Stay | Today | Play | Year
[V9 +8.0s taps=5] tap Stay
[V9 +38.5s taps=6] tab err locator.tap: Timeout 30000ms exceeded.
Call log:
[2m  - waiting for locator('na
[V9 +39.2s taps=6] after tab tap hash: #/settings guard visible: 0
[V9 +39.2s taps=6] shot S47-tab-while-unsaved
[V9 +39.7s taps=7] tap Key saved
[V9 +41.0s taps=7] shot S48-key-linked
[V9 +41.0s taps=7] LINKED TEXT:  | Today | Settings | Language | English | Українська | Русский | Recovery key | Created | 2 Oct 2026 | Devices | 1 | Progress is saved. Enter the key on another phone to continue there. | Replace key | Unlink this device | Delete key and unlink all devices | Replacing the key makes the old one stop working. Deleting it changes nothing about the puzzles already on this phone. | About | Pundoku, Version 0.1.0v0.1.0 | Today | Play | Year
[V9 +44.1s taps=8] tap reissue
[V9 +44.8s taps=8] shot S49-reissue-sheet
[V9 +44.8s taps=8] SHEET:  | Today | Settings | Language | English | Українська | Русский | Recovery key | Created | 2 Oct 2026 | Devices | 1 | Progress is saved. Enter the key on another phone to continue there. | Replace key | Unlink this device | Delete key and unlink all devices | Replacing the key makes the old one stop working. Deleting it changes nothing about the puzzles already on this phone. | About | Pundoku, Version 0.1.0v0.1.0 | Replace the recovery key? | The new key replaces the current one, which stops working straight away. Devices that are already connected stay connected. To disconnect them, use “Unlink this device” or “Delete key and unlink all devices”. | Replace key | Cancel | Today | Play | Year
[V9 +45.0s taps=9] tap cancel sheet
[V10a +2.0s taps=0] linked-state text:  | Today | Settings | Language | English | Українська | Русский | Recovery key | Created | 2 Oct 2026 | Devices | 1 | Progress is saved. Enter the key on another phone to continue there. | Replace key | Unlink this device | Delete key and unlink all devices | 
[V10a +2.2s taps=1] tap reissue
[V10a +2.6s taps=2] tap confirm replace
[V10a +4.1s taps=2] after reissue:  | Today | Settings | Language | English | Українська | Русский | Recovery key | Your key | PX7H | KDYA | 61KA | F29N | MP9S | QPF1 | KQ6M | 47HT | The key is shown this one time only. | Copy | Keep it somewhere safe. Without the key there is no way to bring progress back, and no way to recover the 
[V10a +4.3s taps=3] tap tab Year (key unsaved)
[V10a +5.0s taps=3] hash: #/settings guard: 1
[V10a +5.1s taps=3] shot S47-tab-while-unsaved
[V10a +5.4s taps=4] tap Leave
[V10a +5.9s taps=4] hash after leave: #/year
[V10a +7.6s taps=4] settings after leave w/o saving:  | Today | Settings | Language | English | Українська | Русский | Recovery key | Created | 2 Oct 2026 | Devices | 1 | Progress is saved. Enter the key on another phone to continue there. | Replace key | Unlink this device | Delete key and unlink all devices | Replacing the key makes the old one stop
[V10a +7.7s taps=4] shot S50-after-leave-unsaved
[V10b +2.0s taps=1] tap have key
[V10b +2.6s taps=1] shot S51-enter-key
[V10b +2.6s taps=1] TEXT:  | Today | Settings | Language | English | Українська | Русский | Recovery key | Recovery key | Case, spaces and dashes don’t matter. Paste works. | Restore | Cancel | Whatever is already on this phone is kept and merged with what the key restores. | About | Pundoku, Version 0.1.0v0.1.0 | Today | Play | Year
[V10b +2.7s taps=1] restore disabled?  true true
[V10b +2.8s taps=2] tap restore wrong
[V10b +4.3s taps=2] ERR: That key didn’t work. Check it and try again.

[V10b +4.4s taps=2] shot S52-wrong-key
[V9 +2.0s taps=1] tap gear
[V9 +2.5s taps=1] tap gear
[V11a +2.0s taps=1] tap reissue
[V11a +2.5s taps=2] tap confirm
[V11a +4.0s taps=2] key 7F46DJ1N5WDCM8NPNNXZD43J3PRQPTJX
[V11a +4.1s taps=3] tap saved
[V11a +8.3s taps=3] A year text: Year 2026 | 1 day · 0 clean · 1 with corrections | Jan | Feb | Mar | Apr | May | Jun | Jul | Aug | Sep | Oct | Nov | Dec | Solved | With help | Corrections | Unfinished | Missed | Today | Play | Year
[V11b +1.7s taps=1] tap gear
[V11b +2.3s taps=2] tap have key
[V11b +2.4s taps=2] typed:  7f46 dj1n 5wdc m8np nnxz d43j 3prq ptjx 
[V11b +2.5s taps=2] shot S53-key-typed
[V11b +2.6s taps=3] tap restore
[V11b +5.6s taps=3] RESULT:  | Today | Settings | Language | English | Українська | Русский | Recovery key | Progress restored. | Created | 2 Oct 2026 | Devices | 2 | Progress is saved. Enter the key on another phone to continue there. | Replace key | Unlink this device | Delete key and unlink all devices | Replacing the key makes the old one stop working. Deleting it changes nothing about the puzzles already on this phone. 
[V11b +5.7s taps=3] shot S54-restored
[V11b +7.2s taps=3] B year text: Year 2026 | 1 day · 0 clean · 1 with corrections | Jan | Feb | Mar | Apr | May | Jun | Jul | Aug | Sep | Oct | Nov | Dec | Solved | With help | Corrections | Unfinished | Missed | Today | Play | Year
[V11b +7.5s taps=3] shot S55-year-restored
[V11b +9.0s taps=3] B today: Today | Fri 2 Oct · Medium · 0:01 | 8 | 2 | 4 | 9 | 3 | 7 | 1 | 3 | 8 | 8 | 4 | 2 | 7 | 9 | 1 | 4 | 4 | 3 | 8 | 6 | 2 | 4 | 3 | 2 | 4 | 6 | 8 | 1 | 5 | 4 | Ink mode | Off | Choose before your first move. Not available once you have placed a digit. | 1 | 6 | 2 | 5 | 3 | 5 | 4 | 2 | 5 | 8 | 6 | 7 | 7 | 7 | 8 | 4 | 9 | 7 | Notes | Undo | Erase | Today | Play | Year
[V11b +12.7s taps=3] B settings after reload:  | Today | Settings | Language | English | Українська | Русский | Recovery key | Created | 2 Oct 2026 | Devices | 2 | Progress is saved. Enter the key on another phone to continue there. | Replace key | Unlink this device | Delete key and unlink all devices | Replacing the key makes the old one stop
[state-vet.json +1.9s taps=0] Year 2026 | 1 day · 0 clean · 1 with corrections | Jan | Feb | Mar | Apr | May | Jun | Jul | Aug | Sep | Oct | Nov | Dec | Solved | With help | Corrections | Unfinished | Missed | Today | Play | Year
[state-vet3.json +1.9s taps=0] Year 2026 | 1 day · 0 clean · 1 with corrections | Jan | Feb | Mar | Apr | May | Jun | Jul | Aug | Sep | Oct | Nov | Dec | Solved | With help | Corrections | Unfinished | Missed | Today | Play | Year
[V12 +1.8s taps=0] before: Year 2026 | 1 day · 0 clean · 1 with corrections | Jan | Feb | Mar | Apr | May | Jun | Jul | Aug | Sep | Oct | Nov | Dec
[V12 +3.3s taps=0] today before: Today | Fri 2 Oct · Medium | Your path | Every cell shaded by when you filled it. | Early | Late | Time | 0:49 | Corrections | 3 | Technique reached |
[V12 +4.8s taps=1] tap have key
[V12 +5.2s taps=2] tap restore
[V12 +8.2s taps=2] res:  | Today | Settings | Language | English | Українська | Русский | Recovery key | Progress restored. | Created | 2 Oct 20
[V12 +9.7s taps=2] year after: Year 2026 | 2 days · 0 clean · 2 with corrections | Jan | Feb | Mar | Apr | May | Jun | Jul | Aug | Sep | Oct | Nov | De
[V12 +11.3s taps=2] today after: Today | Fri 2 Oct · Medium | Your path | Every cell shaded by when you filled it. | Early | Late | Time | 0:49 | Corrections | 3 | Technique reached | Hidden Single | Watch your solve | Share | Puzzle
[V12 +11.5s taps=2] shot S56-merge-today
[C1-api-down +4.5s taps=0] text: Today | Fri 2 Oct · Medium · 0:02 | 8 | 2 | 4 | 9 | 3 | 7 | 1 | 3 | 8 | 8 | 4 | 2 | 7 | 9 | 1 | 4 | 4 | 3 | 8 | 6 | 2 | 4 | 3 | 2 | 4 | 6 | 8 | 1 | 5 | 4 | Ink mode | Off | Choose before your first move. Not available once you have placed a digit. | 1 | 6 | 2 | 5 | 3 | 5 | 4 | 2 | 5 | 8 | 6 | 7 | 7 
[C1-api-down +4.7s taps=0] shot S57-api-down-first
[C1-api-down +4.8s taps=0] givens: 30
[C1-api-down +5.3s taps=2] played ok; grid has digit: 5
[C1-api-down +5.4s taps=3] tap gear
[C1-api-down +6.2s taps=3] settings:  | Today | Settings | Language | English | Українська | Русский | Recovery key | I already have a key | Create key | No account, no email, no password. The key is the only way to bring progress back on another phone — or on this one after its data is cleared. | About | Pundoku, Version 0.1.0v0.1.0 | Today | Play | Year
[C1-api-down +6.3s taps=4] tap create key offline
[C1-api-down +8.3s taps=4] after create:  | Today | Settings | Language | English | Українська | Русский | Recovery key | Your key | YBDM | JE0J | E8TK | S1K6 | MJM6 | RDQ1 | HWZA | M25N | The key is shown this one time only. | Copy | Keep it somewhere safe. Without the key there is no way to bring progress back, and no way to recover the key itself. | Key saved | About | Pundoku, Version 0.1.0v0.1.0 | Today | Play | Year
[C1-api-down +8.4s taps=4] shot S58-create-key-offline
[C1b +2.5s taps=1] tap have key
[C1b +2.7s taps=2] tap restore offline
[C1b +4.7s taps=2] ERR: That key didn’t work. Check it and try again.

[C1-api-down +4.4s taps=0] text: Today | Fri 2 Oct · Medium · 0:03 | 8 | 2 | 4 | 9 | 3 | 7 | 1 | 3 | 8 | 8 | 4 | 2 | 7 | 9 | 1 | 4 | 4 | 3 | 8 | 6 | 2 | 4 | 3 | 2 | 4 | 6 | 8 | 1 | 5 | 4 | Ink mode | Off | Choose before your first move. Not available once you have placed a digit. | 1 | 6 | 2 | 5 | 3 | 5 | 4 | 2 | 5 | 8 | 6 | 7 | 7 
[C1-api-down +4.6s taps=0] shot S57-api-down-first
[C1-api-down +4.6s taps=0] givens: 30
[C1-api-down +5.0s taps=2] played ok; grid has digit: 5
[C1-api-down +5.2s taps=3] tap gear
[C1-api-down +6.0s taps=3] settings:  | Today | Settings | Language | English | Українська | Русский | Recovery key | Couldn’t check the recovery key. Check the connection. | Try again | About | Pundoku, Version 0.1.0v0.1.0 | Today | Play | Year
[C1-api-down +36.0s taps=4] no create locator.tap: Timeout 30000ms exceeded.
Call log:
[2m  - wai
[C1-api-down +38.0s taps=4] after create:  | Today | Settings | Language | English | Українська | Русский | Recovery key | Couldn’t check the recovery key. Check the connection. | Try again | About | Pundoku, Version 0.1.0v0.1.0 | Today | Play | Year
[C1-api-down +38.1s taps=4] shot S58-create-key-offline
[C1b +2.2s taps=1] tap have key
[C1b +2.4s taps=2] tap restore offline
[C1b +4.4s taps=2] ERR: No connection. Restoring needs the internet — try again once you’re back online.

[C2 +5.4s taps=17] status before: 46 cells left
[C2 +5.6s taps=17] shot S59-c2-before-lang
[C2 +5.8s taps=18] tap gear
[C2 +6.2s taps=19] tap uk
[C2 +6.7s taps=19] shot S60-settings-uk
[C2 +6.7s taps=19] uk settings:  | Сьогодні | Налаштування | Мова | English | Українська | Русский | Ключ відновлення | У мене вже є ключ | Створити ключ | Ні акаунта, ні пошти, ні пароля. Ключ — єдиний спосіб повернути прогрес на іншому телефоні або на цьому, якщо його дані буде стерто. | Про застосунок | Pundoku, Версія 0.1.0v0.
[C2 +6.8s taps=20] tap back
[C2 +7.7s taps=20] grid preserved: true
[C2 +7.7s taps=20] status after (uk): Залишилось 46 клітинок
[C2 +7.7s taps=20] TODAY uk text: Сьогодні | пт 2 жовт. · Середньо · 0:04 | 6 | 5 | 8 | 2 | 1 | 2 | 4 | 9 | 3 | 7 | 6 | 1 | 1 | 4 | 2 | 3 | 8 | 8 | 4 | 2 | 7 | 9 | 1 | 4 | 4 | 3 | 8 | 6 | 2 | 4 | 3 | 2 | 4 | 6 | 8 | 1 | 5 | 4 | Залишилось 46 клітинок | Сітка з генератора Pundoku | 1 | 5 | 2 | 4 | 3 | 5 | 4 | 1 | 5 | 7 | 6 | 6 | 7 | 7 | 8 | 4 | 9 | 7 | Нотатки | Скасувати | Стерти | Сьогодні | Гра | Рік
[C2 +7.8s taps=20] shot S61-today-uk-midgame
[C2 +7.8s taps=20] selected cell kept?  true
[C2 +7.9s taps=21] tap gear
[C2 +8.2s taps=22] tap ru
[C2 +8.3s taps=23] tap back
[C2 +8.8s taps=23] TODAY ru text: Сегодня | Пт 2 окт. · Средне · 0:05 | 6 | 5 | 8 | 2 | 1 | 2 | 4 | 9 | 3 | 7 | 6 | 1 | 1 | 4 | 2 | 3 | 8 | 8 | 4 | 2 | 7 | 9 | 1 | 4 | 4 | 3 | 8 | 6 | 2 | 4 | 3 | 2 | 4 | 6 | 8 | 1 | 5 | 4 | Осталось 46 клеток | Сетка из генератора Pundoku | 1 | 5 | 2 | 4 | 3 | 5 | 4 | 1 | 5 | 7 | 6 | 6 | 7 | 7 | 8 |
[C2 +9.0s taps=23] shot S62-today-ru
[C2 +9.1s taps=24] tap gear
[C2 +9.4s taps=25] tap en
[C2 +9.5s taps=26] tap back
[C2 +10.6s taps=26] shot S63-landscape
[C2 +10.6s taps=26] landscape geo: {"board":[64,883.96875,820],"pad":[912.96875,958.96875],"sh":393,"ih":393,"tabbar":329}
[C2 +11.2s taps=26] grid after rotate back preserved: true
[C2 +17.4s taps=26] timer before/after 5s background: 46 cells left -> 46 cells left
[C3 +2.0s taps=0] timer t0: 0:00
[C3 +11.6s taps=0] timer after 8s hidden (+1.5 visible): 0:02 (if timer paused: ~+1.5s)
[C3 +11.9s taps=0] double tap cell: selected? cell sel
[C3 +12.1s taps=0] after dbltap digit 6 cell: 0 (0/blank = erased by 2nd tap)
[C3 +12.8s taps=0] 12 taps in ms: 661 cell: 0
[C3 +12.9s taps=0] after 30 synthetic clicks; cell: 3 status: 51 cells left
[C3 +13.2s taps=1] start 1 after right+down sel: 11
[C3 +13.3s taps=1] kbd 5 -> grid at sel: 5
[C3 +13.4s taps=1] n,1,2,n pressed; text near cell: 5,
[C3 +13.7s taps=1] shot S64-keyboard
[C3 +15.6s taps=1] goBack from today after goto year->today: #/year
[C3 +15.7s taps=2] tap Play tab
[C3 +16.3s taps=3] tap Year tab
[C3 +17.4s taps=3] goBack after tab taps: #/today
[CAND +1.6s taps=0] empties 51 full candidates 169 taps for full notes (cell+digits) = 220 +1 mode
[C4 +1.7s taps=1] tap uk
[C4 +3.0s taps=1] year uk: Рік 2026 | 2 дні · 0 без правок · 2 з правками | Січ. | Лют. | Бер. | Квіт. | Трав. | Черв. | Лип. | Серп. | Вер. | Жовт. | Лист. | Груд. | Розв’язано | З підказкою | Правки | Не завершено | Пропущено | Сьогодні | Гра | Рік
[C4 +3.1s taps=1] shot S65-year-uk
[C4 +3.4s taps=2] tap Oct
[C4 +4.2s taps=2] month sheet: Рік 2026 | 2 дні · 0 без правок · 2 з правками | Січ. | Лют. | Бер. | Квіт. | Трав. | Черв. | Лип. | Серп. | Вер. | Жовт. | Лист. | Груд. | Розв’язано | З підказкою | Правки | Не завершено | Пропущено | Сьогодні | Гра | Рік | Жовтень 2026 | Готово | П | В | С | Ч | П | С | Н | 1 | 2 | 3 | 4 | 5 | 6 | 7 | 8 | 9 | 10 | 11 | 12 | 13 | 14 | 15 | 16 | 17 | 18 | 19 | 20 | 21 | 22 | 23 | 24 | 25 | 26 | 27 | 28 | 29 | 30 | 31 | розв’язано 1 із 31 дня, з правками — 1
[C4 +4.3s taps=2] shot S66-month-uk
[C5-webkit +4.7s taps=0] SW: active
[C5-webkit +4.9s taps=1] offline reload failed: page.reload: WebKit encountered an internal error
Call log:
[2m  - waiting for navigation until "lo
[C5-webkit +4.9s taps=1] offline reload ok: false
[C5-chromium +4.6s taps=0] SW: active
[C5-chromium +5.5s taps=1] offline reload ok: true
[C5-chromium +5.5s taps=1] text: Today | Fri 2 Oct · Medium · 0:00 | 8 | 2 | 4 | 9 | 3 | 7 | 1 | 3 | 8 | 8 | 4 | 2 | 7 | 9 | 1 | 4 | 4 | 3 | 8 | 6 | 2 | 
[C5-chromium +6.0s taps=2] tap Year offline
[C5-chromium +6.6s taps=2] year offline: Year | 2026 | Jan | Feb | Mar | Apr | May | Jun | Jul | Aug | Sep | Oct | Nov | 
[C5-chromium +6.7s taps=3] tap Play
[C5-chromium +7.3s taps=3] play offline: Play | A puzzle of your own, any time. | NEW PUZZLE | Difficulty | Medium | Easy | Medium | Hard | Expert | Master | Ink
[C5-chromium +7.5s taps=4] tap start
[C5-chromium +9.0s taps=4] play started? board: 81
[C5-chromium +10.1s taps=4] settings offline: Today | Settings | Language | English | Українська | Русский | Recovery key | Couldn’t check the recovery key. Check the connection. | Try again | About | Pundo
[C5-chromium +10.2s taps=4] shot S67-offline-chromium
[FIRST +2.2s taps=0] shot S00-first-launch
[PLAYSOLVE +1.5s taps=1] tap difficulty row
[PLAYSOLVE +1.7s taps=1] tap Start
[PLAYSOLVE +27.5s taps=87] TEXT: Play | Fri 2 Oct · Easy · 0:23 | Solved | Every cell shaded by when you filled it. | Early | Late | Time | 0:23 | Corrections | clean | Technique reached | Naked Single | Share | New game | Today | Play | Year
[PLAYSOLVE +27.7s taps=87] shot S68-play-solved
[PLAYSOLVE +27.7s taps=87] New game btn: 1
[PLAYSOLVE +27.8s taps=88] tap New game
[PLAYSOLVE +28.6s taps=88] after new game: Play | A puzzle of your own, any time. | NEW PUZZLE | Difficulty | Easy | Ink mode | Off | In ink mode there is no undo and no eraser for digits. | Start | Today | Play | Year
