PASS  cr-390-light-en хаб: Классика, Чернила, Лжец, Мелодия, Фонарь, Глифы  mode-classic,mode-ink,mode-liar,mode-melody,mode-lantern,mode-glyphs
PASS  cr-390-light-en строка списка: первое предложение правила  Your digits and notes show only in the row, column and box of the selected cell.
PASS  cr-390-light-en шит: правило §6 целиком  Your digits and notes show only in the row, column and box of the selected cell. Givens stay visible. Touch and hold the board to see it all.
PASS  cr-390-light-en партия: настоящая генерация  1036 мс
PASS  cr-390-light-en старт: темно, строка «нет выбора», чип «Lantern»  {"l":"dark","sh":81,"s":"dark"}
PASS  cr-390-light-en нет выбора: строка без переполнения, подпись в одну строку, поле ≥ 150  {"field":358,"subOver":false,"over":false,"ell":false,"lines":1,"done":null,"text":"Tap a cell to light its row, column and box."}
PASS  cr-390-light-en свет = строка/столбец/блок центра (21), остальное в тени (60)
PASS  cr-390-light-en утечки: размытое содержимое aria-hidden, нет title, подписи без цифр, один filter blur+opacity ≤ 0.32
PASS  cr-390-light-en туман: размыты свои цифры и заметки; вне тени и у подсказок filter нет  {"d":13,"m":1,"f":0,"g":0}
PASS  cr-390-light-en глиф нечитаем: blur ≥ 0.17 кегля цифры, ≈ 0.11 стороны клетки (масштаб с полем)  {"font":0.177,"cell":0.11}
PASS  cr-390-light-en поле без выделения текста (user-select: none)  none
PASS  cr-390-light-en VoiceOver: «in shadow» / «notes, in shadow»  Row 1, column 1, in shadow | Row 2, column 1, notes, in shadow
PASS  cr-390-light-en переход света 160 мс (только opacity)  0.16s
PASS  cr-390-light-en свет: строка «осталось N», подпись без переполнения  25 cells left
PASS  cr-390-light-en свет в углу
PASS  cr-390-light-en удержание: 0,3 с — ещё нет, 0,7 с — осмотр  lit → inspect
PASS  cr-390-light-en осмотр b: тень помечена is-peek (60), свет как был (21), тумана нет
PASS  cr-390-light-en осмотр b: своя цифра тени читается (1), контраст ≥ 4.5:1, ореол тумана  {"ratio":4.949852361150993,"text":"1","halo":true,"color":"color(srgb 0.369725 0.411529 0.745961)"}
PASS  cr-390-light-en удержание: чип «Inspecting», строка удержания
PASS  cr-390-light-en удержание: строка и подпись без переполнения  {"field":358,"subOver":false,"over":false,"ell":false,"lines":1,"done":null,"text":"Inspecting the board — lift your finger to return"}
PASS  cr-390-light-en отпустил — туман вернулся, фонарь на месте  sel=40
PASS  cr-390-light-en ⋯ → осмотр: строка «осмотр» + «Готово», чип «Inspecting»  Inspecting the board Done
PASS  cr-390-light-en «Готово» ≥ 44 pt, не налезает на поле/пад, строка/подпись без переполнения  {"field":358,"subOver":false,"over":false,"ell":false,"lines":1,"done":{"h":44,"w":67,"clearBoard":true,"clearPad":true},"text":"Inspecting the board Done"}
PASS  cr-390-light-en «Готово» — туман вернулся
PASS  cr-390-light-en замер кадров (см. pd216-perf.json)  {"classic":{"med":40.8,"p90":73.9,"max":184.5},"blur":{"med":122.5,"p90":221.2,"max":314.9},"noBlur":{"med":87.4,"p90":173.5,"max":211.3},"peek":{"med":52.9,"p90":83.8,"max":100.2},"toggle":40.9}
PASS  cr-390-light-en консоль чистая
PASS  cr-390-dark-ru строка списка: первое предложение правила  Ваши цифры и заметки видны только в строке, столбце и блоке выбранной клетки.
PASS  cr-390-dark-ru шит: правило §6 целиком  Ваши цифры и заметки видны только в строке, столбце и блоке выбранной клетки. Данные цифры видны всегда. Удерживайте палец на поле, чтобы увидеть всё.
PASS  cr-390-dark-ru партия: настоящая генерация  1261 мс
PASS  cr-390-dark-ru старт: темно, строка «нет выбора», чип «Фонарь»  {"l":"dark","sh":81,"s":"dark"}
PASS  cr-390-dark-ru нет выбора: строка без переполнения, подпись в одну строку, поле ≥ 150  {"field":358,"subOver":false,"over":false,"ell":false,"lines":2,"done":null,"text":"Коснитесь клетки — загорятся её строка, столбец и блок."}
PASS  cr-390-dark-ru свет = строка/столбец/блок центра (21), остальное в тени (60)
PASS  cr-390-dark-ru утечки: размытое содержимое aria-hidden, нет title, подписи без цифр, один filter blur+opacity ≤ 0.32
PASS  cr-390-dark-ru туман: размыты свои цифры и заметки; вне тени и у подсказок filter нет  {"d":14,"m":4,"f":0,"g":0}
PASS  cr-390-dark-ru глиф нечитаем: blur ≥ 0.17 кегля цифры, ≈ 0.11 стороны клетки (масштаб с полем)  {"font":0.177,"cell":0.11}
PASS  cr-390-dark-ru поле без выделения текста (user-select: none)  none
PASS  cr-390-dark-ru VoiceOver: «в тени» / «заметки, в тени»  Строка 1, столбец 1, в тени | Строка 2, столбец 1, заметки, в тени
PASS  cr-390-dark-ru переход света 160 мс (только opacity)  0.16s
PASS  cr-390-dark-ru свет: строка «осталось N», подпись без переполнения  Осталось 25 клеток
PASS  cr-390-dark-ru свет в углу
PASS  cr-390-dark-ru удержание: 0,3 с — ещё нет, 0,7 с — осмотр  lit → inspect
PASS  cr-390-dark-ru осмотр b: тень помечена is-peek (60), свет как был (21), тумана нет
PASS  cr-390-dark-ru осмотр b: своя цифра тени читается (4), контраст ≥ 4.5:1, ореол тумана  {"ratio":4.749715024672166,"text":"4","halo":true,"color":"color(srgb 0.469961 0.502118 0.841176)"}
PASS  cr-390-dark-ru удержание: чип «Осмотр», строка удержания
PASS  cr-390-dark-ru удержание: строка и подпись без переполнения  {"field":358,"subOver":false,"over":false,"ell":false,"lines":2,"done":null,"text":"Осмотр доски — отпустите палец, чтобы вернуться"}
PASS  cr-390-dark-ru отпустил — туман вернулся, фонарь на месте  sel=40
PASS  cr-390-dark-ru ⋯ → осмотр: строка «осмотр» + «Готово», чип «Осмотр»  Осмотр доски Готово
PASS  cr-390-dark-ru «Готово» ≥ 44 pt, не налезает на поле/пад, строка/подпись без переполнения  {"field":358,"subOver":false,"over":false,"ell":false,"lines":1,"done":{"h":44,"w":79,"clearBoard":true,"clearPad":true},"text":"Осмотр доски Готово"}
PASS  cr-390-dark-ru «Готово» — туман вернулся
PASS  cr-390-dark-ru консоль чистая
PASS  cr-320-light-uk строка списка: первое предложение правила  Ваші цифри й нотатки видно лише в рядку, стовпці та блоці вибраної клітинки.
PASS  cr-320-light-uk шит: правило §6 целиком  Ваші цифри й нотатки видно лише в рядку, стовпці та блоці вибраної клітинки. Дані цифри видно завжди. Утримуйте палець на полі, щоб побачити все.
PASS  cr-320-light-uk партия: настоящая генерация  1101 мс
PASS  cr-320-light-uk старт: темно, строка «нет выбора», чип «Ліхтар»  {"l":"dark","sh":81,"s":"dark"}
PASS  cr-320-light-uk нет выбора: строка без переполнения, подпись в одну строку, поле ≥ 150  {"field":242,"subOver":false,"over":false,"ell":false,"lines":2,"done":null,"text":"Торкніться клітинки — засвітяться її рядок, стовпець і блок."}
PASS  cr-320-light-uk свет = строка/столбец/блок центра (21), остальное в тени (60)
PASS  cr-320-light-uk утечки: размытое содержимое aria-hidden, нет title, подписи без цифр, один filter blur+opacity ≤ 0.32
PASS  cr-320-light-uk туман: размыты свои цифры и заметки; вне тени и у подсказок filter нет  {"d":13,"m":2,"f":0,"g":0}
PASS  cr-320-light-uk глиф нечитаем: blur ≥ 0.17 кегля цифры, ≈ 0.11 стороны клетки (масштаб с полем)  {"font":0.177,"cell":0.11}
PASS  cr-320-light-uk поле без выделения текста (user-select: none)  none
PASS  cr-320-light-uk VoiceOver: «у тіні» / «нотатки, у тіні»  Рядок 1, стовпець 1, у тіні | Рядок 2, стовпець 2, нотатки, у тіні
PASS  cr-320-light-uk переход света 160 мс (только opacity)  0.16s
PASS  cr-320-light-uk свет: строка «осталось N», подпись без переполнения  Залишилось 25 клітинок
PASS  cr-320-light-uk свет в углу
PASS  cr-320-light-uk удержание: 0,3 с — ещё нет, 0,7 с — осмотр  lit → inspect
PASS  cr-320-light-uk осмотр b: тень помечена is-peek (60), свет как был (21), тумана нет
PASS  cr-320-light-uk осмотр b: своя цифра тени читается (3), контраст ≥ 4.5:1, ореол тумана  {"ratio":4.949852361150993,"text":"3","halo":true,"color":"color(srgb 0.369725 0.411529 0.745961)"}
PASS  cr-320-light-uk удержание: чип «Огляд», строка удержания
PASS  cr-320-light-uk удержание: строка и подпись без переполнения  {"field":242,"subOver":false,"over":false,"ell":false,"lines":2,"done":null,"text":"Огляд дошки — відпустіть палець, щоб повернутися"}
PASS  cr-320-light-uk отпустил — туман вернулся, фонарь на месте  sel=40
PASS  cr-320-light-uk ⋯ → осмотр: строка «осмотр» + «Готово», чип «Огляд»  Огляд дошки Готово
PASS  cr-320-light-uk «Готово» ≥ 44 pt, не налезает на поле/пад, строка/подпись без переполнения  {"field":242,"subOver":false,"over":false,"ell":false,"lines":1,"done":{"h":44,"w":79,"clearBoard":true,"clearPad":true},"text":"Огляд дошки Готово"}
PASS  cr-320-light-uk «Готово» — туман вернулся
PASS  cr-320-light-uk консоль чистая
PASS  cr-320-light-ru-ax3 строка списка: первое предложение правила  Ваши цифры и заметки видны только в строке, столбце и блоке выбранной клетки.
PASS  cr-320-light-ru-ax3 шит: правило §6 целиком  Ваши цифры и заметки видны только в строке, столбце и блоке выбранной клетки. Данные цифры видны всегда. Удерживайте палец на поле, чтобы увидеть всё.
PASS  cr-320-light-ru-ax3 партия: настоящая генерация  1187 мс
PASS  cr-320-light-ru-ax3 старт: темно, строка «нет выбора», чип «Фонарь»  {"l":"dark","sh":81,"s":"dark"}
PASS  cr-320-light-ru-ax3 нет выбора: строка без переполнения, подпись в одну строку, поле ≥ 150  {"field":169,"subOver":false,"over":false,"ell":true,"lines":1,"done":null,"text":"Коснитесь клетки — загорятся её строка, столбец и блок. Коснитесь клетки"}
PASS  cr-320-light-ru-ax3 свет = строка/столбец/блок центра (21), остальное в тени (60)
PASS  cr-320-light-ru-ax3 утечки: размытое содержимое aria-hidden, нет title, подписи без цифр, один filter blur+opacity ≤ 0.32
PASS  cr-320-light-ru-ax3 туман: размыты свои цифры и заметки; вне тени и у подсказок filter нет  {"d":13,"m":2,"f":0,"g":0}
PASS  cr-320-light-ru-ax3 глиф нечитаем: blur ≥ 0.17 кегля цифры, ≈ 0.11 стороны клетки (масштаб с полем)  {"font":0.177,"cell":0.11}
PASS  cr-320-light-ru-ax3 поле без выделения текста (user-select: none)  none
PASS  cr-320-light-ru-ax3 VoiceOver: «в тени» / «заметки, в тени»  Строка 1, столбец 1, в тени | Строка 3, столбец 2, заметки, в тени
PASS  cr-320-light-ru-ax3 переход света 160 мс (только opacity)  0.16s
PASS  cr-320-light-ru-ax3 свет: строка «осталось N», подпись без переполнения  Осталось 25 клеток Осталось 25
PASS  cr-320-light-ru-ax3 свет в углу
PASS  cr-320-light-ru-ax3 удержание: 0,3 с — ещё нет, 0,7 с — осмотр  lit → inspect
PASS  cr-320-light-ru-ax3 осмотр b: тень помечена is-peek (60), свет как был (21), тумана нет
PASS  cr-320-light-ru-ax3 осмотр b: своя цифра тени читается (6), контраст ≥ 4.5:1, ореол тумана  {"ratio":4.949852361150993,"text":"6","halo":true,"color":"color(srgb 0.369725 0.411529 0.745961)"}
PASS  cr-320-light-ru-ax3 удержание: чип «Осмотр», строка удержания
PASS  cr-320-light-ru-ax3 удержание: строка и подпись без переполнения  {"field":169,"subOver":false,"over":false,"ell":false,"lines":1,"done":null,"text":"Осмотр доски — отпустите палец, чтобы вернуться Осмотр"}
PASS  cr-320-light-ru-ax3 отпустил — туман вернулся, фонарь на месте  sel=40
PASS  cr-320-light-ru-ax3 ⋯ → осмотр: строка «осмотр» + «Готово», чип «Осмотр»  Осмотр доски Готово
PASS  cr-320-light-ru-ax3 «Готово» ≥ 44 pt, не налезает на поле/пад, строка/подпись без переполнения  {"field":169,"subOver":false,"over":false,"ell":false,"lines":1,"done":{"h":46,"w":145,"clearBoard":true,"clearPad":true},"text":"Осмотр доски Готово"}
PASS  cr-320-light-ru-ax3 «Готово» — туман вернулся
PASS  cr-320-light-ru-ax3 консоль чистая
PASS  cr-320-dark-uk-ax3 строка списка: первое предложение правила  Ваші цифри й нотатки видно лише в рядку, стовпці та блоці вибраної клітинки.
PASS  cr-320-dark-uk-ax3 шит: правило §6 целиком  Ваші цифри й нотатки видно лише в рядку, стовпці та блоці вибраної клітинки. Дані цифри видно завжди. Утримуйте палець на полі, щоб побачити все.
PASS  cr-320-dark-uk-ax3 партия: настоящая генерация  1179 мс
PASS  cr-320-dark-uk-ax3 старт: темно, строка «нет выбора», чип «Ліхтар»  {"l":"dark","sh":81,"s":"dark"}
PASS  cr-320-dark-uk-ax3 нет выбора: строка без переполнения, подпись в одну строку, поле ≥ 150  {"field":169,"subOver":false,"over":false,"ell":true,"lines":1,"done":null,"text":"Торкніться клітинки — засвітяться її рядок, стовпець і блок. Торкніться клітинки"}
PASS  cr-320-dark-uk-ax3 свет = строка/столбец/блок центра (21), остальное в тени (60)
PASS  cr-320-dark-uk-ax3 утечки: размытое содержимое aria-hidden, нет title, подписи без цифр, один filter blur+opacity ≤ 0.32
PASS  cr-320-dark-uk-ax3 туман: размыты свои цифры и заметки; вне тени и у подсказок filter нет  {"d":13,"m":2,"f":0,"g":0}
PASS  cr-320-dark-uk-ax3 глиф нечитаем: blur ≥ 0.17 кегля цифры, ≈ 0.11 стороны клетки (масштаб с полем)  {"font":0.177,"cell":0.11}
PASS  cr-320-dark-uk-ax3 поле без выделения текста (user-select: none)  none
PASS  cr-320-dark-uk-ax3 VoiceOver: «у тіні» / «нотатки, у тіні»  Рядок 1, стовпець 2, у тіні | Рядок 6, стовпець 1, нотатки, у тіні
PASS  cr-320-dark-uk-ax3 переход света 160 мс (только opacity)  0.16s
PASS  cr-320-dark-uk-ax3 свет: строка «осталось N», подпись без переполнения  Залишилось 25 клітинок Залишилось 25
PASS  cr-320-dark-uk-ax3 свет в углу
PASS  cr-320-dark-uk-ax3 удержание: 0,3 с — ещё нет, 0,7 с — осмотр  lit → inspect
PASS  cr-320-dark-uk-ax3 осмотр b: тень помечена is-peek (60), свет как был (21), тумана нет
PASS  cr-320-dark-uk-ax3 осмотр b: своя цифра тени читается (4), контраст ≥ 4.5:1, ореол тумана  {"ratio":4.749715024672166,"text":"4","halo":true,"color":"color(srgb 0.469961 0.502118 0.841176)"}
PASS  cr-320-dark-uk-ax3 удержание: чип «Огляд», строка удержания
PASS  cr-320-dark-uk-ax3 удержание: строка и подпись без переполнения  {"field":169,"subOver":false,"over":false,"ell":false,"lines":1,"done":null,"text":"Огляд дошки — відпустіть палець, щоб повернутися Огляд"}
PASS  cr-320-dark-uk-ax3 отпустил — туман вернулся, фонарь на месте  sel=40
PASS  cr-320-dark-uk-ax3 ⋯ → осмотр: строка «осмотр» + «Готово», чип «Огляд»  Огляд дошки Готово
PASS  cr-320-dark-uk-ax3 «Готово» ≥ 44 pt, не налезает на поле/пад, строка/подпись без переполнения  {"field":169,"subOver":false,"over":false,"ell":false,"lines":1,"done":{"h":46,"w":145,"clearBoard":true,"clearPad":true},"text":"Огляд дошки Готово"}
PASS  cr-320-dark-uk-ax3 «Готово» — туман вернулся
PASS  cr-320-dark-uk-ax3 консоль чистая
PASS  cr-390-light-en-ax3 строка списка: первое предложение правила  Your digits and notes show only in the row, column and box of the selected cell.
PASS  cr-390-light-en-ax3 шит: правило §6 целиком  Your digits and notes show only in the row, column and box of the selected cell. Givens stay visible. Touch and hold the board to see it all.
PASS  cr-390-light-en-ax3 партия: настоящая генерация  1249 мс
PASS  cr-390-light-en-ax3 старт: темно, строка «нет выбора», чип «Lantern»  {"l":"dark","sh":81,"s":"dark"}
PASS  cr-390-light-en-ax3 нет выбора: строка без переполнения, подпись в одну строку, поле ≥ 150  {"field":358,"subOver":false,"over":false,"ell":false,"lines":1,"done":null,"text":"Tap a cell to light its row, column and box. Tap a cell"}
PASS  cr-390-light-en-ax3 свет = строка/столбец/блок центра (21), остальное в тени (60)
PASS  cr-390-light-en-ax3 утечки: размытое содержимое aria-hidden, нет title, подписи без цифр, один filter blur+opacity ≤ 0.32
PASS  cr-390-light-en-ax3 туман: размыты свои цифры и заметки; вне тени и у подсказок filter нет  {"d":13,"m":3,"f":0,"g":0}
PASS  cr-390-light-en-ax3 глиф нечитаем: blur ≥ 0.17 кегля цифры, ≈ 0.11 стороны клетки (масштаб с полем)  {"font":0.177,"cell":0.11}
PASS  cr-390-light-en-ax3 поле без выделения текста (user-select: none)  none
PASS  cr-390-light-en-ax3 VoiceOver: «in shadow» / «notes, in shadow»  Row 1, column 1, in shadow | Row 2, column 1, notes, in shadow
PASS  cr-390-light-en-ax3 переход света 160 мс (только opacity)  0.16s
PASS  cr-390-light-en-ax3 свет: строка «осталось N», подпись без переполнения  25 cells left 25 left
PASS  cr-390-light-en-ax3 свет в углу
PASS  cr-390-light-en-ax3 удержание: 0,3 с — ещё нет, 0,7 с — осмотр  lit → inspect
PASS  cr-390-light-en-ax3 осмотр b: тень помечена is-peek (60), свет как был (21), тумана нет
PASS  cr-390-light-en-ax3 осмотр b: своя цифра тени читается (8), контраст ≥ 4.5:1, ореол тумана  {"ratio":4.949852361150993,"text":"8","halo":true,"color":"color(srgb 0.369725 0.411529 0.745961)"}
PASS  cr-390-light-en-ax3 удержание: чип «Inspecting», строка удержания
PASS  cr-390-light-en-ax3 удержание: строка и подпись без переполнения  {"field":358,"subOver":false,"over":false,"ell":false,"lines":1,"done":null,"text":"Inspecting the board — lift your finger to return Inspecting"}
PASS  cr-390-light-en-ax3 отпустил — туман вернулся, фонарь на месте  sel=40
PASS  cr-390-light-en-ax3 ⋯ → осмотр: строка «осмотр» + «Готово», чип «Inspecting»  Inspecting the board Done
PASS  cr-390-light-en-ax3 «Готово» ≥ 44 pt, не налезает на поле/пад, строка/подпись без переполнения  {"field":358,"subOver":false,"over":false,"ell":false,"lines":1,"done":{"h":46,"w":116,"clearBoard":true,"clearPad":true},"text":"Inspecting the board Done"}
PASS  cr-390-light-en-ax3 «Готово» — туман вернулся
PASS  cr-390-light-en-ax3 консоль чистая
PASS  cr-390-dark-en-rm строка списка: первое предложение правила  Your digits and notes show only in the row, column and box of the selected cell.
PASS  cr-390-dark-en-rm шит: правило §6 целиком  Your digits and notes show only in the row, column and box of the selected cell. Givens stay visible. Touch and hold the board to see it all.
PASS  cr-390-dark-en-rm партия: настоящая генерация  1428 мс
PASS  cr-390-dark-en-rm старт: темно, строка «нет выбора», чип «Lantern»  {"l":"dark","sh":81,"s":"dark"}
PASS  cr-390-dark-en-rm нет выбора: строка без переполнения, подпись в одну строку, поле ≥ 150  {"field":358,"subOver":false,"over":false,"ell":false,"lines":1,"done":null,"text":"Tap a cell to light its row, column and box."}
PASS  cr-390-dark-en-rm свет = строка/столбец/блок центра (21), остальное в тени (60)
PASS  cr-390-dark-en-rm утечки: размытое содержимое aria-hidden, нет title, подписи без цифр, один filter blur+opacity ≤ 0.32
PASS  cr-390-dark-en-rm туман: размыты свои цифры и заметки; вне тени и у подсказок filter нет  {"d":15,"m":2,"f":0,"g":0}
PASS  cr-390-dark-en-rm глиф нечитаем: blur ≥ 0.17 кегля цифры, ≈ 0.11 стороны клетки (масштаб с полем)  {"font":0.177,"cell":0.11}
PASS  cr-390-dark-en-rm поле без выделения текста (user-select: none)  none
PASS  cr-390-dark-en-rm VoiceOver: «in shadow» / «notes, in shadow»  Row 1, column 1, in shadow | Row 3, column 1, notes, in shadow
PASS  cr-390-dark-en-rm Reduce Motion: переход света 0 с  0s
PASS  cr-390-dark-en-rm свет: строка «осталось N», подпись без переполнения  25 cells left
PASS  cr-390-dark-en-rm свет в углу
PASS  cr-390-dark-en-rm удержание: 0,3 с — ещё нет, 0,7 с — осмотр  lit → inspect
PASS  cr-390-dark-en-rm осмотр b: тень помечена is-peek (60), свет как был (21), тумана нет
PASS  cr-390-dark-en-rm осмотр b: своя цифра тени читается (4), контраст ≥ 4.5:1, ореол тумана  {"ratio":4.749715024672166,"text":"4","halo":true,"color":"color(srgb 0.469961 0.502118 0.841176)"}
PASS  cr-390-dark-en-rm удержание: чип «Inspecting», строка удержания
PASS  cr-390-dark-en-rm удержание: строка и подпись без переполнения  {"field":358,"subOver":false,"over":false,"ell":false,"lines":1,"done":null,"text":"Inspecting the board — lift your finger to return"}
PASS  cr-390-dark-en-rm отпустил — туман вернулся, фонарь на месте  sel=40
PASS  cr-390-dark-en-rm ⋯ → осмотр: строка «осмотр» + «Готово», чип «Inspecting»  Inspecting the board Done
PASS  cr-390-dark-en-rm «Готово» ≥ 44 pt, не налезает на поле/пад, строка/подпись без переполнения  {"field":358,"subOver":false,"over":false,"ell":false,"lines":1,"done":{"h":44,"w":67,"clearBoard":true,"clearPad":true},"text":"Inspecting the board Done"}
PASS  cr-390-dark-en-rm «Готово» — туман вернулся
PASS  cr-390-dark-en-rm консоль чистая
PASS  cr-390-light-en Year A: у дня Фонаря на полотне нет своего знака (как у обычного)  ymark is-solved | ymark is-solved
PASS  cr-390-light-en лист дня: «Mode · Lantern»  Mode · Lantern
PASS  cr-390-light-en обычный день — без строки режима
PASS  cr-390-light-en Year: консоль чистая
PASS  cr-390-dark-ru Year A: у дня Фонаря на полотне нет своего знака (как у обычного)  ymark is-solved | ymark is-solved
PASS  cr-390-dark-ru лист дня: «Режим · Фонарь»  Режим · Фонарь
PASS  cr-390-dark-ru обычный день — без строки режима
PASS  cr-390-dark-ru Year: консоль чистая
PASS  cr-320-light-uk-ax3 Year A: у дня Фонаря на полотне нет своего знака (как у обычного)  ymark is-solved | ymark is-solved
PASS  cr-320-light-uk-ax3 лист дня: «Режим · Ліхтар»  Режим · Ліхтар
PASS  cr-320-light-uk-ax3 обычный день — без строки режима
PASS  cr-320-light-uk-ax3 Year: консоль чистая
PASS  cr-390-light-en без выделения: строки режимов, таб-бар, кнопки шапки  {"n":10,"bad":0}
PASS  cr-390-light-en без выделения: поле, клетки, пад, Notes/Undo/Erase, таб-бар, шапка  {"n":100,"bad":0}
PASS  cr-390-light-en удержание клетки: выделения нет  ""
PASS  cr-390-light-en удержание клавиши пада: выделения нет  ""
PASS  cr-390-light-en двойной клик по клавише: выделения нет
PASS  cr-390-light-en поля ввода выделение сохраняют (проверочное поле)  {"injected":true,"ok":true}
PASS  cr-390-light-en без выделения: консоль чистая

189/189 PASS
